Archive member included to satisfy reference by file (symbol)

c:/program files (x86)/atmel/studio/7.0/toolchain/avr8/avr8-gnu-toolchain/bin/../lib/gcc/avr/4.9.2/../../../../avr/lib/avr51\libm.a(addsf3.o)
                              MMA8451.o (__addsf3)
c:/program files (x86)/atmel/studio/7.0/toolchain/avr8/avr8-gnu-toolchain/bin/../lib/gcc/avr/4.9.2/../../../../avr/lib/avr51\libm.a(addsf3x.o)
                              c:/program files (x86)/atmel/studio/7.0/toolchain/avr8/avr8-gnu-toolchain/bin/../lib/gcc/avr/4.9.2/../../../../avr/lib/avr51\libm.a(addsf3.o) (__addsf3x)
c:/program files (x86)/atmel/studio/7.0/toolchain/avr8/avr8-gnu-toolchain/bin/../lib/gcc/avr/4.9.2/../../../../avr/lib/avr51\libm.a(atan2.o)
                              MMA8451.o (atan2)
c:/program files (x86)/atmel/studio/7.0/toolchain/avr8/avr8-gnu-toolchain/bin/../lib/gcc/avr/4.9.2/../../../../avr/lib/avr51\libm.a(atan.o)
                              c:/program files (x86)/atmel/studio/7.0/toolchain/avr8/avr8-gnu-toolchain/bin/../lib/gcc/avr/4.9.2/../../../../avr/lib/avr51\libm.a(atan2.o) (atan)
c:/program files (x86)/atmel/studio/7.0/toolchain/avr8/avr8-gnu-toolchain/bin/../lib/gcc/avr/4.9.2/../../../../avr/lib/avr51\libm.a(cmpsf2.o)
                              i2cmaster.o (__ltsf2)
c:/program files (x86)/atmel/studio/7.0/toolchain/avr8/avr8-gnu-toolchain/bin/../lib/gcc/avr/4.9.2/../../../../avr/lib/avr51\libm.a(divsf3.o)
                              i2cmaster.o (__divsf3)
c:/program files (x86)/atmel/studio/7.0/toolchain/avr8/avr8-gnu-toolchain/bin/../lib/gcc/avr/4.9.2/../../../../avr/lib/avr51\libm.a(divsf3x.o)
                              c:/program files (x86)/atmel/studio/7.0/toolchain/avr8/avr8-gnu-toolchain/bin/../lib/gcc/avr/4.9.2/../../../../avr/lib/avr51\libm.a(divsf3.o) (__divsf3x)
c:/program files (x86)/atmel/studio/7.0/toolchain/avr8/avr8-gnu-toolchain/bin/../lib/gcc/avr/4.9.2/../../../../avr/lib/avr51\libm.a(fixsfsi.o)
                              CSerial.o (__fixsfsi)
c:/program files (x86)/atmel/studio/7.0/toolchain/avr8/avr8-gnu-toolchain/bin/../lib/gcc/avr/4.9.2/../../../../avr/lib/avr51\libm.a(fixunssfsi.o)
                              i2cmaster.o (__fixunssfsi)
c:/program files (x86)/atmel/studio/7.0/toolchain/avr8/avr8-gnu-toolchain/bin/../lib/gcc/avr/4.9.2/../../../../avr/lib/avr51\libm.a(floatsisf.o)
                              MMA8451.o (__floatsisf)
c:/program files (x86)/atmel/studio/7.0/toolchain/avr8/avr8-gnu-toolchain/bin/../lib/gcc/avr/4.9.2/../../../../avr/lib/avr51\libm.a(fp_cmp.o)
                              c:/program files (x86)/atmel/studio/7.0/toolchain/avr8/avr8-gnu-toolchain/bin/../lib/gcc/avr/4.9.2/../../../../avr/lib/avr51\libm.a(cmpsf2.o) (__fp_cmp)
c:/program files (x86)/atmel/studio/7.0/toolchain/avr8/avr8-gnu-toolchain/bin/../lib/gcc/avr/4.9.2/../../../../avr/lib/avr51\libm.a(fp_inf.o)
                              c:/program files (x86)/atmel/studio/7.0/toolchain/avr8/avr8-gnu-toolchain/bin/../lib/gcc/avr/4.9.2/../../../../avr/lib/avr51\libm.a(addsf3x.o) (__fp_inf)
c:/program files (x86)/atmel/studio/7.0/toolchain/avr8/avr8-gnu-toolchain/bin/../lib/gcc/avr/4.9.2/../../../../avr/lib/avr51\libm.a(fp_nan.o)
                              c:/program files (x86)/atmel/studio/7.0/toolchain/avr8/avr8-gnu-toolchain/bin/../lib/gcc/avr/4.9.2/../../../../avr/lib/avr51\libm.a(addsf3x.o) (__fp_nan)
c:/program files (x86)/atmel/studio/7.0/toolchain/avr8/avr8-gnu-toolchain/bin/../lib/gcc/avr/4.9.2/../../../../avr/lib/avr51\libm.a(fp_powser.o)
                              c:/program files (x86)/atmel/studio/7.0/toolchain/avr8/avr8-gnu-toolchain/bin/../lib/gcc/avr/4.9.2/../../../../avr/lib/avr51\libm.a(atan.o) (__fp_powser)
c:/program files (x86)/atmel/studio/7.0/toolchain/avr8/avr8-gnu-toolchain/bin/../lib/gcc/avr/4.9.2/../../../../avr/lib/avr51\libm.a(fp_pscA.o)
                              c:/program files (x86)/atmel/studio/7.0/toolchain/avr8/avr8-gnu-toolchain/bin/../lib/gcc/avr/4.9.2/../../../../avr/lib/avr51\libm.a(addsf3x.o) (__fp_pscA)
c:/program files (x86)/atmel/studio/7.0/toolchain/avr8/avr8-gnu-toolchain/bin/../lib/gcc/avr/4.9.2/../../../../avr/lib/avr51\libm.a(fp_pscB.o)
                              c:/program files (x86)/atmel/studio/7.0/toolchain/avr8/avr8-gnu-toolchain/bin/../lib/gcc/avr/4.9.2/../../../../avr/lib/avr51\libm.a(addsf3x.o) (__fp_pscB)
c:/program files (x86)/atmel/studio/7.0/toolchain/avr8/avr8-gnu-toolchain/bin/../lib/gcc/avr/4.9.2/../../../../avr/lib/avr51\libm.a(fp_round.o)
                              c:/program files (x86)/atmel/studio/7.0/toolchain/avr8/avr8-gnu-toolchain/bin/../lib/gcc/avr/4.9.2/../../../../avr/lib/avr51\libm.a(addsf3.o) (__fp_round)
c:/program files (x86)/atmel/studio/7.0/toolchain/avr8/avr8-gnu-toolchain/bin/../lib/gcc/avr/4.9.2/../../../../avr/lib/avr51\libm.a(fp_split3.o)
[...]
Memory Configuration

Name             Origin             Length             Attributes
text             0x00000000         0x00020000         xr
data             0x00800100         0x0000ff00         rw !x
eeprom           0x00810000         0x00010000         rw !x
fuse             0x00820000         0x00000400         rw !x
lock             0x00830000         0x00000400         rw !x
signature        0x00840000         0x00000400         rw !x
user_signatures  0x00850000         0x00000400         rw !x
*default*        0x00000000         0xffffffff

Linker script and memory map

Address of section .data set to 0x800100
LOAD C:/Program Files (x86)/Atmel/Studio/7.0/Packs/atmel/ATmega_DFP/1.0.106/gcc/dev/atmega1284/avr51/crtatmega1284.o
LOAD CADC.o
LOAD CController.o
LOAD CDigital.o
LOAD Cio.o
LOAD CLedDriver.o
LOAD CLeds.o
LOAD corner.o
LOAD CTimer.o
LOAD Debounced.o
LOAD fsm/Camp.o
LOAD fsm/CampCal.o
LOAD fsm/Dance.o
LOAD fsm/ManualCal.o
LOAD fsm/TravelCal.o
LOAD fsm/Manual.o
LOAD fsm/Travel.o
LOAD i2cmaster.o
LOAD MicroLevel.o
LOAD CSerial.o
LOAD MMA8451.o
LOAD nvm.o
START GROUP
LOAD c:/program files (x86)/atmel/studio/7.0/toolchain/avr8/avr8-gnu-toolchain/bin/../lib/gcc/avr/4.9.2/../../../../avr/lib/avr51\libm.a
END GROUP
LOAD c:/program files (x86)/atmel/studio/7.0/toolchain/avr8/avr8-gnu-toolchain/bin/../lib/gcc/avr/4.9.2/avr51\libgcc.a
LOAD c:/program files (x86)/atmel/studio/7.0/toolchain/avr8/avr8-gnu-toolchain/bin/../lib/gcc/avr/4.9.2/../../../../avr/lib/avr51\libm.a
START GROUP
LOAD c:/program files (x86)/atmel/studio/7.0/toolchain/avr8/avr8-gnu-toolchain/bin/../lib/gcc/avr/4.9.2/avr51\libgcc.a
LOAD c:/program files (x86)/atmel/studio/7.0/toolchain/avr8/avr8-gnu-toolchain/bin/../lib/gcc/avr/4.9.2/../../../../avr/lib/avr51\libm.a
LOAD c:/program files (x86)/atmel/studio/7.0/toolchain/avr8/avr8-gnu-toolchain/bin/../lib/gcc/avr/4.9.2/../../../../avr/lib/avr51\libc.a
LOAD C:/Program Files (x86)/Atmel/Studio/7.0/Packs/atmel/ATmega_DFP/1.0.106/gcc/dev/atmega1284/avr51\libatmega1284.a
END GROUP
                0x00020000                __TEXT_REGION_LENGTH__ = DEFINED (__TEXT_REGION_LENGTH__)?__TEXT_REGION_LENGTH__:0x20000
                0x0000ff00                __DATA_REGION_LENGTH__ = DEFINED (__DATA_REGION_LENGTH__)?__DATA_REGION_LENGTH__:0xff00
                0x00010000                __EEPROM_REGION_LENGTH__ = DEFINED (__EEPROM_REGION_LENGTH__)?__EEPROM_REGION_LENGTH__:0x10000
                0x00000400                __FUSE_REGION_LENGTH__ = DEFINED (__FUSE_REGION_LENGTH__)?__FUSE_REGION_LENGTH__:0x400
                0x00000400                __LOCK_REGION_LENGTH__ = DEFINED (__LOCK_REGION_LENGTH__)?__LOCK_REGION_LENGTH__:0x400
                0x00000400                __SIGNATURE_REGION_LENGTH__ = DEFINED (__SIGNATURE_REGION_LENGTH__)?__SIGNATURE_REGION_LENGTH__:0x400
                0x00000400                __USER_SIGNATURE_REGION_LENGTH__ = DEFINED (__USER_SIGNATURE_REGION_LENGTH__)?__USER_SIGNATURE_REGION_LENGTH__:0x400

.hash
 *(.hash)

.dynsym
 *(.dynsym)

.dynstr
 *(.dynstr)

.gnu.version
 *(.gnu.version)

.gnu.version_d
 *(.gnu.version_d)

.gnu.version_r
 *(.gnu.version_r)

.rel.init
 *(.rel.init)

.rela.init
 *(.rela.init)

.rel.text
 *(.rel.text)
 *(.rel.text.*)
 *(.rel.gnu.linkonce.t*)

.rela.text
 *(.rela.text)
 *(.rela.text.*)
 *(.rela.gnu.linkonce.t*)

.rel.fini
 *(.rel.fini)

.rela.fini
 *(.rela.fini)

.rel.rodata
 *(.rel.rodata)
 *(.rel.rodata.*)
 *(.rel.gnu.linkonce.r*)

.rela.rodata
 *(.rela.rodata)
 *(.rela.rodata.*)
 *(.rela.gnu.linkonce.r*)

.rel.data
 *(.rel.data)
 *(.rel.data.*)
 *(.rel.gnu.linkonce.d*)

.rela.data
 *(.rela.data)
 *(.rela.data.*)
 *(.rela.gnu.linkonce.d*)

.rel.ctors
 *(.rel.ctors)

.rela.ctors
 *(.rela.ctors)

.rel.dtors
 *(.rel.dtors)

.rela.dtors
 *(.rela.dtors)

.rel.got
 *(.rel.got)

.rela.got
 *(.rela.got)

.rel.bss
 *(.rel.bss)

.rela.bss
 *(.rela.bss)

.rel.plt
 *(.rel.plt)

.rela.plt
 *(.rela.plt)

.text           0x00000000     0x6e7e
 *(.vectors)
 .vectors       0x00000000       0x8c C:/Program Files (x86)/Atmel/Studio/7.0/Packs/atmel/ATmega_DFP/1.0.106/gcc/dev/atmega1284/avr51/crtatmega1284.o
                0x00000000                __vector_default
                0x00000000                __vectors
 *(.vectors)
 *(.progmem.gcc*)
 .progmem.gcc_sw_table._ZN7CCorner3RunEl
                0x0000008c        0xe corner.o
 .progmem.gcc_sw_table._ZN7FsmCamp11HandleEventE7eEvents
                0x0000009a       0x14 fsm/Camp.o
 .progmem.gcc_sw_table._ZN8FSMDance7ShakeItEv
                0x000000ae       0x1e fsm/Dance.o
 .progmem.gcc_sw_table._ZN9FsmManual11HandleEventE7eEvents
                0x000000cc       0x14 fsm/Manual.o
 .progmem.gcc_sw_table._ZN9FsmTravel11HandleEventE7eEvents
                0x000000e0       0x14 fsm/Travel.o
                0x000000f4                . = ALIGN (0x2)
                0x000000f4                __trampolines_start = .
 *(.trampolines)
 .trampolines   0x000000f4        0x0 linker stubs
 *(.trampolines*)
                0x000000f4                __trampolines_end = .
 *libprintf_flt.a:*(.progmem.data)
 *libc.a:*(.progmem.data)
 *(.progmem*)
 .progmem.data._ZZN12FSMTravelCal6OnExitEvE3__c
                0x000000f4       0x1a fsm/TravelCal.o
                0x0000010e                . = ALIGN (0x2)
 *(.jumptables)
 *(.jumptables*)
 *(.lowtext)
 *(.lowtext*)
                0x0000010e                __ctors_start = .
 *(.ctors)
 .ctors         0x0000010e        0x2 CSerial.o
                0x00000110                __ctors_end = .
                0x00000110                __dtors_start = .
 *(.dtors)
                0x00000110                __dtors_end = .
 SORT(*)(.ctors)
 SORT(*)(.dtors)
 *(.init0)
 .init0         0x00000110        0x0 C:/Program Files (x86)/Atmel/Studio/7.0/Packs/atmel/ATmega_DFP/1.0.106/gcc/dev/atmega1284/avr51/crtatmega1284.o
                0x00000110                __init
 *(.init0)
 *(.init1)
 *(.init1)
 *(.init2)
 .init2         0x00000110        0xc C:/Program Files (x86)/Atmel/Studio/7.0/Packs/atmel/ATmega_DFP/1.0.106/gcc/dev/atmega1284/avr51/crtatmega1284.o
 *(.init2)
 *(.init3)
 *(.init3)
 *(.init4)
 .init4         0x0000011c       0x1a c:/program files (x86)/atmel/studio/7.0/toolchain/avr8/avr8-gnu-toolchain/bin/../lib/gcc/avr/4.9.2/avr51\libgcc.a(_copy_data.o)
                0x0000011c                __do_copy_data
 .init4         0x00000136       0x10 c:/program files (x86)/atmel/studio/7.0/toolchain/avr8/avr8-gnu-toolchain/bin/../lib/gcc/avr/4.9.2/avr51\libgcc.a(_clear_bss.o)
                0x00000136                __do_clear_bss
 *(.init4)
 *(.init5)
 *(.init5)
 *(.init6)
 .init6         0x00000146       0x16 c:/program files (x86)/atmel/studio/7.0/toolchain/avr8/avr8-gnu-toolchain/bin/../lib/gcc/avr/4.9.2/avr51\libgcc.a(_ctors.o)
                0x00000146                __do_global_ctors
 *(.init6)
 *(.init7)
 *(.init7)
 *(.init8)
 *(.init8)
 *(.init9)
 .init9         0x0000015c        0x8 C:/Program Files (x86)/Atmel/Studio/7.0/Packs/atmel/ATmega_DFP/1.0.106/gcc/dev/atmega1284/avr51/crtatmega1284.o
 *(.init9)
 *(.text)
 .text          0x00000164        0x2 C:/Program Files (x86)/Atmel/Studio/7.0/Packs/atmel/ATmega_DFP/1.0.106/gcc/dev/atmega1284/avr51/crtatmega1284.o
                0x00000164                __vector_22
                0x00000164                __vector_28
                0x00000164                __vector_1
                0x00000164                __vector_32
                0x00000164                __vector_34
                0x00000164                __vector_24
                0x00000164                __vector_12
                0x00000164                __bad_interrupt
                0x00000164                __vector_6
                0x00000164                __vector_31
                0x00000164                __vector_3
                0x00000164                __vector_23
                0x00000164                __vector_30
                0x00000164                __vector_25
                0x00000164                __vector_11
                0x00000164                __vector_13
                0x00000164                __vector_17
                0x00000164                __vector_19
                0x00000164                __vector_27
                0x00000164                __vector_33
                0x00000164                __vector_9
                0x00000164                __vector_2
                0x00000164                __vector_15
                0x00000164                __vector_29
                0x00000164                __vector_8
                0x00000164                __vector_26
                0x00000164                __vector_14
                0x00000164                __vector_10
                0x00000164                __vector_18
                0x00000164                __vector_20
                0x00000166                . = ALIGN (0x2)
 *(.text.*)
 .text._ZN3nvm2isEv
                0x00000166       0x42 CADC.o
                0x00000166                _ZN3nvm2isEv
 .text._ZN3nvm13GetLeftLowestEv
                0x000001a8       0x22 CADC.o
                0x000001a8                _ZN3nvm13GetLeftLowestEv
 .text._ZN3nvm14GetRightLowestEv
                0x000001ca       0x22 CADC.o
                0x000001ca                _ZN3nvm14GetRightLowestEv
 .text._ZN4CADCC2Ev
                0x000001ec       0x18 CADC.o
                0x000001ec                _ZN4CADCC2Ev
                0x000001ec                _ZN4CADCC1Ev
 .text._ZN4CADC4InitEv
                0x00000204       0x36 CADC.o
                0x00000204                _ZN4CADC4InitEv
 .text._ZN4CADC4ReadEh
                0x0000023a       0x76 CADC.o
                0x0000023a                _ZN4CADC4ReadEh
 .text._ZN4CADC13GetLeftHeightEv
                0x000002b0       0x20 CADC.o
                0x000002b0                _ZN4CADC13GetLeftHeightEv
 .text._ZN4CADC14GetRightHeightEv
                0x000002d0       0x20 CADC.o
                0x000002d0                _ZN4CADC14GetRightHeightEv
 .text._ZN4CADC12LeftHeightOKEv
                0x000002f0       0x58 CADC.o
                0x000002f0                _ZN4CADC12LeftHeightOKEv
 .text._ZN4CADC13RightHeightOKEv
                0x00000348       0x58 CADC.o
                0x00000348                _ZN4CADC13RightHeightOKEv
 .text._ZN3Cio2isEv
                0x000003a0       0x40 CController.o
                0x000003a0                _ZN3Cio2isEv
 .text._ZN7CSerial2isEv
                0x000003e0       0x42 CController.o
                0x000003e0                _ZN7CSerial2isEv
 .text._ZN5CLeds2isEv
                0x00000422       0x42 CController.o
                0x00000422                _ZN5CLeds2isEv
 .text._ZN11CControllerC2Ev
                0x00000464      0x17a CController.o
                0x00000464                _ZN11CControllerC2Ev
                0x00000464                _ZN11CControllerC1Ev
 .text._ZN11CController4InitEv
                0x000005de       0xfc CController.o
                0x000005de                _ZN11CController4InitEv
 .text._ZN11CController13ScheduleEventE7eEvents
                0x000006da       0xbc CController.o
                0x000006da                _ZN11CController13ScheduleEventE7eEvents
 .text._ZN11CController11ChangeStateE7eStates7eEvents
                0x00000796      0x18e CController.o
                0x00000796                _ZN11CController11ChangeStateE7eStates7eEvents
 .text._ZN11CController10CheckEventEv
                0x00000924      0x1c6 CController.o
                0x00000924                _ZN11CController10CheckEventEv
 .text._ZN11CController3RunEv
                0x00000aea       0x76 CController.o
                0x00000aea                _ZN11CController3RunEv
 .text._ZN9Debounced5LevelEv
                0x00000b60       0x28 Cio.o
                0x00000b60                _ZN9Debounced5LevelEv
 .text._ZNK9DebouncedcviEv
                0x00000b88       0x24 Cio.o
                0x00000b88                _ZNK9DebouncedcviEv
 .text._ZN3Cio12ResetButtonsEv
                0x00000bac       0x28 Cio.o
                0x00000bac                _ZN3Cio12ResetButtonsEv
 .text._ZN4CADC2isEv
                0x00000bd4       0x40 Cio.o
                0x00000bd4                _ZN4CADC2isEv
 .text._ZN3CioC2Ev
                0x00000c14       0x6a Cio.o
                0x00000c14                _ZN3CioC1Ev
                0x00000c14                _ZN3CioC2Ev
 .text._ZN3Cio9DirectionEv
                0x00000c7e       0x3e Cio.o
                0x00000c7e                _ZN3Cio9DirectionEv
 .text._ZN3Cio7PullupsEv
                0x00000cbc       0x34 Cio.o
                0x00000cbc                _ZN3Cio7PullupsEv
 .text._ZN3Cio4InitEv
                0x00000cf0       0xb6 Cio.o
                0x00000cf0                _ZN3Cio4InitEv
 .text._ZN3Cio3RunEv
                0x00000da6       0x4a Cio.o
                0x00000da6                _ZN3Cio3RunEv
 .text._ZN3Cio22EnableIgnGPIOInterruptEv
                0x00000df0       0x40 Cio.o
                0x00000df0                _ZN3Cio22EnableIgnGPIOInterruptEv
 .text._ZN3Cio13RockerChangedEv
                0x00000e30       0xd0 Cio.o
                0x00000e30                _ZN3Cio13RockerChangedEv
 .text._ZN3Cio20OutSideRemoteChangedEv
                0x00000f00       0x42 Cio.o
                0x00000f00                _ZN3Cio20OutSideRemoteChangedEv
 .text._ZN3Cio21SteeringRemoteChangedEv
                0x00000f42       0x42 Cio.o
                0x00000f42                _ZN3Cio21SteeringRemoteChangedEv
 .text._ZN3Cio13UpDownChangedEv
                0x00000f84       0x86 Cio.o
                0x00000f84                _ZN3Cio13UpDownChangedEv
 .text._ZN3Cio11CampChangedEv
                0x0000100a       0xa0 Cio.o
                0x0000100a                _ZN3Cio11CampChangedEv
 .text._ZN3Cio13TravelChangedEv
                0x000010aa       0xaa Cio.o
                0x000010aa                _ZN3Cio13TravelChangedEv
 .text._ZN3Cio16CalibrateChangedEv
                0x00001154       0x78 Cio.o
                0x00001154                _ZN3Cio16CalibrateChangedEv
 .text._ZN3Cio12RockerSwitchEv
                0x000011cc      0x150 Cio.o
                0x000011cc                _ZN3Cio12RockerSwitchEv
 .text._ZN3Cio13OutsideRemoteEv
                0x0000131c      0x142 Cio.o
                0x0000131c                _ZN3Cio13OutsideRemoteEv
 .text._ZN3Cio14SteeringRemoteEv
                0x0000145e      0x12c Cio.o
                0x0000145e                _ZN3Cio14SteeringRemoteEv
 .text._ZN3Cio12CampSwitchesEv
                0x0000158a       0x36 Cio.o
                0x0000158a                _ZN3Cio12CampSwitchesEv
 .text._ZN3Cio14TravelSwitchesEv
                0x000015c0       0x36 Cio.o
                0x000015c0                _ZN3Cio14TravelSwitchesEv
 .text._ZN3Cio6AllOffEv
                0x000015f6       0x30 Cio.o
                0x000015f6                _ZN3Cio6AllOffEv
 .text._ZN3Cio5RightE12eValveStates
                0x00001626       0x6e Cio.o
                0x00001626                _ZN3Cio5RightE12eValveStates
 .text._ZN3Cio4LeftE12eValveStates
                0x00001694       0x6e Cio.o
                0x00001694                _ZN3Cio4LeftE12eValveStates
 .text._ZN3Cio11RightFillOnEv
                0x00001702       0x3c Cio.o
                0x00001702                _ZN3Cio11RightFillOnEv
 .text._ZN3Cio12RightFillOffEv
                0x0000173e       0x3c Cio.o
                0x0000173e                _ZN3Cio12RightFillOffEv
 .text._ZN3Cio11RightDumpOnEv
                0x0000177a       0x3c Cio.o
                0x0000177a                _ZN3Cio11RightDumpOnEv
 .text._ZN3Cio12RightDumpOffEv
                0x000017b6       0x3c Cio.o
                0x000017b6                _ZN3Cio12RightDumpOffEv
 .text._ZN3Cio10LeftFillOnEv
                0x000017f2       0x3c Cio.o
                0x000017f2                _ZN3Cio10LeftFillOnEv
 .text._ZN3Cio11LeftFillOffEv
                0x0000182e       0x3c Cio.o
                0x0000182e                _ZN3Cio11LeftFillOffEv
 .text._ZN3Cio10LeftDumpOnEv
                0x0000186a       0x3c Cio.o
                0x0000186a                _ZN3Cio10LeftDumpOnEv
 .text._ZN3Cio11LeftDumpOffEv
                0x000018a6       0x3c Cio.o
                0x000018a6                _ZN3Cio11LeftDumpOffEv
 .text._ZN3Cio9IsHoldingEv
                0x000018e2       0x94 Cio.o
                0x000018e2                _ZN3Cio9IsHoldingEv
 .text._ZN3Cio7PowerOnEv
                0x00001976       0x2a Cio.o
                0x00001976                _ZN3Cio7PowerOnEv
 .text._ZN3Cio8PowerOffEv
                0x000019a0       0x2a Cio.o
                0x000019a0                _ZN3Cio8PowerOffEv
 .text._ZN3Cio12CompressorOnEv
                0x000019ca       0x2a Cio.o
                0x000019ca                _ZN3Cio12CompressorOnEv
 .text._ZN3Cio13CompressorOffEv
                0x000019f4       0x2a Cio.o
                0x000019f4                _ZN3Cio13CompressorOffEv
 .text._ZN3Cio5SleepEv
                0x00001a1e       0x7e Cio.o
                0x00001a1e                _ZN3Cio5SleepEv
 .text._ZN3Cio6WakeupEv
                0x00001a9c       0x4a Cio.o
                0x00001a9c                _ZN3Cio6WakeupEv
 .text._ZN3Cio12IsIgnitionOnEv
                0x00001ae6       0x3a Cio.o
                0x00001ae6                _ZN3Cio12IsIgnitionOnEv
 .text._ZN3Cio13UpdateButtonsEv
                0x00001b20       0x4a Cio.o
                0x00001b20                _ZN3Cio13UpdateButtonsEv
 .text.__vector_4
                0x00001b6a       0x2e Cio.o
                0x00001b6a                __vector_4
 .text.__vector_5
                0x00001b98       0x2e Cio.o
                0x00001b98                __vector_5
 .text.__vector_7
                0x00001bc6       0x2e Cio.o
                0x00001bc6                __vector_7
 .text._ZN10CLedDriverC2Ev
                0x00001bf4       0x30 CLedDriver.o
                0x00001bf4                _ZN10CLedDriverC1Ev
                0x00001bf4                _ZN10CLedDriverC2Ev
 .text._ZN10CLedDriver4InitEv
                0x00001c24      0x164 CLedDriver.o
                0x00001c24                _ZN10CLedDriver4InitEv
 .text._ZN10CLedDriver3DimEh
                0x00001d88       0x28 CLedDriver.o
                0x00001d88                _ZN10CLedDriver3DimEh
 .text._ZN10CLedDriver8WriteRegEhh
                0x00001db0       0x62 CLedDriver.o
                0x00001db0                _ZN10CLedDriver8WriteRegEhh
 .text._ZN5CLedsC2Ev
                0x00001e12       0x2e CLeds.o
                0x00001e12                _ZN5CLedsC1Ev
                0x00001e12                _ZN5CLedsC2Ev
 .text._ZN5CLeds4InitEv
                0x00001e40       0x1e CLeds.o
                0x00001e40                _ZN5CLeds4InitEv
 .text._ZN5CLeds6AllOffEv
                0x00001e5e       0x42 CLeds.o
                0x00001e5e                _ZN5CLeds6AllOffEv
 .text._ZN5CLeds11RightFillOnEv
                0x00001ea0       0x48 CLeds.o
                0x00001ea0                _ZN5CLeds11RightFillOnEv
 .text._ZN5CLeds12RightFillOffEv
                0x00001ee8       0x48 CLeds.o
                0x00001ee8                _ZN5CLeds12RightFillOffEv
 .text._ZN5CLeds11RightDumpOnEv
                0x00001f30       0x48 CLeds.o
                0x00001f30                _ZN5CLeds11RightDumpOnEv
 .text._ZN5CLeds12RightDumpOffEv
                0x00001f78       0x48 CLeds.o
                0x00001f78                _ZN5CLeds12RightDumpOffEv
 .text._ZN5CLeds8ActiveOnEv
                0x00001fc0       0x48 CLeds.o
                0x00001fc0                _ZN5CLeds8ActiveOnEv
 .text._ZN5CLeds9ActiveOffEv
                0x00002008       0x48 CLeds.o
                0x00002008                _ZN5CLeds9ActiveOffEv
 .text._ZN5CLeds10LeftFillOnEv
                0x00002050       0x48 CLeds.o
                0x00002050                _ZN5CLeds10LeftFillOnEv
 .text._ZN5CLeds11LeftFillOffEv
                0x00002098       0x48 CLeds.o
                0x00002098                _ZN5CLeds11LeftFillOffEv
 .text._ZN5CLeds10LeftDumpOnEv
                0x000020e0       0x48 CLeds.o
                0x000020e0                _ZN5CLeds10LeftDumpOnEv
 .text._ZN5CLeds11LeftDumpOffEv
                0x00002128       0x48 CLeds.o
                0x00002128                _ZN5CLeds11LeftDumpOffEv
 .text._ZN5CLeds6CampOnEv
                0x00002170       0x48 CLeds.o
                0x00002170                _ZN5CLeds6CampOnEv
 .text._ZN5CLeds7CampOffEv
                0x000021b8       0x48 CLeds.o
                0x000021b8                _ZN5CLeds7CampOffEv
 .text._ZN5CLeds8TravelOnEv
                0x00002200       0x48 CLeds.o
                0x00002200                _ZN5CLeds8TravelOnEv
 .text._ZN5CLeds9TravelOffEv
                0x00002248       0x48 CLeds.o
                0x00002248                _ZN5CLeds9TravelOffEv
 .text._ZN7CCornerC2E8Position
                0x00002290       0xe0 corner.o
                0x00002290                _ZN7CCornerC2E8Position
                0x00002290                _ZN7CCornerC1E8Position
 .text._ZN7CCorner4InitE8Position
                0x00002370      0x144 corner.o
                0x00002370                _ZN7CCorner4InitE8Position
 .text._ZN7CCorner9GetHeightEv
                0x000024b4      0x186 corner.o
                0x000024b4                _ZN7CCorner9GetHeightEv
 .text._ZN7CCorner6FillOnEv
                0x0000263a       0x3e corner.o
                0x0000263a                _ZN7CCorner6FillOnEv
 .text._ZN7CCorner7FillOffEv
                0x00002678       0x3e corner.o
                0x00002678                _ZN7CCorner7FillOffEv
 .text._ZN7CCorner6DumpOnEv
                0x000026b6       0x3e corner.o
                0x000026b6                _ZN7CCorner6DumpOnEv
 .text._ZN7CCorner7DumpOffEv
                0x000026f4       0x3e corner.o
                0x000026f4                _ZN7CCorner7DumpOffEv
 .text._ZN7CCorner8SetStateE7ValveOp
                0x00002732       0x8a corner.o
                0x00002732                _ZN7CCorner8SetStateE7ValveOp
 .text._ZN7CCorner8FillExitEv
                0x000027bc       0x3a corner.o
                0x000027bc                _ZN7CCorner8FillExitEv
 .text._ZN7CCorner8DumpExitEv
                0x000027f6       0x3a corner.o
                0x000027f6                _ZN7CCorner8DumpExitEv
 .text._ZN7CCorner7AverageEj
                0x00002830      0x10e corner.o
                0x00002830                _ZN7CCorner7AverageEj
 .text._ZN7CCorner6SmoothEj
                0x0000293e      0x10e corner.o
                0x0000293e                _ZN7CCorner6SmoothEj
 .text._ZN7CCorner13SetLongFilterEb
                0x00002a4c       0xee corner.o
                0x00002a4c                _ZN7CCorner13SetLongFilterEb
 .text._ZN7CCorner8AtHeightEb
                0x00002b3a       0x34 corner.o
                0x00002b3a                _ZN7CCorner8AtHeightEb
 .text._ZN7CCorner8AtHeightEv
                0x00002b6e       0x24 corner.o
                0x00002b6e                _ZN7CCorner8AtHeightEv
 .text._ZN7CCorner12FilterHeightEll
                0x00002b92      0x2d6 corner.o
                0x00002b92                _ZN7CCorner12FilterHeightEll
 .text._ZN7CCorner3RunEl
                0x00002e68      0x5bc corner.o
                0x00002e68                _ZN7CCorner3RunEl
 .text._ZN6CMutexC2Ev
                0x00003424       0x1a CTimer.o
                0x00003424                _ZN6CMutexC1Ev
                0x00003424                _ZN6CMutexC2Ev
 .text._ZN6CMutexD2Ev
                0x0000343e       0x1a CTimer.o
                0x0000343e                _ZN6CMutexD1Ev
                0x0000343e                _ZN6CMutexD2Ev
 .text._ZN6CTimer4InitEv
                0x00003458       0x46 CTimer.o
                0x00003458                _ZN6CTimer4InitEv
 .text._ZN6CTimer10IsTimedOutEmm
                0x0000349e       0x64 CTimer.o
                0x0000349e                _ZN6CTimer10IsTimedOutEmm
 .text._ZN6CTimer7GetTickEv
                0x00003502       0x46 CTimer.o
                0x00003502                _ZN6CTimer7GetTickEv
 .text.__vector_16
                0x00003548       0x5a CTimer.o
                0x00003548                __vector_16
 .text._ZN9DebouncedC2Ev
                0x000035a2       0x50 Debounced.o
                0x000035a2                _ZN9DebouncedC1Ev
                0x000035a2                _ZN9DebouncedC2Ev
 .text._ZN9Debounced6AttachE8IO_Portsh
                0x000035f2       0x50 Debounced.o
                0x000035f2                _ZN9Debounced6AttachE8IO_Portsh
 .text._ZN9Debounced6GetPinEv
                0x00003642      0x110 Debounced.o
                0x00003642                _ZN9Debounced6GetPinEv
 .text._ZN9Debounced6UpdateEv
                0x00003752       0xce Debounced.o
                0x00003752                _ZN9Debounced6UpdateEv
 .text._ZN6CStateC2ER11CController7eStates
                0x00003820       0x56 fsm/Camp.o
                0x00003820                _ZN6CStateC1ER11CController7eStates
                0x00003820                _ZN6CStateC2ER11CController7eStates
 .text._ZN8CMMA84512isEv
                0x00003876       0x42 fsm/Camp.o
                0x00003876                _ZN8CMMA84512isEv
 .text._ZN3nvm8GetCampYEv
                0x000038b8       0x22 fsm/Camp.o
                0x000038b8                _ZN3nvm8GetCampYEv
 .text._ZN3nvm8GetCampZEv
                0x000038da       0x22 fsm/Camp.o
                0x000038da                _ZN3nvm8GetCampZEv
 .text._ZN7FsmCampC1ER11CController
                0x000038fc       0x8c fsm/Camp.o
                0x000038fc                _ZN7FsmCampC1ER11CController
 .text._ZN7FsmCamp7OnEntryEv
                0x00003988       0xb0 fsm/Camp.o
                0x00003988                _ZN7FsmCamp7OnEntryEv
 .text._ZTv0_n6_N7FsmCamp7OnEntryEv
                0x00003a38       0x36 fsm/Camp.o
                0x00003a38                _ZTv0_n6_N7FsmCamp7OnEntryEv
 .text._ZN7FsmCamp11HandleEventE7eEvents
                0x00003a6e      0x312 fsm/Camp.o
                0x00003a6e                _ZN7FsmCamp11HandleEventE7eEvents
 .text._ZTv0_n8_N7FsmCamp11HandleEventE7eEvents
                0x00003d80       0x46 fsm/Camp.o
                0x00003d80                _ZTv0_n8_N7FsmCamp11HandleEventE7eEvents
 .text._ZN7FsmCamp6OnExitEv
                0x00003dc6       0x2c fsm/Camp.o
                0x00003dc6                _ZN7FsmCamp6OnExitEv
 .text._ZTv0_n10_N7FsmCamp6OnExitEv
                0x00003df2       0x36 fsm/Camp.o
                0x00003df2                _ZTv0_n10_N7FsmCamp6OnExitEv
 .text._ZN7FsmCamp7LevelItEv
                0x00003e28      0x50e fsm/Camp.o
                0x00003e28                _ZN7FsmCamp7LevelItEv
 .text._ZN3nvm8SetCampXEj
                0x00004336       0x30 fsm/CampCal.o
                0x00004336                _ZN3nvm8SetCampXEj
 .text._ZN3nvm8SetCampYEj
                0x00004366       0x30 fsm/CampCal.o
                0x00004366                _ZN3nvm8SetCampYEj
 .text._ZN3nvm8SetCampZEj
                0x00004396       0x30 fsm/CampCal.o
                0x00004396                _ZN3nvm8SetCampZEj
 .text._ZN10FSMCampCalC2ER11CController
                0x000043c6       0x40 fsm/CampCal.o
                0x000043c6                _ZN10FSMCampCalC1ER11CController
                0x000043c6                _ZN10FSMCampCalC2ER11CController
 .text._ZN10FSMCampCal7OnEntryEv
                0x00004406       0x40 fsm/CampCal.o
                0x00004406                _ZN10FSMCampCal7OnEntryEv
 .text._ZN10FSMCampCal11HandleEventE7eEvents
                0x00004446      0x1d2 fsm/CampCal.o
                0x00004446                _ZN10FSMCampCal11HandleEventE7eEvents
 .text._ZN10FSMCampCal6OnExitEv
                0x00004618       0x2c fsm/CampCal.o
                0x00004618                _ZN10FSMCampCal6OnExitEv
 .text._ZN8FSMDanceC2ER11CController
                0x00004644       0x48 fsm/Dance.o
                0x00004644                _ZN8FSMDanceC2ER11CController
                0x00004644                _ZN8FSMDanceC1ER11CController
 .text._ZN8FSMDance7OnEntryEv
                0x0000468c       0x6a fsm/Dance.o
                0x0000468c                _ZN8FSMDance7OnEntryEv
 .text._ZN8FSMDance11HandleEventE7eEvents
                0x000046f6       0xd2 fsm/Dance.o
                0x000046f6                _ZN8FSMDance11HandleEventE7eEvents
 .text._ZN8FSMDance6OnExitEv
                0x000047c8       0x2c fsm/Dance.o
                0x000047c8                _ZN8FSMDance6OnExitEv
 .text._ZN8FSMDance9CalcSpeedEv
                0x000047f4      0x1c6 fsm/Dance.o
                0x000047f4                _ZN8FSMDance9CalcSpeedEv
 .text._ZN8FSMDance7ShakeItEv
                0x000049ba      0x4fe fsm/Dance.o
                0x000049ba                _ZN8FSMDance7ShakeItEv
 .text._ZN3nvm13SetLeftTravelEj
                0x00004eb8       0x30 fsm/TravelCal.o
                0x00004eb8                _ZN3nvm13SetLeftTravelEj
 .text._ZN3nvm14SetRightTravelEj
                0x00004ee8       0x30 fsm/TravelCal.o
                0x00004ee8                _ZN3nvm14SetRightTravelEj
 .text._ZN3nvm13GetLeftTravelEv
                0x00004f18       0x22 fsm/TravelCal.o
                0x00004f18                _ZN3nvm13GetLeftTravelEv
 .text._ZN3nvm14GetRightTravelEv
                0x00004f3a       0x22 fsm/TravelCal.o
                0x00004f3a                _ZN3nvm14GetRightTravelEv
 .text._ZN12FSMTravelCalC2ER11CController
                0x00004f5c       0x42 fsm/TravelCal.o
                0x00004f5c                _ZN12FSMTravelCalC2ER11CController
                0x00004f5c                _ZN12FSMTravelCalC1ER11CController
 .text._ZN12FSMTravelCal7OnEntryEv
                0x00004f9e       0x42 fsm/TravelCal.o
                0x00004f9e                _ZN12FSMTravelCal7OnEntryEv
 .text._ZN12FSMTravelCal11HandleEventE7eEvents
                0x00004fe0      0x192 fsm/TravelCal.o
                0x00004fe0                _ZN12FSMTravelCal11HandleEventE7eEvents
 .text._ZN12FSMTravelCal6OnExitEv
                0x00005172       0x36 fsm/TravelCal.o
                0x00005172                _ZN12FSMTravelCal6OnExitEv
 .text._ZN9FsmManualC2ER11CController
                0x000051a8       0x58 fsm/Manual.o
                0x000051a8                _ZN9FsmManualC1ER11CController
                0x000051a8                _ZN9FsmManualC2ER11CController
 .text._ZN9FsmManual7OnEntryEv
                0x00005200       0x50 fsm/Manual.o
                0x00005200                _ZN9FsmManual7OnEntryEv
 .text._ZN9FsmManual11HandleEventE7eEvents
                0x00005250      0x272 fsm/Manual.o
                0x00005250                _ZN9FsmManual11HandleEventE7eEvents
 .text._ZN9FsmManual6OnExitEv
                0x000054c2       0x2a fsm/Manual.o
                0x000054c2                _ZN9FsmManual6OnExitEv
 .text._ZN9FsmTravelC2ER11CController
                0x000054ec       0x7c fsm/Travel.o
                0x000054ec                _ZN9FsmTravelC2ER11CController
                0x000054ec                _ZN9FsmTravelC1ER11CController
 .text._ZN9FsmTravel7OnEntryEv
                0x00005568       0x86 fsm/Travel.o
                0x00005568                _ZN9FsmTravel7OnEntryEv
 .text._ZN9FsmTravel11HandleEventE7eEvents
                0x000055ee      0x2d2 fsm/Travel.o
                0x000055ee                _ZN9FsmTravel11HandleEventE7eEvents
 .text._ZN9FsmTravel6OnExitEv
                0x000058c0       0x2a fsm/Travel.o
                0x000058c0                _ZN9FsmTravel6OnExitEv
 .text.i2c_init
                0x000058ea       0x20 i2cmaster.o
                0x000058ea                i2c_init
 .text.i2c_sync
                0x0000590a      0x244 i2cmaster.o
                0x0000590a                i2c_sync
 .text.i2c_waitStop
                0x00005b4e      0x238 i2cmaster.o
                0x00005b4e                i2c_waitStop
 .text.i2c_start
                0x00005d86       0x82 i2cmaster.o
                0x00005d86                i2c_start
 .text.i2c_rep_start
                0x00005e08       0x18 i2cmaster.o
                0x00005e08                i2c_rep_start
 .text.i2c_stop
                0x00005e20       0x1a i2cmaster.o
                0x00005e20                i2c_stop
 .text.i2c_write
                0x00005e3a       0x44 i2cmaster.o
                0x00005e3a                i2c_write
 .text.i2c_readAck
                0x00005e7e       0x22 i2cmaster.o
                0x00005e7e                i2c_readAck
 .text.i2c_readNak
                0x00005ea0       0x22 i2cmaster.o
                0x00005ea0                i2c_readNak
 .text.__cxa_pure_virtual
                0x00005ec2        0xa MicroLevel.o
                0x00005ec2                __cxa_pure_virtual
 .text.main     0x00005ecc       0x80 MicroLevel.o
                0x00005ecc                main
 .text.__cxa_guard_acquire
                0x00005f4c       0x2c CSerial.o
                0x00005f4c                __cxa_guard_acquire
 .text.__cxa_guard_release
                0x00005f78       0x22 CSerial.o
                0x00005f78                __cxa_guard_release
 .text._ZN7CSerialC2Ev
                0x00005f9a       0x2a CSerial.o
                0x00005f9a                _ZN7CSerialC2Ev
                0x00005f9a                _ZN7CSerialC1Ev
 .text._ZN7CSerial4InitEv
                0x00005fc4       0x64 CSerial.o
                0x00005fc4                _ZN7CSerial4InitEv
 .text._ZN7CSerial3putEPKc
                0x00006028       0x5c CSerial.o
                0x00006028                _ZN7CSerial3putEPKc
 .text._ZN7CSerial5put16Ei
                0x00006084      0x110 CSerial.o
                0x00006084                _ZN7CSerial5put16Ei
 .text._ZlsR7CSerialh
                0x00006194       0x30 CSerial.o
                0x00006194                _ZlsR7CSerialh
 .text._ZlsR7CSerialj
                0x000061c4       0x32 CSerial.o
                0x000061c4                _ZlsR7CSerialj
 .text._ZlsR7CSeriali
                0x000061f6       0x32 CSerial.o
                0x000061f6                _ZlsR7CSeriali
 .text._ZlsR7CSerialPKc
                0x00006228       0x32 CSerial.o
                0x00006228                _ZlsR7CSerialPKc
 .text.__vector_21
                0x0000625a       0x92 CSerial.o
                0x0000625a                __vector_21
 .text._ZN14CircularBufferIhLj2048EEC2Ev
                0x000062ec       0x40 CSerial.o
                0x000062ec                _ZN14CircularBufferIhLj2048EEC1Ev
                0x000062ec                _ZN14CircularBufferIhLj2048EEC2Ev
 .text._ZN14CircularBufferIhLj50EEC2Ev
                0x0000632c       0x36 CSerial.o
                0x0000632c                _ZN14CircularBufferIhLj50EEC2Ev
                0x0000632c                _ZN14CircularBufferIhLj50EEC1Ev
 .text._ZN14CircularBufferIhLj2048EE3PutEh
                0x00006362       0xaa CSerial.o
                0x00006362                _ZN14CircularBufferIhLj2048EE3PutEh
 .text._ZN14CircularBufferIhLj2048EE3GetERh
                0x0000640c       0xae CSerial.o
                0x0000640c                _ZN14CircularBufferIhLj2048EE3GetERh
 .text._Z41__static_initialization_and_destruction_0ii
                0x000064ba       0x3e CSerial.o
 .text._GLOBAL__sub_I___cxa_guard_acquire
                0x000064f8       0x18 CSerial.o
 .text._ZN8CMMA8451C2Ev
                0x00006510       0x18 MMA8451.o
                0x00006510                _ZN8CMMA8451C2Ev
                0x00006510                _ZN8CMMA8451C1Ev
 .text._ZN8CMMA84514InitEv
                0x00006528       0xbc MMA8451.o
                0x00006528                _ZN8CMMA84514InitEv
 .text._ZN8CMMA84517ReadXYZERiS0_S0_
                0x000065e4      0x17c MMA8451.o
                0x000065e4                _ZN8CMMA84517ReadXYZERiS0_S0_
 .text._ZN8CMMA845113readRegister8Eh
                0x00006760       0x32 MMA8451.o
                0x00006760                _ZN8CMMA845113readRegister8Eh
 .text._ZN8CMMA845113readRegister8EhPh
                0x00006792       0x76 MMA8451.o
                0x00006792                _ZN8CMMA845113readRegister8EhPh
 .text._ZN8CMMA845114writeRegister8Ehh
                0x00006808       0x5a MMA8451.o
                0x00006808                _ZN8CMMA845114writeRegister8Ehh
 .text._ZN3nvmC2Ev
                0x00006862       0x18 nvm.o
                0x00006862                _ZN3nvmC2Ev
                0x00006862                _ZN3nvmC1Ev
 .text._ZN3nvm4initEv
                0x0000687a      0x118 nvm.o
                0x0000687a                _ZN3nvm4initEv
 .text._ZN3nvm4SaveEv
                0x00006992       0xa6 nvm.o
                0x00006992                _ZN3nvm4SaveEv
 .text.avr-libc.fplib
                0x00006a38        0x8 c:/program files (x86)/atmel/studio/7.0/toolchain/avr8/avr8-gnu-toolchain/bin/../lib/gcc/avr/4.9.2/../../../../avr/lib/avr51\libm.a(cmpsf2.o)
                0x00006a38                __nesf2
                0x00006a38                __eqsf2
                0x00006a38                __cmpsf2
                0x00006a38                __ltsf2
                0x00006a38                __lesf2
 .text.avr-libc.fplib
                0x00006a40        0x4 c:/program files (x86)/atmel/studio/7.0/toolchain/avr8/avr8-gnu-toolchain/bin/../lib/gcc/avr/4.9.2/../../../../avr/lib/avr51\libm.a(divsf3.o)
                0x00006a40                __divsf3
 .text.avr-libc.fplib
                0x00006a44       0xcc c:/program files (x86)/atmel/studio/7.0/toolchain/avr8/avr8-gnu-toolchain/bin/../lib/gcc/avr/4.9.2/../../../../avr/lib/avr51\libm.a(divsf3x.o)
                0x00006a5a                __divsf3x
                0x00006a5e                __divsf3_pse
 .text.avr-libc.fplib
                0x00006b10       0x58 c:/program files (x86)/atmel/studio/7.0/toolchain/avr8/avr8-gnu-toolchain/bin/../lib/gcc/avr/4.9.2/../../../../avr/lib/avr51\libm.a(fixunssfsi.o)
                0x00006b10                __fixunssfsi
 .text.avr-libc.fplib
                0x00006b68       0x48 c:/program files (x86)/atmel/studio/7.0/toolchain/avr8/avr8-gnu-toolchain/bin/../lib/gcc/avr/4.9.2/../../../../avr/lib/avr51\libm.a(fp_cmp.o)
                0x00006b68                __fp_cmp
 .text.avr-libc.fplib
                0x00006bb0        0xc c:/program files (x86)/atmel/studio/7.0/toolchain/avr8/avr8-gnu-toolchain/bin/../lib/gcc/avr/4.9.2/../../../../avr/lib/avr51\libm.a(fp_inf.o)
                0x00006bb0                __fp_inf
 .text.avr-libc.fplib
                0x00006bbc        0x6 c:/program files (x86)/atmel/studio/7.0/toolchain/avr8/avr8-gnu-toolchain/bin/../lib/gcc/avr/4.9.2/../../../../avr/lib/avr51\libm.a(fp_nan.o)
                0x00006bbc                __fp_nan
 .text.avr-libc.fplib
                0x00006bc2        0xe c:/program files (x86)/atmel/studio/7.0/toolchain/avr8/avr8-gnu-toolchain/bin/../lib/gcc/avr/4.9.2/../../../../avr/lib/avr51\libm.a(fp_pscA.o)
                0x00006bc2                __fp_pscA
 .text.avr-libc.fplib
                0x00006bd0        0xe c:/program files (x86)/atmel/studio/7.0/toolchain/avr8/avr8-gnu-toolchain/bin/../lib/gcc/avr/4.9.2/../../../../avr/lib/avr51\libm.a(fp_pscB.o)
                0x00006bd0                __fp_pscB
 .text.avr-libc.fplib
                0x00006bde       0x22 c:/program files (x86)/atmel/studio/7.0/toolchain/avr8/avr8-gnu-toolchain/bin/../lib/gcc/avr/4.9.2/../../../../avr/lib/avr51\libm.a(fp_round.o)
                0x00006bde                __fp_round
 .text.avr-libc.fplib
                0x00006c00       0x44 c:/program files (x86)/atmel/studio/7.0/toolchain/avr8/avr8-gnu-toolchain/bin/../lib/gcc/avr/4.9.2/../../../../avr/lib/avr51\libm.a(fp_split3.o)
                0x00006c00                __fp_split3
                0x00006c10                __fp_splitA
 .text.avr-libc.fplib
                0x00006c44        0xe c:/program files (x86)/atmel/studio/7.0/toolchain/avr8/avr8-gnu-toolchain/bin/../lib/gcc/avr/4.9.2/../../../../avr/lib/avr51\libm.a(fp_zero.o)
                0x00006c44                __fp_zero
                0x00006c46                __fp_szero
 .text.avr-libc.fplib
                0x00006c52        0x8 c:/program files (x86)/atmel/studio/7.0/toolchain/avr8/avr8-gnu-toolchain/bin/../lib/gcc/avr/4.9.2/../../../../avr/lib/avr51\libm.a(gesf2.o)
                0x00006c52                __gesf2
                0x00006c52                __gtsf2
 .text.avr-libc.fplib
                0x00006c5a        0x4 c:/program files (x86)/atmel/studio/7.0/toolchain/avr8/avr8-gnu-toolchain/bin/../lib/gcc/avr/4.9.2/../../../../avr/lib/avr51\libm.a(mulsf3.o)
                0x00006c5a                __mulsf3
 .text.avr-libc.fplib
                0x00006c5e       0xc2 c:/program files (x86)/atmel/studio/7.0/toolchain/avr8/avr8-gnu-toolchain/bin/../lib/gcc/avr/4.9.2/../../../../avr/lib/avr51\libm.a(mulsf3x.o)
                0x00006c72                __mulsf3x
                0x00006c76                __mulsf3_pse
 .text.libgcc.mul
                0x00006d20       0x1e c:/program files (x86)/atmel/studio/7.0/toolchain/avr8/avr8-gnu-toolchain/bin/../lib/gcc/avr/4.9.2/avr51\libgcc.a(_mulsi3.o)
                0x00006d20                __mulsi3
 .text.libgcc.div
                0x00006d3e       0x26 c:/program files (x86)/atmel/studio/7.0/toolchain/avr8/avr8-gnu-toolchain/bin/../lib/gcc/avr/4.9.2/avr51\libgcc.a(_divmodhi4.o)
                0x00006d3e                _div
                0x00006d3e                __divmodhi4
 .text.libgcc.div
                0x00006d64       0x44 c:/program files (x86)/atmel/studio/7.0/toolchain/avr8/avr8-gnu-toolchain/bin/../lib/gcc/avr/4.9.2/avr51\libgcc.a(_udivmodsi4.o)
                0x00006d64                __udivmodsi4
 .text.libgcc   0x00006da8       0x12 c:/program files (x86)/atmel/studio/7.0/toolchain/avr8/avr8-gnu-toolchain/bin/../lib/gcc/avr/4.9.2/avr51\libgcc.a(_tablejump2.o)
                0x00006da8                __tablejump2__
 .text.libgcc.mul
                0x00006dba       0x14 c:/program files (x86)/atmel/studio/7.0/toolchain/avr8/avr8-gnu-toolchain/bin/../lib/gcc/avr/4.9.2/avr51\libgcc.a(_muluhisi3.o)
                0x00006dba                __muluhisi3
 .text.libgcc.div
                0x00006dce       0x28 c:/program files (x86)/atmel/studio/7.0/toolchain/avr8/avr8-gnu-toolchain/bin/../lib/gcc/avr/4.9.2/avr51\libgcc.a(_udivmodhi4.o)
                0x00006dce                __udivmodhi4
 .text.libgcc.mul
                0x00006df6       0x1e c:/program files (x86)/atmel/studio/7.0/toolchain/avr8/avr8-gnu-toolchain/bin/../lib/gcc/avr/4.9.2/avr51\libgcc.a(_umulhisi3.o)
                0x00006df6                __umulhisi3
 .text.avr-libc
                0x00006e14       0x10 C:/Program Files (x86)/Atmel/Studio/7.0/Packs/atmel/ATmega_DFP/1.0.106/gcc/dev/atmega1284/avr51\libatmega1284.a(eerd_byte.o)
                0x00006e14                eeprom_read_byte
 .text.avr-libc
                0x00006e24        0xa C:/Program Files (x86)/Atmel/Studio/7.0/Packs/atmel/ATmega_DFP/1.0.106/gcc/dev/atmega1284/avr51\libatmega1284.a(eerd_word.o)
                0x00006e24                eeprom_read_word
 .text.avr-libc
                0x00006e2e       0x24 C:/Program Files (x86)/Atmel/Studio/7.0/Packs/atmel/ATmega_DFP/1.0.106/gcc/dev/atmega1284/avr51\libatmega1284.a(eeupd_byte.o)
                0x00006e2e                eeprom_update_byte
                0x00006e30                eeprom_update_r18
 .text.avr-libc
                0x00006e52        0x8 C:/Program Files (x86)/Atmel/Studio/7.0/Packs/atmel/ATmega_DFP/1.0.106/gcc/dev/atmega1284/avr51\libatmega1284.a(eeupd_word.o)
                0x00006e52                eeprom_update_word
 .text.avr-libc
                0x00006e5a       0x20 C:/Program Files (x86)/Atmel/Studio/7.0/Packs/atmel/ATmega_DFP/1.0.106/gcc/dev/atmega1284/avr51\libatmega1284.a(eerd_block.o)
                0x00006e5a                eeprom_read_block
                0x00006e5e                eeprom_read_blraw
                0x00006e7a                . = ALIGN (0x2)
 *(.fini9)
 .fini9         0x00006e7a        0x0 c:/program files (x86)/atmel/studio/7.0/toolchain/avr8/avr8-gnu-toolchain/bin/../lib/gcc/avr/4.9.2/avr51\libgcc.a(_exit.o)
                0x00006e7a                _exit
                0x00006e7a                exit
 *(.fini9)
 *(.fini8)
 *(.fini8)
 *(.fini7)
 *(.fini7)
 *(.fini6)
 *(.fini6)
 *(.fini5)
 *(.fini5)
 *(.fini4)
 *(.fini4)
 *(.fini3)
 *(.fini3)
 *(.fini2)
 *(.fini2)
 *(.fini1)
 *(.fini1)
 *(.fini0)
 .fini0         0x00006e7a        0x4 c:/program files (x86)/atmel/studio/7.0/toolchain/avr8/avr8-gnu-toolchain/bin/../lib/gcc/avr/4.9.2/avr51\libgcc.a(_exit.o)
 *(.fini0)
                0x00006e7e                _etext = .

.data           0x00800100      0x82c load address 0x00006e7e
                0x00800100                PROVIDE (__data_start, .)
 *(.data)
 *(.data*)
 .data._ZZN11CController13ScheduleEventE7eEventsE6events
                0x00800100       0x16 CController.o
 .data._ZZN7CCorner8SetStateE7ValveOpE10CornerName
                0x00800116        0x4 corner.o
 .data._ZZN7CCorner8SetStateE7ValveOpE9StateStrs
                0x0080011a       0x10 corner.o
 *(.rodata)
 .rodata        0x0080012a      0x146 CController.o
 .rodata        0x00800270       0xc4 Cio.o
 .rodata        0x00800334       0xba corner.o
 .rodata        0x008003ee      0x19c fsm/Camp.o
 .rodata        0x0080058a       0x73 fsm/CampCal.o
 .rodata        0x008005fd       0x67 fsm/Dance.o
 .rodata        0x00800664       0x5d fsm/TravelCal.o
 .rodata        0x008006c1       0xad fsm/Manual.o
 .rodata        0x0080076e       0xa8 fsm/Travel.o
 .rodata        0x00800816       0x5f MicroLevel.o
 .rodata        0x00800875       0x13 CSerial.o
 .rodata        0x00800888       0x47 MMA8451.o
 *(.rodata*)
 .rodata._ZTV7FsmCamp
                0x008008cf       0x1c fsm/Camp.o
                0x008008cf                _ZTV7FsmCamp
 .rodata._ZTT7FsmCamp
                0x008008eb        0x4 fsm/Camp.o
                0x008008eb                _ZTT7FsmCamp
 .rodata._ZTV6CState
                0x008008ef        0xa fsm/Camp.o
                0x008008ef                _ZTV6CState
 .rodata._ZTV10FSMCampCal
                0x008008f9        0xa fsm/CampCal.o
                0x008008f9                _ZTV10FSMCampCal
 .rodata._ZTV8FSMDance
                0x00800903        0xa fsm/Dance.o
                0x00800903                _ZTV8FSMDance
 .rodata._ZTV12FSMTravelCal
                0x0080090d        0xa fsm/TravelCal.o
                0x0080090d                _ZTV12FSMTravelCal
 .rodata._ZTV9FsmManual
                0x00800917        0xa fsm/Manual.o
                0x00800917                _ZTV9FsmManual
 .rodata._ZTV9FsmTravel
                0x00800921        0xa fsm/Travel.o
                0x00800921                _ZTV9FsmTravel
 *(.gnu.linkonce.d*)
                0x0080092c                . = ALIGN (0x2)
 *fill*         0x0080092b        0x1 
                0x0080092c                _edata = .
                0x0080092c                PROVIDE (__data_end, .)

.bss            0x0080092c      0x8e5
                0x0080092c                PROVIDE (__bss_start, .)
 *(.bss)
 *(.bss*)
 .bss._ZGVZN3nvm2isEvE1a
                0x0080092c        0x8 CADC.o
                0x0080092c                _ZGVZN3nvm2isEvE1a
 .bss._ZZN3nvm2isEvE1a
                0x00800934        0xf CADC.o
                0x00800934                _ZZN3nvm2isEvE1a
 .bss._ZGVZN3Cio2isEvE1a
                0x00800943        0x8 CController.o
                0x00800943                _ZGVZN3Cio2isEvE1a
 .bss._ZGVZN7CSerial2isEvE6serial
                0x0080094b        0x8 CController.o
                0x0080094b                _ZGVZN7CSerial2isEvE6serial
 .bss._ZGVZN5CLeds2isEvE3led
                0x00800953        0x8 CController.o
                0x00800953                _ZGVZN5CLeds2isEvE3led
 .bss._ZZN7CSerial2isEvE6serial
                0x0080095b        0x2 CController.o
                0x0080095b                _ZZN7CSerial2isEvE6serial
 .bss._ZZN5CLeds2isEvE3led
                0x0080095d        0x4 CController.o
                0x0080095d                _ZZN5CLeds2isEvE3led
 .bss._ZZN3Cio2isEvE1a
                0x00800961       0x37 CController.o
                0x00800961                _ZZN3Cio2isEvE1a
 .bss._ZZN11CController11ChangeStateE7eStates7eEventsE7entered
                0x00800998        0x1 CController.o
 .bss._ZGVZN4CADC2isEvE1a
                0x00800999        0x8 Cio.o
                0x00800999                _ZGVZN4CADC2isEvE1a
 .bss._ZN3Cio15IgnitionChangedE
                0x008009a1        0x1 Cio.o
                0x008009a1                _ZN3Cio15IgnitionChangedE
 .bss._ZN3Cio13ButtonChangedE
                0x008009a2        0x1 Cio.o
                0x008009a2                _ZN3Cio13ButtonChangedE
 .bss._ZZN3Cio13RockerChangedEvE13OldRockerDown
                0x008009a3        0x1 Cio.o
 .bss._ZZN3Cio13RockerChangedEvE11OldRockerUp
                0x008009a4        0x1 Cio.o
 .bss._ZZN3Cio20OutSideRemoteChangedEvE7OldPort
                0x008009a5        0x1 Cio.o
 .bss._ZZN3Cio21SteeringRemoteChangedEvE7OldPort
                0x008009a6        0x1 Cio.o
 .bss._ZZN3Cio13UpDownChangedEvE5oldup
                0x008009a7        0x1 Cio.o
 .bss._ZZN3Cio13UpDownChangedEvE7olddown
                0x008009a8        0x1 Cio.o
 .bss._ZZN3Cio11CampChangedEvE7OldCamp
                0x008009a9        0x1 Cio.o
 .bss._ZZN3Cio11CampChangedEvE13OldInsideCamp
                0x008009aa        0x1 Cio.o
 .bss._ZZN3Cio13TravelChangedEvE9OldTravel
                0x008009ab        0x1 Cio.o
 .bss._ZZN3Cio13TravelChangedEvE15OldInsideTravel
                0x008009ac        0x1 Cio.o
 .bss._ZZN3Cio16CalibrateChangedEvE6OldCal
                0x008009ad        0x1 Cio.o
 .bss._ZZN4CADC2isEvE1a
                0x008009ae        0x1 Cio.o
                0x008009ae                _ZZN4CADC2isEvE1a
 .bss._ZN6CTimer8TimerTicE
                0x008009af        0x4 CTimer.o
                0x008009af                _ZN6CTimer8TimerTicE
 .bss._ZGVZN8CMMA84512isEvE2me
                0x008009b3        0x8 fsm/Camp.o
                0x008009b3                _ZGVZN8CMMA84512isEvE2me
 .bss._ZZN8CMMA84512isEvE2me
                0x008009bb        0x1 fsm/Camp.o
                0x008009bb                _ZZN8CMMA84512isEvE2me
 .bss._ZZN10FSMCampCal11HandleEventE7eEventsE6Active
                0x008009bc        0x1 fsm/CampCal.o
 .bss._ZGVZN8FSMDance9CalcSpeedEvE7oldleft
                0x008009bd        0x8 fsm/Dance.o
 .bss._ZGVZN8FSMDance9CalcSpeedEvE8oldright
                0x008009c5        0x8 fsm/Dance.o
 .bss._ZZN8FSMDance11HandleEventE7eEventsE6Active
                0x008009cd        0x1 fsm/Dance.o
 .bss._ZZN8FSMDance9CalcSpeedEvE7oldleft
                0x008009ce        0x2 fsm/Dance.o
 .bss._ZZN8FSMDance9CalcSpeedEvE8oldright
                0x008009d0        0x2 fsm/Dance.o
 .bss._ZZN12FSMTravelCal11HandleEventE7eEventsE6Active
                0x008009d2        0x1 fsm/TravelCal.o
 .bss._ZL5TxBuf
                0x008009d3      0x806 CSerial.o
 .bss._ZL5RxBuf
                0x008011d9       0x38 CSerial.o
 *(COMMON)
                0x00801211                PROVIDE (__bss_end, .)
                0x00006e7e                __data_load_start = LOADADDR (.data)
                0x000076aa                __data_load_end = (__data_load_start + SIZEOF (.data))

.noinit         0x00801211        0x0
                [!provide]                PROVIDE (__noinit_start, .)
 *(.noinit*)
                [!provide]                PROVIDE (__noinit_end, .)
                0x00801211                _end = .
                [!provide]                PROVIDE (__heap_start, .)

.eeprom         0x00810000        0xf
 *(.eeprom*)
 .eeprom        0x00810000        0xf nvm.o
                0x0081000f                __eeprom_end = .

.fuse
 *(.fuse)
 *(.lfuse)
 *(.hfuse)
 *(.efuse)

.lock
 *(.lock*)

.signature
 *(.signature*)

.user_signatures
 *(.user_signatures*)

.stab
 *(.stab)

.stabstr
 *(.stabstr)

.stab.excl
 *(.stab.excl)

.stab.exclstr
 *(.stab.exclstr)

.stab.index
 *(.stab.index)

.stab.indexstr
 *(.stab.indexstr)

.comment        0x00000000       0x30
 *(.comment)
 .comment       0x00000000       0x30 CADC.o
                                 0x31 (size before relaxing)
 .comment       0x00000030       0x31 CController.o
 .comment       0x00000030       0x31 Cio.o
 .comment       0x00000030       0x31 CLedDriver.o
 .comment       0x00000030       0x31 CLeds.o
 .comment       0x00000030       0x31 corner.o
 .comment       0x00000030       0x31 CTimer.o
 .comment       0x00000030       0x31 Debounced.o
 .comment       0x00000030       0x31 fsm/Camp.o
 .comment       0x00000030       0x31 fsm/CampCal.o
 .comment       0x00000030       0x31 fsm/Dance.o
 .comment       0x00000030       0x31 fsm/TravelCal.o
 .comment       0x00000030       0x31 fsm/Manual.o
 .comment       0x00000030       0x31 fsm/Travel.o
 .comment       0x00000030       0x31 i2cmaster.o
 .comment       0x00000030       0x31 MicroLevel.o
 .comment       0x00000030       0x31 CSerial.o
 .comment       0x00000030       0x31 MMA8451.o
 .comment       0x00000030       0x31 nvm.o

.note.gnu.avr.deviceinfo
                0x00000000       0x40
 .note.gnu.avr.deviceinfo
                0x00000000       0x40 C:/Program Files (x86)/Atmel/Studio/7.0/Packs/atmel/ATmega_DFP/1.0.106/gcc/dev/atmega1284/avr51/crtatmega1284.o

.note.gnu.build-id
 *(.note.gnu.build-id)

.debug
 *(.debug)

.line
 *(.line)

.debug_srcinfo
 *(.debug_srcinfo)

.debug_sfnames
 *(.debug_sfnames)

.debug_aranges
 *(.debug_aranges)

.debug_pubnames
 *(.debug_pubnames)

.debug_info
 *(.debug_info .gnu.linkonce.wi.*)

.debug_abbrev
 *(.debug_abbrev)

.debug_line
 *(.debug_line .debug_line.* .debug_line_end)

.debug_frame
 *(.debug_frame)

.debug_str
 *(.debug_str)

.debug_loc
 *(.debug_loc)

.debug_macinfo
 *(.debug_macinfo)

.debug_weaknames
 *(.debug_weaknames)

.debug_funcnames
 *(.debug_funcnames)

.debug_typenames
 *(.debug_typenames)

.debug_varnames
 *(.debug_varnames)

.debug_pubtypes
 *(.debug_pubtypes)

.debug_ranges
 *(.debug_ranges)

.debug_macro
 *(.debug_macro)
OUTPUT(MicroLevel.elf elf32-avr)
LOAD linker stubs
