Archive member included because of file (symbol)

c:/program files (x86)/atmel/atmel toolchain/avr8 gcc/native/3.4.1056/avr8-gnu-toolchain/bin/../lib/gcc/avr/4.8.1/avr51\libgcc.a(_divmodhi4.o)
                              corner.o (__divmodhi4)
c:/program files (x86)/atmel/atmel toolchain/avr8 gcc/native/3.4.1056/avr8-gnu-toolchain/bin/../lib/gcc/avr/4.8.1/avr51\libgcc.a(_udivmodsi4.o)
                              corner.o (__udivmodsi4)
c:/program files (x86)/atmel/atmel toolchain/avr8 gcc/native/3.4.1056/avr8-gnu-toolchain/bin/../lib/gcc/avr/4.8.1/avr51\libgcc.a(_exit.o)
                              c:/program files (x86)/atmel/atmel toolchain/avr8 gcc/native/3.4.1056/avr8-gnu-toolchain/bin/../lib/gcc/avr/4.8.1/../../../../avr/lib/avr51/crtm1284.o (exit)
c:/program files (x86)/atmel/atmel toolchain/avr8 gcc/native/3.4.1056/avr8-gnu-toolchain/bin/../lib/gcc/avr/4.8.1/avr51\libgcc.a(_tablejump.o)
                              corner.o (__tablejump2__)
c:/program files (x86)/atmel/atmel toolchain/avr8 gcc/native/3.4.1056/avr8-gnu-toolchain/bin/../lib/gcc/avr/4.8.1/avr51\libgcc.a(_copy_data.o)
                              CController.o (__do_copy_data)
c:/program files (x86)/atmel/atmel toolchain/avr8 gcc/native/3.4.1056/avr8-gnu-toolchain/bin/../lib/gcc/avr/4.8.1/avr51\libgcc.a(_clear_bss.o)
                              CController.o (__do_clear_bss)
c:/program files (x86)/atmel/atmel toolchain/avr8 gcc/native/3.4.1056/avr8-gnu-toolchain/bin/../lib/gcc/avr/4.8.1/avr51\libgcc.a(_ctors.o)
                              CSerial.o (__do_global_ctors)
c:/program files (x86)/atmel/atmel toolchain/avr8 gcc/native/3.4.1056/avr8-gnu-toolchain/bin/../lib/gcc/avr/4.8.1/avr51\libgcc.a(_mulshisi3.o)
                              corner.o (__mulshisi3)
c:/program files (x86)/atmel/atmel toolchain/avr8 gcc/native/3.4.1056/avr8-gnu-toolchain/bin/../lib/gcc/avr/4.8.1/avr51\libgcc.a(_tablejump_elpm.o)
                              c:/program files (x86)/atmel/atmel toolchain/avr8 gcc/native/3.4.1056/avr8-gnu-toolchain/bin/../lib/gcc/avr/4.8.1/avr51\libgcc.a(_ctors.o) (__tablejump_elpm__)
c:/program files (x86)/atmel/atmel toolchain/avr8 gcc/native/3.4.1056/avr8-gnu-toolchain/bin/../lib/gcc/avr/4.8.1/avr51\libgcc.a(_udivmodhi4.o)
                              c:/program files (x86)/atmel/atmel toolchain/avr8 gcc/native/3.4.1056/avr8-gnu-toolchain/bin/../lib/gcc/avr/4.8.1/avr51\libgcc.a(_divmodhi4.o) (__udivmodhi4)
c:/program files (x86)/atmel/atmel toolchain/avr8 gcc/native/3.4.1056/avr8-gnu-toolchain/bin/../lib/gcc/avr/4.8.1/avr51\libgcc.a(_muluhisi3.o)
                              c:/program files (x86)/atmel/atmel toolchain/avr8 gcc/native/3.4.1056/avr8-gnu-toolchain/bin/../lib/gcc/avr/4.8.1/avr51\libgcc.a(_mulshisi3.o) (__muluhisi3)
c:/program files (x86)/atmel/atmel toolchain/avr8 gcc/native/3.4.1056/avr8-gnu-toolchain/bin/../lib/gcc/avr/4.8.1/avr51\libgcc.a(_umulhisi3.o)
                              c:/program files (x86)/atmel/atmel toolchain/avr8 gcc/native/3.4.1056/avr8-gnu-toolchain/bin/../lib/gcc/avr/4.8.1/avr51\libgcc.a(_muluhisi3.o) (__umulhisi3)

Discarded input sections

 .bss           0x00000000        0x0 c:/program files (x86)/atmel/atmel toolchain/avr8 gcc/native/3.4.1056/avr8-gnu-toolchain/bin/../lib/gcc/avr/4.8.1/../../../../avr/lib/avr51/crtm1284.o
 .text          0x00000000        0x0 CADC.o
 .bss           0x00000000        0x0 CADC.o
 .group         0x00000000        0x8 CController.o
 .group         0x00000000        0x8 CController.o
 .group         0x00000000        0x8 CController.o
 .group         0x00000000        0x8 CController.o
 .group         0x00000000        0x8 CController.o
 .group         0x00000000        0x8 CController.o
 .text          0x00000000        0x0 CController.o
 .bss           0x00000000        0x0 CController.o
 .text          0x00000000        0x0 CDigital.o
 .bss           0x00000000        0x0 CDigital.o
 .text._ZN8CDigitalC2Ev
                0x00000000        0x2 CDigital.o
 .group         0x00000000        0x8 Cio.o
 .group         0x00000000        0x8 Cio.o
 .group         0x00000000        0x8 Cio.o
 .text          0x00000000        0x0 Cio.o
 .bss           0x00000000        0x0 Cio.o
 .text._ZN3Cio6AllOffEv
                0x00000000       0x20 Cio.o
 .text          0x00000000        0x0 CLedDriver.o
 .bss           0x00000000        0x0 CLedDriver.o
 .text          0x00000000        0x0 CLeds.o
 .bss           0x00000000        0x0 CLeds.o
 .text._ZN5CLeds8ActiveOnEv
                0x00000000        0xe CLeds.o
 .text._ZN5CLeds9ActiveOffEv
                0x00000000        0xe CLeds.o
 .text._ZN5CLeds12TravelWarnOnEv
                0x00000000        0xe CLeds.o
 .text._ZN5CLeds13TravelWarnOffEv
                0x00000000        0xe CLeds.o
 .group         0x00000000        0x8 corner.o
 .group         0x00000000        0x8 corner.o
 .group         0x00000000        0x8 corner.o
 .group         0x00000000        0x8 corner.o
 .group         0x00000000        0x8 corner.o
 .group         0x00000000        0x8 corner.o
 .group         0x00000000        0x8 corner.o
 .group         0x00000000        0x8 corner.o
 .group         0x00000000        0x8 corner.o
 .text          0x00000000        0x0 corner.o
 .bss           0x00000000        0x0 corner.o
 .text._ZN3Cio2isEv
                0x00000000       0x2a corner.o
 .text._ZN7CSerial2isEv
                0x00000000       0x2a corner.o
 .text._ZN7CCorner6LimitsEii
                0x00000000       0x14 corner.o
 .text._ZN7CCorner13SetLongFilterEb
                0x00000000       0x66 corner.o
 .text._ZN7CCorner8AtHeightEb
                0x00000000        0xa corner.o
 .text._ZN7CCorner8AtHeightEv
                0x00000000        0xa corner.o
 .text._ZN7CCorner8IsMovingEv
                0x00000000       0x1e corner.o
 .bss._ZZN7CSerial2isEvE6serial
                0x00000000        0x2 corner.o
 .bss._ZZN3Cio2isEvE1a
                0x00000000       0x26 corner.o
 .bss._ZGVZN7CSerial2isEvE6serial
                0x00000000        0x8 corner.o
 .bss._ZGVZN3Cio2isEvE1a
                0x00000000        0x8 corner.o
 .text          0x00000000        0x0 CTimer.o
 .bss           0x00000000        0x0 CTimer.o
 .text          0x00000000        0x0 Debounced.o
 .bss           0x00000000        0x0 Debounced.o
 .group         0x00000000        0x8 fsm/Camp.o
 .group         0x00000000        0x8 fsm/Camp.o
 .group         0x00000000        0x8 fsm/Camp.o
 .group         0x00000000        0xc fsm/Camp.o
 .group         0x00000000        0x8 fsm/Camp.o
 .group         0x00000000        0x8 fsm/Camp.o
 .text          0x00000000        0x0 fsm/Camp.o
 .bss           0x00000000        0x0 fsm/Camp.o
 .text._ZN7CSerial2isEv
                0x00000000       0x2a fsm/Camp.o
 .text._ZN7FsmCampC2ER11CController
                0x00000000       0x26 fsm/Camp.o
 .bss._ZZN3Cio2isEvE1a
                0x00000000       0x26 fsm/Camp.o
 .bss._ZZN7CSerial2isEvE6serial
                0x00000000        0x2 fsm/Camp.o
 .bss._ZGVZN7CSerial2isEvE6serial
                0x00000000        0x8 fsm/Camp.o
 .bss._ZGVZN3Cio2isEvE1a
                0x00000000        0x8 fsm/Camp.o
 .group         0x00000000        0x8 fsm/CampCal.o
 .group         0x00000000        0x8 fsm/CampCal.o
 .text          0x00000000        0x0 fsm/CampCal.o
 .bss           0x00000000        0x0 fsm/CampCal.o
 .rodata._ZTV6CState
                0x00000000        0xa fsm/CampCal.o
 .group         0x00000000        0x8 fsm/ManualCal.o
 .group         0x00000000        0x8 fsm/ManualCal.o
 .text          0x00000000        0x0 fsm/ManualCal.o
 .bss           0x00000000        0x0 fsm/ManualCal.o
 .rodata._ZTV6CState
                0x00000000        0xa fsm/ManualCal.o
 .group         0x00000000        0x8 fsm/TravelCal.o
 .group         0x00000000        0x8 fsm/TravelCal.o
 .text          0x00000000        0x0 fsm/TravelCal.o
 .bss           0x00000000        0x0 fsm/TravelCal.o
 .rodata._ZTV6CState
                0x00000000        0xa fsm/TravelCal.o
 .group         0x00000000        0x8 fsm/Manual.o
 .group         0x00000000        0x8 fsm/Manual.o
 .group         0x00000000        0x8 fsm/Manual.o
 .group         0x00000000        0x8 fsm/Manual.o
 .group         0x00000000        0x8 fsm/Manual.o
 .group         0x00000000        0x8 fsm/Manual.o
 .group         0x00000000        0x8 fsm/Manual.o
 .group         0x00000000        0x8 fsm/Manual.o
 .group         0x00000000        0x8 fsm/Manual.o
 .group         0x00000000        0x8 fsm/Manual.o
 .group         0x00000000        0x8 fsm/Manual.o
 .text          0x00000000        0x0 fsm/Manual.o
 .bss           0x00000000        0x0 fsm/Manual.o
 .text._ZN3Cio2isEv
                0x00000000       0x2a fsm/Manual.o
 .text._ZN7CSerial2isEv
                0x00000000       0x2a fsm/Manual.o
 .text._ZN5CLeds2isEv
                0x00000000       0x2a fsm/Manual.o
 .bss._ZZN3Cio2isEvE1a
                0x00000000       0x26 fsm/Manual.o
 .bss._ZZN7CSerial2isEvE6serial
                0x00000000        0x2 fsm/Manual.o
 .bss._ZZN5CLeds2isEvE3led
                0x00000000        0x4 fsm/Manual.o
 .rodata._ZTV6CState
                0x00000000        0xa fsm/Manual.o
 .bss._ZGVZN5CLeds2isEvE3led
                0x00000000        0x8 fsm/Manual.o
 .bss._ZGVZN7CSerial2isEvE6serial
                0x00000000        0x8 fsm/Manual.o
 .bss._ZGVZN3Cio2isEvE1a
                0x00000000        0x8 fsm/Manual.o
 .group         0x00000000        0x8 fsm/Travel.o
 .group         0x00000000        0x8 fsm/Travel.o
 .group         0x00000000        0x8 fsm/Travel.o
 .group         0x00000000        0x8 fsm/Travel.o
 .group         0x00000000        0x8 fsm/Travel.o
 .group         0x00000000        0x8 fsm/Travel.o
 .group         0x00000000        0x8 fsm/Travel.o
 .text          0x00000000        0x0 fsm/Travel.o
 .bss           0x00000000        0x0 fsm/Travel.o
 .text._ZN7CSerial2isEv
                0x00000000       0x2a fsm/Travel.o
 .bss._ZZN3Cio2isEvE1a
                0x00000000       0x26 fsm/Travel.o
 .bss._ZZN7CSerial2isEvE6serial
                0x00000000        0x2 fsm/Travel.o
 .rodata._ZTV6CState
                0x00000000        0xa fsm/Travel.o
 .bss._ZGVZN7CSerial2isEvE6serial
                0x00000000        0x8 fsm/Travel.o
 .bss._ZGVZN3Cio2isEvE1a
                0x00000000        0x8 fsm/Travel.o
 .text          0x00000000        0x0 i2cmaster.o
 .bss           0x00000000        0x0 i2cmaster.o
 .text.i2c_start
                0x00000000       0x4a i2cmaster.o
 .text.i2c_rep_start
                0x00000000        0x4 i2cmaster.o
 .text.i2c_readAck
                0x00000000       0x10 i2cmaster.o
 .text.i2c_readNak
                0x00000000       0x10 i2cmaster.o
 .group         0x00000000        0x8 MicroLevel.o
 .group         0x00000000        0x8 MicroLevel.o
 .group         0x00000000        0x8 MicroLevel.o
 .group         0x00000000        0x8 MicroLevel.o
 .group         0x00000000        0x8 MicroLevel.o
 .group         0x00000000        0x8 MicroLevel.o
 .group         0x00000000        0x8 MicroLevel.o
 .group         0x00000000        0x8 MicroLevel.o
 .group         0x00000000        0x8 MicroLevel.o
 .text          0x00000000        0x0 MicroLevel.o
 .bss           0x00000000        0x0 MicroLevel.o
 .text._ZN5CLeds2isEv
                0x00000000       0x2a MicroLevel.o
 .text.__cxa_pure_virtual
                0x00000000        0x2 MicroLevel.o
 .bss._ZZN4CADC2isEvE1a
                0x00000000        0x1 MicroLevel.o
 .bss._ZZN3Cio2isEvE1a
                0x00000000       0x26 MicroLevel.o
 .bss._ZZN5CLeds2isEvE3led
                0x00000000        0x4 MicroLevel.o
 .bss._ZZN7CSerial2isEvE6serial
                0x00000000        0x2 MicroLevel.o
 .bss.rxbuf     0x00000000       0x64 MicroLevel.o
 .bss.txbuf     0x00000000       0x64 MicroLevel.o
 .bss.b         0x00000000        0x1 MicroLevel.o
 .bss.a         0x00000000        0x2 MicroLevel.o
 .bss._ZGVZN4CADC2isEvE1a
                0x00000000        0x8 MicroLevel.o
 .bss._ZGVZN5CLeds2isEvE3led
                0x00000000        0x8 MicroLevel.o
 .bss._ZGVZN3Cio2isEvE1a
                0x00000000        0x8 MicroLevel.o
 .bss._ZGVZN7CSerial2isEvE6serial
                0x00000000        0x8 MicroLevel.o
 .text          0x00000000        0x0 CSerial.o
 .bss           0x00000000        0x0 CSerial.o
 .text._ZN7CSerial5put32El
                0x00000000       0x46 CSerial.o
 .text._ZlsR7CSerialh
                0x00000000       0x14 CSerial.o
 .text._ZlsR7CSeriall
                0x00000000       0x12 CSerial.o
 .text._ZlsR7CSeriali
                0x00000000       0x12 CSerial.o
 .text          0x00000000        0x0 c:/program files (x86)/atmel/atmel toolchain/avr8 gcc/native/3.4.1056/avr8-gnu-toolchain/bin/../lib/gcc/avr/4.8.1/avr51\libgcc.a(_divmodhi4.o)
 .bss           0x00000000        0x0 c:/program files (x86)/atmel/atmel toolchain/avr8 gcc/native/3.4.1056/avr8-gnu-toolchain/bin/../lib/gcc/avr/4.8.1/avr51\libgcc.a(_divmodhi4.o)
 .text.libgcc.mul
                0x00000000        0x0 c:/program files (x86)/atmel/atmel toolchain/avr8 gcc/native/3.4.1056/avr8-gnu-toolchain/bin/../lib/gcc/avr/4.8.1/avr51\libgcc.a(_divmodhi4.o)
 .text.libgcc   0x00000000        0x0 c:/program files (x86)/atmel/atmel toolchain/avr8 gcc/native/3.4.1056/avr8-gnu-toolchain/bin/../lib/gcc/avr/4.8.1/avr51\libgcc.a(_divmodhi4.o)
 .text.libgcc.prologue
                0x00000000        0x0 c:/program files (x86)/atmel/atmel toolchain/avr8 gcc/native/3.4.1056/avr8-gnu-toolchain/bin/../lib/gcc/avr/4.8.1/avr51\libgcc.a(_divmodhi4.o)
 .text.libgcc.builtins
                0x00000000        0x0 c:/program files (x86)/atmel/atmel toolchain/avr8 gcc/native/3.4.1056/avr8-gnu-toolchain/bin/../lib/gcc/avr/4.8.1/avr51\libgcc.a(_divmodhi4.o)
 .text.libgcc.fmul
                0x00000000        0x0 c:/program files (x86)/atmel/atmel toolchain/avr8 gcc/native/3.4.1056/avr8-gnu-toolchain/bin/../lib/gcc/avr/4.8.1/avr51\libgcc.a(_divmodhi4.o)
 .text.libgcc.fixed
                0x00000000        0x0 c:/program files (x86)/atmel/atmel toolchain/avr8 gcc/native/3.4.1056/avr8-gnu-toolchain/bin/../lib/gcc/avr/4.8.1/avr51\libgcc.a(_divmodhi4.o)
 .text          0x00000000        0x0 c:/program files (x86)/atmel/atmel toolchain/avr8 gcc/native/3.4.1056/avr8-gnu-toolchain/bin/../lib/gcc/avr/4.8.1/avr51\libgcc.a(_udivmodsi4.o)
 .bss           0x00000000        0x0 c:/program files (x86)/atmel/atmel toolchain/avr8 gcc/native/3.4.1056/avr8-gnu-toolchain/bin/../lib/gcc/avr/4.8.1/avr51\libgcc.a(_udivmodsi4.o)
 .text.libgcc.mul
                0x00000000        0x0 c:/program files (x86)/atmel/atmel toolchain/avr8 gcc/native/3.4.1056/avr8-gnu-toolchain/bin/../lib/gcc/avr/4.8.1/avr51\libgcc.a(_udivmodsi4.o)
 .text.libgcc   0x00000000        0x0 c:/program files (x86)/atmel/atmel toolchain/avr8 gcc/native/3.4.1056/avr8-gnu-toolchain/bin/../lib/gcc/avr/4.8.1/avr51\libgcc.a(_udivmodsi4.o)
 .text.libgcc.prologue
                0x00000000        0x0 c:/program files (x86)/atmel/atmel toolchain/avr8 gcc/native/3.4.1056/avr8-gnu-toolchain/bin/../lib/gcc/avr/4.8.1/avr51\libgcc.a(_udivmodsi4.o)
 .text.libgcc.builtins
                0x00000000        0x0 c:/program files (x86)/atmel/atmel toolchain/avr8 gcc/native/3.4.1056/avr8-gnu-toolchain/bin/../lib/gcc/avr/4.8.1/avr51\libgcc.a(_udivmodsi4.o)
 .text.libgcc.fmul
                0x00000000        0x0 c:/program files (x86)/atmel/atmel toolchain/avr8 gcc/native/3.4.1056/avr8-gnu-toolchain/bin/../lib/gcc/avr/4.8.1/avr51\libgcc.a(_udivmodsi4.o)
 .text.libgcc.fixed
                0x00000000        0x0 c:/program files (x86)/atmel/atmel toolchain/avr8 gcc/native/3.4.1056/avr8-gnu-toolchain/bin/../lib/gcc/avr/4.8.1/avr51\libgcc.a(_udivmodsi4.o)
 .text          0x00000000        0x0 c:/program files (x86)/atmel/atmel toolchain/avr8 gcc/native/3.4.1056/avr8-gnu-toolchain/bin/../lib/gcc/avr/4.8.1/avr51\libgcc.a(_exit.o)
 .bss           0x00000000        0x0 c:/program files (x86)/atmel/atmel toolchain/avr8 gcc/native/3.4.1056/avr8-gnu-toolchain/bin/../lib/gcc/avr/4.8.1/avr51\libgcc.a(_exit.o)
 .text.libgcc.mul
                0x00000000        0x0 c:/program files (x86)/atmel/atmel toolchain/avr8 gcc/native/3.4.1056/avr8-gnu-toolchain/bin/../lib/gcc/avr/4.8.1/avr51\libgcc.a(_exit.o)
 .text.libgcc.div
                0x00000000        0x0 c:/program files (x86)/atmel/atmel toolchain/avr8 gcc/native/3.4.1056/avr8-gnu-toolchain/bin/../lib/gcc/avr/4.8.1/avr51\libgcc.a(_exit.o)
 .text.libgcc   0x00000000        0x0 c:/program files (x86)/atmel/atmel toolchain/avr8 gcc/native/3.4.1056/avr8-gnu-toolchain/bin/../lib/gcc/avr/4.8.1/avr51\libgcc.a(_exit.o)
 .text.libgcc.prologue
                0x00000000        0x0 c:/program files (x86)/atmel/atmel toolchain/avr8 gcc/native/3.4.1056/avr8-gnu-toolchain/bin/../lib/gcc/avr/4.8.1/avr51\libgcc.a(_exit.o)
 .text.libgcc.builtins
                0x00000000        0x0 c:/program files (x86)/atmel/atmel toolchain/avr8 gcc/native/3.4.1056/avr8-gnu-toolchain/bin/../lib/gcc/avr/4.8.1/avr51\libgcc.a(_exit.o)
 .text.libgcc.fmul
                0x00000000        0x0 c:/program files (x86)/atmel/atmel toolchain/avr8 gcc/native/3.4.1056/avr8-gnu-toolchain/bin/../lib/gcc/avr/4.8.1/avr51\libgcc.a(_exit.o)
 .text.libgcc.fixed
                0x00000000        0x0 c:/program files (x86)/atmel/atmel toolchain/avr8 gcc/native/3.4.1056/avr8-gnu-toolchain/bin/../lib/gcc/avr/4.8.1/avr51\libgcc.a(_exit.o)
 .text          0x00000000        0x0 c:/program files (x86)/atmel/atmel toolchain/avr8 gcc/native/3.4.1056/avr8-gnu-toolchain/bin/../lib/gcc/avr/4.8.1/avr51\libgcc.a(_tablejump.o)
 .bss           0x00000000        0x0 c:/program files (x86)/atmel/atmel toolchain/avr8 gcc/native/3.4.1056/avr8-gnu-toolchain/bin/../lib/gcc/avr/4.8.1/avr51\libgcc.a(_tablejump.o)
 .text.libgcc.mul
                0x00000000        0x0 c:/program files (x86)/atmel/atmel toolchain/avr8 gcc/native/3.4.1056/avr8-gnu-toolchain/bin/../lib/gcc/avr/4.8.1/avr51\libgcc.a(_tablejump.o)
 .text.libgcc.div
                0x00000000        0x0 c:/program files (x86)/atmel/atmel toolchain/avr8 gcc/native/3.4.1056/avr8-gnu-toolchain/bin/../lib/gcc/avr/4.8.1/avr51\libgcc.a(_tablejump.o)
 .text.libgcc.prologue
                0x00000000        0x0 c:/program files (x86)/atmel/atmel toolchain/avr8 gcc/native/3.4.1056/avr8-gnu-toolchain/bin/../lib/gcc/avr/4.8.1/avr51\libgcc.a(_tablejump.o)
 .text.libgcc.builtins
                0x00000000        0x0 c:/program files (x86)/atmel/atmel toolchain/avr8 gcc/native/3.4.1056/avr8-gnu-toolchain/bin/../lib/gcc/avr/4.8.1/avr51\libgcc.a(_tablejump.o)
 .text.libgcc.fmul
                0x00000000        0x0 c:/program files (x86)/atmel/atmel toolchain/avr8 gcc/native/3.4.1056/avr8-gnu-toolchain/bin/../lib/gcc/avr/4.8.1/avr51\libgcc.a(_tablejump.o)
 .text.libgcc.fixed
                0x00000000        0x0 c:/program files (x86)/atmel/atmel toolchain/avr8 gcc/native/3.4.1056/avr8-gnu-toolchain/bin/../lib/gcc/avr/4.8.1/avr51\libgcc.a(_tablejump.o)
 .text          0x00000000        0x0 c:/program files (x86)/atmel/atmel toolchain/avr8 gcc/native/3.4.1056/avr8-gnu-toolchain/bin/../lib/gcc/avr/4.8.1/avr51\libgcc.a(_copy_data.o)
 .bss           0x00000000        0x0 c:/program files (x86)/atmel/atmel toolchain/avr8 gcc/native/3.4.1056/avr8-gnu-toolchain/bin/../lib/gcc/avr/4.8.1/avr51\libgcc.a(_copy_data.o)
 .text.libgcc.mul
                0x00000000        0x0 c:/program files (x86)/atmel/atmel toolchain/avr8 gcc/native/3.4.1056/avr8-gnu-toolchain/bin/../lib/gcc/avr/4.8.1/avr51\libgcc.a(_copy_data.o)
 .text.libgcc.div
                0x00000000        0x0 c:/program files (x86)/atmel/atmel toolchain/avr8 gcc/native/3.4.1056/avr8-gnu-toolchain/bin/../lib/gcc/avr/4.8.1/avr51\libgcc.a(_copy_data.o)
 .text.libgcc   0x00000000        0x0 c:/program files (x86)/atmel/atmel toolchain/avr8 gcc/native/3.4.1056/avr8-gnu-toolchain/bin/../lib/gcc/avr/4.8.1/avr51\libgcc.a(_copy_data.o)
 .text.libgcc.prologue
                0x00000000        0x0 c:/program files (x86)/atmel/atmel toolchain/avr8 gcc/native/3.4.1056/avr8-gnu-toolchain/bin/../lib/gcc/avr/4.8.1/avr51\libgcc.a(_copy_data.o)
 .text.libgcc.builtins
                0x00000000        0x0 c:/program files (x86)/atmel/atmel toolchain/avr8 gcc/native/3.4.1056/avr8-gnu-toolchain/bin/../lib/gcc/avr/4.8.1/avr51\libgcc.a(_copy_data.o)
 .text.libgcc.fmul
                0x00000000        0x0 c:/program files (x86)/atmel/atmel toolchain/avr8 gcc/native/3.4.1056/avr8-gnu-toolchain/bin/../lib/gcc/avr/4.8.1/avr51\libgcc.a(_copy_data.o)
 .text.libgcc.fixed
                0x00000000        0x0 c:/program files (x86)/atmel/atmel toolchain/avr8 gcc/native/3.4.1056/avr8-gnu-toolchain/bin/../lib/gcc/avr/4.8.1/avr51\libgcc.a(_copy_data.o)
 .text          0x00000000        0x0 c:/program files (x86)/atmel/atmel toolchain/avr8 gcc/native/3.4.1056/avr8-gnu-toolchain/bin/../lib/gcc/avr/4.8.1/avr51\libgcc.a(_clear_bss.o)
 .bss           0x00000000        0x0 c:/program files (x86)/atmel/atmel toolchain/avr8 gcc/native/3.4.1056/avr8-gnu-toolchain/bin/../lib/gcc/avr/4.8.1/avr51\libgcc.a(_clear_bss.o)
 .text.libgcc.mul
                0x00000000        0x0 c:/program files (x86)/atmel/atmel toolchain/avr8 gcc/native/3.4.1056/avr8-gnu-toolchain/bin/../lib/gcc/avr/4.8.1/avr51\libgcc.a(_clear_bss.o)
 .text.libgcc.div
                0x00000000        0x0 c:/program files (x86)/atmel/atmel toolchain/avr8 gcc/native/3.4.1056/avr8-gnu-toolchain/bin/../lib/gcc/avr/4.8.1/avr51\libgcc.a(_clear_bss.o)
 .text.libgcc   0x00000000        0x0 c:/program files (x86)/atmel/atmel toolchain/avr8 gcc/native/3.4.1056/avr8-gnu-toolchain/bin/../lib/gcc/avr/4.8.1/avr51\libgcc.a(_clear_bss.o)
 .text.libgcc.prologue
                0x00000000        0x0 c:/program files (x86)/atmel/atmel toolchain/avr8 gcc/native/3.4.1056/avr8-gnu-toolchain/bin/../lib/gcc/avr/4.8.1/avr51\libgcc.a(_clear_bss.o)
 .text.libgcc.builtins
                0x00000000        0x0 c:/program files (x86)/atmel/atmel toolchain/avr8 gcc/native/3.4.1056/avr8-gnu-toolchain/bin/../lib/gcc/avr/4.8.1/avr51\libgcc.a(_clear_bss.o)
 .text.libgcc.fmul
                0x00000000        0x0 c:/program files (x86)/atmel/atmel toolchain/avr8 gcc/native/3.4.1056/avr8-gnu-toolchain/bin/../lib/gcc/avr/4.8.1/avr51\libgcc.a(_clear_bss.o)
 .text.libgcc.fixed
                0x00000000        0x0 c:/program files (x86)/atmel/atmel toolchain/avr8 gcc/native/3.4.1056/avr8-gnu-toolchain/bin/../lib/gcc/avr/4.8.1/avr51\libgcc.a(_clear_bss.o)
 .text          0x00000000        0x0 c:/program files (x86)/atmel/atmel toolchain/avr8 gcc/native/3.4.1056/avr8-gnu-toolchain/bin/../lib/gcc/avr/4.8.1/avr51\libgcc.a(_ctors.o)
 .bss           0x00000000        0x0 c:/program files (x86)/atmel/atmel toolchain/avr8 gcc/native/3.4.1056/avr8-gnu-toolchain/bin/../lib/gcc/avr/4.8.1/avr51\libgcc.a(_ctors.o)
 .text.libgcc.mul
                0x00000000        0x0 c:/program files (x86)/atmel/atmel toolchain/avr8 gcc/native/3.4.1056/avr8-gnu-toolchain/bin/../lib/gcc/avr/4.8.1/avr51\libgcc.a(_ctors.o)
 .text.libgcc.div
                0x00000000        0x0 c:/program files (x86)/atmel/atmel toolchain/avr8 gcc/native/3.4.1056/avr8-gnu-toolchain/bin/../lib/gcc/avr/4.8.1/avr51\libgcc.a(_ctors.o)
 .text.libgcc   0x00000000        0x0 c:/program files (x86)/atmel/atmel toolchain/avr8 gcc/native/3.4.1056/avr8-gnu-toolchain/bin/../lib/gcc/avr/4.8.1/avr51\libgcc.a(_ctors.o)
 .text.libgcc.prologue
                0x00000000        0x0 c:/program files (x86)/atmel/atmel toolchain/avr8 gcc/native/3.4.1056/avr8-gnu-toolchain/bin/../lib/gcc/avr/4.8.1/avr51\libgcc.a(_ctors.o)
 .text.libgcc.builtins
                0x00000000        0x0 c:/program files (x86)/atmel/atmel toolchain/avr8 gcc/native/3.4.1056/avr8-gnu-toolchain/bin/../lib/gcc/avr/4.8.1/avr51\libgcc.a(_ctors.o)
 .text.libgcc.fmul
                0x00000000        0x0 c:/program files (x86)/atmel/atmel toolchain/avr8 gcc/native/3.4.1056/avr8-gnu-toolchain/bin/../lib/gcc/avr/4.8.1/avr51\libgcc.a(_ctors.o)
 .text.libgcc.fixed
                0x00000000        0x0 c:/program files (x86)/atmel/atmel toolchain/avr8 gcc/native/3.4.1056/avr8-gnu-toolchain/bin/../lib/gcc/avr/4.8.1/avr51\libgcc.a(_ctors.o)
 .text          0x00000000        0x0 c:/program files (x86)/atmel/atmel toolchain/avr8 gcc/native/3.4.1056/avr8-gnu-toolchain/bin/../lib/gcc/avr/4.8.1/avr51\libgcc.a(_mulshisi3.o)
 .bss           0x00000000        0x0 c:/program files (x86)/atmel/atmel toolchain/avr8 gcc/native/3.4.1056/avr8-gnu-toolchain/bin/../lib/gcc/avr/4.8.1/avr51\libgcc.a(_mulshisi3.o)
 .text.libgcc.div
                0x00000000        0x0 c:/program files (x86)/atmel/atmel toolchain/avr8 gcc/native/3.4.1056/avr8-gnu-toolchain/bin/../lib/gcc/avr/4.8.1/avr51\libgcc.a(_mulshisi3.o)
 .text.libgcc   0x00000000        0x0 c:/program files (x86)/atmel/atmel toolchain/avr8 gcc/native/3.4.1056/avr8-gnu-toolchain/bin/../lib/gcc/avr/4.8.1/avr51\libgcc.a(_mulshisi3.o)
 .text.libgcc.prologue
                0x00000000        0x0 c:/program files (x86)/atmel/atmel toolchain/avr8 gcc/native/3.4.1056/avr8-gnu-toolchain/bin/../lib/gcc/avr/4.8.1/avr51\libgcc.a(_mulshisi3.o)
 .text.libgcc.builtins
                0x00000000        0x0 c:/program files (x86)/atmel/atmel toolchain/avr8 gcc/native/3.4.1056/avr8-gnu-toolchain/bin/../lib/gcc/avr/4.8.1/avr51\libgcc.a(_mulshisi3.o)
 .text.libgcc.fmul
                0x00000000        0x0 c:/program files (x86)/atmel/atmel toolchain/avr8 gcc/native/3.4.1056/avr8-gnu-toolchain/bin/../lib/gcc/avr/4.8.1/avr51\libgcc.a(_mulshisi3.o)
 .text.libgcc.fixed
                0x00000000        0x0 c:/program files (x86)/atmel/atmel toolchain/avr8 gcc/native/3.4.1056/avr8-gnu-toolchain/bin/../lib/gcc/avr/4.8.1/avr51\libgcc.a(_mulshisi3.o)
 .text          0x00000000        0x0 c:/program files (x86)/atmel/atmel toolchain/avr8 gcc/native/3.4.1056/avr8-gnu-toolchain/bin/../lib/gcc/avr/4.8.1/avr51\libgcc.a(_tablejump_elpm.o)
 .bss           0x00000000        0x0 c:/program files (x86)/atmel/atmel toolchain/avr8 gcc/native/3.4.1056/avr8-gnu-toolchain/bin/../lib/gcc/avr/4.8.1/avr51\libgcc.a(_tablejump_elpm.o)
 .text.libgcc.mul
                0x00000000        0x0 c:/program files (x86)/atmel/atmel toolchain/avr8 gcc/native/3.4.1056/avr8-gnu-toolchain/bin/../lib/gcc/avr/4.8.1/avr51\libgcc.a(_tablejump_elpm.o)
 .text.libgcc.div
                0x00000000        0x0 c:/program files (x86)/atmel/atmel toolchain/avr8 gcc/native/3.4.1056/avr8-gnu-toolchain/bin/../lib/gcc/avr/4.8.1/avr51\libgcc.a(_tablejump_elpm.o)
 .text.libgcc.prologue
                0x00000000        0x0 c:/program files (x86)/atmel/atmel toolchain/avr8 gcc/native/3.4.1056/avr8-gnu-toolchain/bin/../lib/gcc/avr/4.8.1/avr51\libgcc.a(_tablejump_elpm.o)
 .text.libgcc.builtins
                0x00000000        0x0 c:/program files (x86)/atmel/atmel toolchain/avr8 gcc/native/3.4.1056/avr8-gnu-toolchain/bin/../lib/gcc/avr/4.8.1/avr51\libgcc.a(_tablejump_elpm.o)
 .text.libgcc.fmul
                0x00000000        0x0 c:/program files (x86)/atmel/atmel toolchain/avr8 gcc/native/3.4.1056/avr8-gnu-toolchain/bin/../lib/gcc/avr/4.8.1/avr51\libgcc.a(_tablejump_elpm.o)
 .text.libgcc.fixed
                0x00000000        0x0 c:/program files (x86)/atmel/atmel toolchain/avr8 gcc/native/3.4.1056/avr8-gnu-toolchain/bin/../lib/gcc/avr/4.8.1/avr51\libgcc.a(_tablejump_elpm.o)
 .text          0x00000000        0x0 c:/program files (x86)/atmel/atmel toolchain/avr8 gcc/native/3.4.1056/avr8-gnu-toolchain/bin/../lib/gcc/avr/4.8.1/avr51\libgcc.a(_udivmodhi4.o)
 .bss           0x00000000        0x0 c:/program files (x86)/atmel/atmel toolchain/avr8 gcc/native/3.4.1056/avr8-gnu-toolchain/bin/../lib/gcc/avr/4.8.1/avr51\libgcc.a(_udivmodhi4.o)
 .text.libgcc.mul
                0x00000000        0x0 c:/program files (x86)/atmel/atmel toolchain/avr8 gcc/native/3.4.1056/avr8-gnu-toolchain/bin/../lib/gcc/avr/4.8.1/avr51\libgcc.a(_udivmodhi4.o)
 .text.libgcc   0x00000000        0x0 c:/program files (x86)/atmel/atmel toolchain/avr8 gcc/native/3.4.1056/avr8-gnu-toolchain/bin/../lib/gcc/avr/4.8.1/avr51\libgcc.a(_udivmodhi4.o)
 .text.libgcc.prologue
                0x00000000        0x0 c:/program files (x86)/atmel/atmel toolchain/avr8 gcc/native/3.4.1056/avr8-gnu-toolchain/bin/../lib/gcc/avr/4.8.1/avr51\libgcc.a(_udivmodhi4.o)
 .text.libgcc.builtins
                0x00000000        0x0 c:/program files (x86)/atmel/atmel toolchain/avr8 gcc/native/3.4.1056/avr8-gnu-toolchain/bin/../lib/gcc/avr/4.8.1/avr51\libgcc.a(_udivmodhi4.o)
 .text.libgcc.fmul
                0x00000000        0x0 c:/program files (x86)/atmel/atmel toolchain/avr8 gcc/native/3.4.1056/avr8-gnu-toolchain/bin/../lib/gcc/avr/4.8.1/avr51\libgcc.a(_udivmodhi4.o)
 .text.libgcc.fixed
                0x00000000        0x0 c:/program files (x86)/atmel/atmel toolchain/avr8 gcc/native/3.4.1056/avr8-gnu-toolchain/bin/../lib/gcc/avr/4.8.1/avr51\libgcc.a(_udivmodhi4.o)
 .text          0x00000000        0x0 c:/program files (x86)/atmel/atmel toolchain/avr8 gcc/native/3.4.1056/avr8-gnu-toolchain/bin/../lib/gcc/avr/4.8.1/avr51\libgcc.a(_muluhisi3.o)
 .bss           0x00000000        0x0 c:/program files (x86)/atmel/atmel toolchain/avr8 gcc/native/3.4.1056/avr8-gnu-toolchain/bin/../lib/gcc/avr/4.8.1/avr51\libgcc.a(_muluhisi3.o)
 .text.libgcc.div
                0x00000000        0x0 c:/program files (x86)/atmel/atmel toolchain/avr8 gcc/native/3.4.1056/avr8-gnu-toolchain/bin/../lib/gcc/avr/4.8.1/avr51\libgcc.a(_muluhisi3.o)
 .text.libgcc   0x00000000        0x0 c:/program files (x86)/atmel/atmel toolchain/avr8 gcc/native/3.4.1056/avr8-gnu-toolchain/bin/../lib/gcc/avr/4.8.1/avr51\libgcc.a(_muluhisi3.o)
 .text.libgcc.prologue
                0x00000000        0x0 c:/program files (x86)/atmel/atmel toolchain/avr8 gcc/native/3.4.1056/avr8-gnu-toolchain/bin/../lib/gcc/avr/4.8.1/avr51\libgcc.a(_muluhisi3.o)
 .text.libgcc.builtins
                0x00000000        0x0 c:/program files (x86)/atmel/atmel toolchain/avr8 gcc/native/3.4.1056/avr8-gnu-toolchain/bin/../lib/gcc/avr/4.8.1/avr51\libgcc.a(_muluhisi3.o)
 .text.libgcc.fmul
                0x00000000        0x0 c:/program files (x86)/atmel/atmel toolchain/avr8 gcc/native/3.4.1056/avr8-gnu-toolchain/bin/../lib/gcc/avr/4.8.1/avr51\libgcc.a(_muluhisi3.o)
 .text.libgcc.fixed
                0x00000000        0x0 c:/program files (x86)/atmel/atmel toolchain/avr8 gcc/native/3.4.1056/avr8-gnu-toolchain/bin/../lib/gcc/avr/4.8.1/avr51\libgcc.a(_muluhisi3.o)
 .text          0x00000000        0x0 c:/program files (x86)/atmel/atmel toolchain/avr8 gcc/native/3.4.1056/avr8-gnu-toolchain/bin/../lib/gcc/avr/4.8.1/avr51\libgcc.a(_umulhisi3.o)
 .bss           0x00000000        0x0 c:/program files (x86)/atmel/atmel toolchain/avr8 gcc/native/3.4.1056/avr8-gnu-toolchain/bin/../lib/gcc/avr/4.8.1/avr51\libgcc.a(_umulhisi3.o)
 .text.libgcc.div
                0x00000000        0x0 c:/program files (x86)/atmel/atmel toolchain/avr8 gcc/native/3.4.1056/avr8-gnu-toolchain/bin/../lib/gcc/avr/4.8.1/avr51\libgcc.a(_umulhisi3.o)
 .text.libgcc   0x00000000        0x0 c:/program files (x86)/atmel/atmel toolchain/avr8 gcc/native/3.4.1056/avr8-gnu-toolchain/bin/../lib/gcc/avr/4.8.1/avr51\libgcc.a(_umulhisi3.o)
 .text.libgcc.prologue
                0x00000000        0x0 c:/program files (x86)/atmel/atmel toolchain/avr8 gcc/native/3.4.1056/avr8-gnu-toolchain/bin/../lib/gcc/avr/4.8.1/avr51\libgcc.a(_umulhisi3.o)
 .text.libgcc.builtins
                0x00000000        0x0 c:/program files (x86)/atmel/atmel toolchain/avr8 gcc/native/3.4.1056/avr8-gnu-toolchain/bin/../lib/gcc/avr/4.8.1/avr51\libgcc.a(_umulhisi3.o)
 .text.libgcc.fmul
                0x00000000        0x0 c:/program files (x86)/atmel/atmel toolchain/avr8 gcc/native/3.4.1056/avr8-gnu-toolchain/bin/../lib/gcc/avr/4.8.1/avr51\libgcc.a(_umulhisi3.o)
 .text.libgcc.fixed
                0x00000000        0x0 c:/program files (x86)/atmel/atmel toolchain/avr8 gcc/native/3.4.1056/avr8-gnu-toolchain/bin/../lib/gcc/avr/4.8.1/avr51\libgcc.a(_umulhisi3.o)

Memory Configuration

Name             Origin             Length             Attributes
text             0x00000000         0x00020000         xr
data             0x00800100         0x0000ff00         rw !x
eeprom           0x00810000         0x00010000         rw !x
fuse             0x00820000         0x00000400         rw !x
lock             0x00830000         0x00000400         rw !x
signature        0x00840000         0x00000400         rw !x
user_signatures  0x00850000         0x00000400         rw !x
*default*        0x00000000         0xffffffff

Linker script and memory map

Address of section .data set to 0x800100
LOAD c:/program files (x86)/atmel/atmel toolchain/avr8 gcc/native/3.4.1056/avr8-gnu-toolchain/bin/../lib/gcc/avr/4.8.1/../../../../avr/lib/avr51/crtm1284.o
LOAD CADC.o
LOAD CController.o
LOAD CDigital.o
LOAD Cio.o
LOAD CLedDriver.o
LOAD CLeds.o
LOAD corner.o
LOAD CTimer.o
LOAD Debounced.o
LOAD fsm/Camp.o
LOAD fsm/CampCal.o
LOAD fsm/ManualCal.o
LOAD fsm/TravelCal.o
LOAD fsm/Manual.o
LOAD fsm/Travel.o
LOAD i2cmaster.o
LOAD MicroLevel.o
LOAD CSerial.o
START GROUP
LOAD c:/program files (x86)/atmel/atmel toolchain/avr8 gcc/native/3.4.1056/avr8-gnu-toolchain/bin/../lib/gcc/avr/4.8.1/../../../../avr/lib/avr51\libm.a
END GROUP
LOAD c:/program files (x86)/atmel/atmel toolchain/avr8 gcc/native/3.4.1056/avr8-gnu-toolchain/bin/../lib/gcc/avr/4.8.1/avr51\libgcc.a
LOAD c:/program files (x86)/atmel/atmel toolchain/avr8 gcc/native/3.4.1056/avr8-gnu-toolchain/bin/../lib/gcc/avr/4.8.1/../../../../avr/lib/avr51\libm.a
START GROUP
LOAD c:/program files (x86)/atmel/atmel toolchain/avr8 gcc/native/3.4.1056/avr8-gnu-toolchain/bin/../lib/gcc/avr/4.8.1/avr51\libgcc.a
LOAD c:/program files (x86)/atmel/atmel toolchain/avr8 gcc/native/3.4.1056/avr8-gnu-toolchain/bin/../lib/gcc/avr/4.8.1/../../../../avr/lib/avr51\libm.a
LOAD c:/program files (x86)/atmel/atmel toolchain/avr8 gcc/native/3.4.1056/avr8-gnu-toolchain/bin/../lib/gcc/avr/4.8.1/../../../../avr/lib/avr51\libc.a
END GROUP

.hash
 *(.hash)

.dynsym
 *(.dynsym)

.dynstr
 *(.dynstr)

.gnu.version
 *(.gnu.version)

.gnu.version_d
 *(.gnu.version_d)

.gnu.version_r
 *(.gnu.version_r)

.rel.init
 *(.rel.init)

.rela.init
 *(.rela.init)

.rel.text
 *(.rel.text)
 *(.rel.text.*)
 *(.rel.gnu.linkonce.t*)

.rela.text
 *(.rela.text)
 *(.rela.text.*)
 *(.rela.gnu.linkonce.t*)

.rel.fini
 *(.rel.fini)

.rela.fini
 *(.rela.fini)

.rel.rodata
 *(.rel.rodata)
 *(.rel.rodata.*)
 *(.rel.gnu.linkonce.r*)

.rela.rodata
 *(.rela.rodata)
 *(.rela.rodata.*)
 *(.rela.gnu.linkonce.r*)

.rel.data
 *(.rel.data)
 *(.rel.data.*)
 *(.rel.gnu.linkonce.d*)

.rela.data
 *(.rela.data)
 *(.rela.data.*)
 *(.rela.gnu.linkonce.d*)

.rel.ctors
 *(.rel.ctors)

.rela.ctors
 *(.rela.ctors)

.rel.dtors
 *(.rel.dtors)

.rela.dtors
 *(.rela.dtors)

.rel.got
 *(.rel.got)

.rela.got
 *(.rela.got)

.rel.bss
 *(.rel.bss)

.rela.bss
 *(.rela.bss)

.rel.plt
 *(.rel.plt)

.rela.plt
 *(.rela.plt)

.text           0x00000000     0x1c10
 *(.vectors)
 .vectors       0x00000000       0x8c c:/program files (x86)/atmel/atmel toolchain/avr8 gcc/native/3.4.1056/avr8-gnu-toolchain/bin/../lib/gcc/avr/4.8.1/../../../../avr/lib/avr51/crtm1284.o
                0x00000000                __vector_default
                0x00000000                __vectors
 *(.vectors)
 *(.progmem.gcc*)
 .progmem.gcc_sw_table._ZN7CCorner3RunEl
                0x0000008c        0xe corner.o
                0x0000009a                . = ALIGN (0x2)
                0x0000009a                __trampolines_start = .
 *(.trampolines)
 .trampolines   0x0000009a        0x0 linker stubs
 *(.trampolines*)
                0x0000009a                __trampolines_end = .
 *(.progmem*)
                0x0000009a                . = ALIGN (0x2)
 *(.jumptables)
 *(.jumptables*)
 *(.lowtext)
 *(.lowtext*)
                0x0000009a                __ctors_start = .
 *(.ctors)
 .ctors         0x0000009a        0x2 CSerial.o
                0x0000009c                __ctors_end = .
                0x0000009c                __dtors_start = .
 *(.dtors)
                0x0000009c                __dtors_end = .
 SORT(*)(.ctors)
 SORT(*)(.dtors)
 *(.init0)
 .init0         0x0000009c        0x0 c:/program files (x86)/atmel/atmel toolchain/avr8 gcc/native/3.4.1056/avr8-gnu-toolchain/bin/../lib/gcc/avr/4.8.1/../../../../avr/lib/avr51/crtm1284.o
                0x0000009c                __init
 *(.init0)
 *(.init1)
 *(.init1)
 *(.init2)
 .init2         0x0000009c        0xc c:/program files (x86)/atmel/atmel toolchain/avr8 gcc/native/3.4.1056/avr8-gnu-toolchain/bin/../lib/gcc/avr/4.8.1/../../../../avr/lib/avr51/crtm1284.o
 *(.init2)
 *(.init3)
 *(.init3)
 *(.init4)
 .init4         0x000000a8       0x1a c:/program files (x86)/atmel/atmel toolchain/avr8 gcc/native/3.4.1056/avr8-gnu-toolchain/bin/../lib/gcc/avr/4.8.1/avr51\libgcc.a(_copy_data.o)
                0x000000a8                __do_copy_data
 .init4         0x000000c2       0x10 c:/program files (x86)/atmel/atmel toolchain/avr8 gcc/native/3.4.1056/avr8-gnu-toolchain/bin/../lib/gcc/avr/4.8.1/avr51\libgcc.a(_clear_bss.o)
                0x000000c2                __do_clear_bss
 *(.init4)
 *(.init5)
 *(.init5)
 *(.init6)
 .init6         0x000000d2       0x20 c:/program files (x86)/atmel/atmel toolchain/avr8 gcc/native/3.4.1056/avr8-gnu-toolchain/bin/../lib/gcc/avr/4.8.1/avr51\libgcc.a(_ctors.o)
                0x000000d2                __do_global_ctors
 *(.init6)
 *(.init7)
 *(.init7)
 *(.init8)
 *(.init8)
 *(.init9)
 .init9         0x000000f2        0x8 c:/program files (x86)/atmel/atmel toolchain/avr8 gcc/native/3.4.1056/avr8-gnu-toolchain/bin/../lib/gcc/avr/4.8.1/../../../../avr/lib/avr51/crtm1284.o
 *(.init9)
 *(.text)
 .text          0x000000fa        0x2 c:/program files (x86)/atmel/atmel toolchain/avr8 gcc/native/3.4.1056/avr8-gnu-toolchain/bin/../lib/gcc/avr/4.8.1/../../../../avr/lib/avr51/crtm1284.o
                0x000000fa                __vector_22
                0x000000fa                __vector_28
                0x000000fa                __vector_1
                0x000000fa                __vector_32
                0x000000fa                __vector_34
                0x000000fa                __vector_24
                0x000000fa                __vector_12
                0x000000fa                __bad_interrupt
                0x000000fa                __vector_6
                0x000000fa                __vector_31
                0x000000fa                __vector_3
                0x000000fa                __vector_23
                0x000000fa                __vector_30
                0x000000fa                __vector_25
                0x000000fa                __vector_11
                0x000000fa                __vector_13
                0x000000fa                __vector_17
                0x000000fa                __vector_19
                0x000000fa                __vector_7
                0x000000fa                __vector_27
                0x000000fa                __vector_5
                0x000000fa                __vector_33
                0x000000fa                __vector_4
                0x000000fa                __vector_9
                0x000000fa                __vector_2
                0x000000fa                __vector_15
                0x000000fa                __vector_29
                0x000000fa                __vector_8
                0x000000fa                __vector_26
                0x000000fa                __vector_14
                0x000000fa                __vector_10
                0x000000fa                __vector_18
                0x000000fa                __vector_20
                0x000000fc                . = ALIGN (0x2)
 *(.text.*)
 .text._ZN4CADCC2Ev
                0x000000fc        0x2 CADC.o
                0x000000fc                _ZN4CADCC2Ev
                0x000000fc                _ZN4CADCC1Ev
 .text._ZN4CADC4InitEv
                0x000000fe       0x14 CADC.o
                0x000000fe                _ZN4CADC4InitEv
 .text._ZN4CADC4ReadEh
                0x00000112       0x2a CADC.o
                0x00000112                _ZN4CADC4ReadEh
 .text._ZN3Cio2isEv
                0x0000013c       0x28 CController.o
                0x0000013c                _ZN3Cio2isEv
 .text._ZN7CSerial2isEv
                0x00000164       0x2a CController.o
                0x00000164                _ZN7CSerial2isEv
 .text._ZN11CControllerC2Ev
                0x0000018e       0xb4 CController.o
                0x0000018e                _ZN11CControllerC2Ev
                0x0000018e                _ZN11CControllerC1Ev
 .text._ZN11CController4InitEv
                0x00000242       0x44 CController.o
                0x00000242                _ZN11CController4InitEv
 .text._ZN11CController13ScheduleEventE5EVENT
                0x00000286       0x72 CController.o
                0x00000286                _ZN11CController13ScheduleEventE5EVENT
 .text._ZN11CController11ChangeStateE5STATE5EVENT
                0x000002f8       0xbe CController.o
                0x000002f8                _ZN11CController11ChangeStateE5STATE5EVENT
 .text._ZN11CController10CheckEventEv
                0x000003b6       0x56 CController.o
                0x000003b6                _ZN11CController10CheckEventEv
 .text._ZN11CController3RunEv
                0x0000040c       0x48 CController.o
                0x0000040c                _ZN11CController3RunEv
 .text._ZN5CLeds2isEv
                0x00000454       0x28 Cio.o
                0x00000454                _ZN5CLeds2isEv
 .text._ZN3CioC2Ev
                0x0000047c       0x20 Cio.o
                0x0000047c                _ZN3CioC1Ev
                0x0000047c                _ZN3CioC2Ev
 .text._ZN3Cio3RunEv
                0x0000049c       0x20 Cio.o
                0x0000049c                _ZN3Cio3RunEv
 .text._ZN3Cio13RockerChangedEv
                0x000004bc       0x30 Cio.o
                0x000004bc                _ZN3Cio13RockerChangedEv
 .text._ZN3Cio20OutSideRemoteChangedEv
                0x000004ec       0x16 Cio.o
                0x000004ec                _ZN3Cio20OutSideRemoteChangedEv
 .text._ZN3Cio21SteeringRemoteChangedEv
                0x00000502       0x16 Cio.o
                0x00000502                _ZN3Cio21SteeringRemoteChangedEv
 .text._ZN3Cio11CampChangedEv
                0x00000518       0x2a Cio.o
                0x00000518                _ZN3Cio11CampChangedEv
 .text._ZN3Cio13TravelChangedEv
                0x00000542       0x2c Cio.o
                0x00000542                _ZN3Cio13TravelChangedEv
 .text._ZN3Cio12CampSwitchesEv
                0x0000056e       0x12 Cio.o
                0x0000056e                _ZN3Cio12CampSwitchesEv
 .text._ZN3Cio14TravelSwitchesEv
                0x00000580       0x12 Cio.o
                0x00000580                _ZN3Cio14TravelSwitchesEv
 .text._ZN3Cio11RightFillOnEv
                0x00000592        0x6 Cio.o
                0x00000592                _ZN3Cio11RightFillOnEv
 .text._ZN3Cio12RightFillOffEv
                0x00000598        0x6 Cio.o
                0x00000598                _ZN3Cio12RightFillOffEv
 .text._ZN3Cio11RightDumpOnEv
                0x0000059e        0x6 Cio.o
                0x0000059e                _ZN3Cio11RightDumpOnEv
 .text._ZN3Cio12RightDumpOffEv
                0x000005a4        0x6 Cio.o
                0x000005a4                _ZN3Cio12RightDumpOffEv
 .text._ZN3Cio10LeftFillOnEv
                0x000005aa        0x6 Cio.o
                0x000005aa                _ZN3Cio10LeftFillOnEv
 .text._ZN3Cio11LeftFillOffEv
                0x000005b0        0x6 Cio.o
                0x000005b0                _ZN3Cio11LeftFillOffEv
 .text._ZN3Cio10LeftDumpOnEv
                0x000005b6        0x6 Cio.o
                0x000005b6                _ZN3Cio10LeftDumpOnEv
 .text._ZN3Cio11LeftDumpOffEv
                0x000005bc        0x6 Cio.o
                0x000005bc                _ZN3Cio11LeftDumpOffEv
 .text._ZN3Cio12RockerSwitchEv
                0x000005c2       0x3e Cio.o
                0x000005c2                _ZN3Cio12RockerSwitchEv
 .text._ZN3Cio13OutsideRemoteEv
                0x00000600       0x5c Cio.o
                0x00000600                _ZN3Cio13OutsideRemoteEv
 .text._ZN3Cio14SteeringRemoteEv
                0x0000065c       0x42 Cio.o
                0x0000065c                _ZN3Cio14SteeringRemoteEv
 .text._ZN3Cio4InitEv
                0x0000069e       0x56 Cio.o
                0x0000069e                _ZN3Cio4InitEv
 .text._ZN3Cio9IsHoldingEv
                0x000006f4       0x12 Cio.o
                0x000006f4                _ZN3Cio9IsHoldingEv
 .text._ZN10CLedDriverC2Ev
                0x00000706        0xe CLedDriver.o
                0x00000706                _ZN10CLedDriverC1Ev
                0x00000706                _ZN10CLedDriverC2Ev
 .text._ZN10CLedDriver4InitEv
                0x00000714       0x9a CLedDriver.o
                0x00000714                _ZN10CLedDriver4InitEv
 .text._ZN10CLedDriver8WriteRegEhh
                0x000007ae       0x44 CLedDriver.o
                0x000007ae                _ZN10CLedDriver8WriteRegEhh
 .text._ZN10CLedDriver3DimEh
                0x000007f2        0x6 CLedDriver.o
                0x000007f2                _ZN10CLedDriver3DimEh
 .text._ZN5CLedsC2Ev
                0x000007f8       0x12 CLeds.o
                0x000007f8                _ZN5CLedsC1Ev
                0x000007f8                _ZN5CLedsC2Ev
 .text._ZN5CLeds4InitEv
                0x0000080a        0x2 CLeds.o
                0x0000080a                _ZN5CLeds4InitEv
 .text._ZN5CLeds11RightFillOnEv
                0x0000080c        0xc CLeds.o
                0x0000080c                _ZN5CLeds11RightFillOnEv
 .text._ZN5CLeds12RightFillOffEv
                0x00000818        0xc CLeds.o
                0x00000818                _ZN5CLeds12RightFillOffEv
 .text._ZN5CLeds11RightDumpOnEv
                0x00000824        0xc CLeds.o
                0x00000824                _ZN5CLeds11RightDumpOnEv
 .text._ZN5CLeds12RightDumpOffEv
                0x00000830        0xc CLeds.o
                0x00000830                _ZN5CLeds12RightDumpOffEv
 .text._ZN5CLeds10LeftFillOnEv
                0x0000083c        0xc CLeds.o
                0x0000083c                _ZN5CLeds10LeftFillOnEv
 .text._ZN5CLeds11LeftFillOffEv
                0x00000848        0xc CLeds.o
                0x00000848                _ZN5CLeds11LeftFillOffEv
 .text._ZN5CLeds10LeftDumpOnEv
                0x00000854        0xc CLeds.o
                0x00000854                _ZN5CLeds10LeftDumpOnEv
 .text._ZN5CLeds11LeftDumpOffEv
                0x00000860        0xc CLeds.o
                0x00000860                _ZN5CLeds11LeftDumpOffEv
 .text._ZN5CLeds6CampOnEv
                0x0000086c        0xc CLeds.o
                0x0000086c                _ZN5CLeds6CampOnEv
 .text._ZN5CLeds7CampOffEv
                0x00000878        0xc CLeds.o
                0x00000878                _ZN5CLeds7CampOffEv
 .text._ZN5CLeds10TravelOKOnEv
                0x00000884        0xc CLeds.o
                0x00000884                _ZN5CLeds10TravelOKOnEv
 .text._ZN5CLeds11TravelOKOffEv
                0x00000890        0xc CLeds.o
                0x00000890                _ZN5CLeds11TravelOKOffEv
 .text._ZN4CADC2isEv
                0x0000089c       0x28 corner.o
                0x0000089c                _ZN4CADC2isEv
 .text._ZN7CCorner9GetHeightEv
                0x000008c4       0xbc corner.o
                0x000008c4                _ZN7CCorner9GetHeightEv
 .text._ZN7CCornerC2E8Position
                0x00000980       0x7a corner.o
                0x00000980                _ZN7CCornerC2E8Position
                0x00000980                _ZN7CCornerC1E8Position
 .text._ZN7CCorner4InitE8Position
                0x000009fa       0x9c corner.o
                0x000009fa                _ZN7CCorner4InitE8Position
 .text._ZN7CCorner6FillOnEv
                0x00000a96       0x16 corner.o
                0x00000a96                _ZN7CCorner6FillOnEv
 .text._ZN7CCorner7FillOffEv
                0x00000aac       0x16 corner.o
                0x00000aac                _ZN7CCorner7FillOffEv
 .text._ZN7CCorner6DumpOnEv
                0x00000ac2       0x16 corner.o
                0x00000ac2                _ZN7CCorner6DumpOnEv
 .text._ZN7CCorner7DumpOffEv
                0x00000ad8       0x16 corner.o
                0x00000ad8                _ZN7CCorner7DumpOffEv
 .text._ZN7CCorner8SetStateE7ValveOp
                0x00000aee       0x58 corner.o
                0x00000aee                _ZN7CCorner8SetStateE7ValveOp
 .text._ZN7CCorner8FillExitEv
                0x00000b46       0x1e corner.o
                0x00000b46                _ZN7CCorner8FillExitEv
 .text._ZN7CCorner8DumpExitEv
                0x00000b64       0x1e corner.o
                0x00000b64                _ZN7CCorner8DumpExitEv
 .text._ZN7CCorner7AverageEj
                0x00000b82       0x7a corner.o
                0x00000b82                _ZN7CCorner7AverageEj
 .text._ZN7CCorner6SmoothEj
                0x00000bfc       0x84 corner.o
                0x00000bfc                _ZN7CCorner6SmoothEj
 .text._ZN7CCorner8DoHeightEll
                0x00000c80      0x222 corner.o
                0x00000c80                _ZN7CCorner8DoHeightEll
 .text._ZN7CCorner3RunEl
                0x00000ea2      0x398 corner.o
                0x00000ea2                _ZN7CCorner3RunEl
 .text._ZN6CTimer4InitEv
                0x0000123a       0x16 CTimer.o
                0x0000123a                _ZN6CTimer4InitEv
 .text._ZN6CTimer7GetTickEv
                0x00001250       0x16 CTimer.o
                0x00001250                _ZN6CTimer7GetTickEv
 .text._ZN6CTimer10IsTimedOutEmm
                0x00001266       0x58 CTimer.o
                0x00001266                _ZN6CTimer10IsTimedOutEmm
 .text.__vector_16
                0x000012be       0x4a CTimer.o
                0x000012be                __vector_16
 .text._ZN9DebouncedC2Ev
                0x00001308       0x18 Debounced.o
                0x00001308                _ZN9DebouncedC1Ev
                0x00001308                _ZN9DebouncedC2Ev
 .text._ZN9Debounced6GetPinEv
                0x00001320       0x36 Debounced.o
                0x00001320                _ZN9Debounced6GetPinEv
 .text._ZN9Debounced6AttachE8IO_Portsh
                0x00001356       0x18 Debounced.o
                0x00001356                _ZN9Debounced6AttachE8IO_Portsh
 .text._ZN9Debounced6UpdateEv
                0x0000136e       0x64 Debounced.o
                0x0000136e                _ZN9Debounced6UpdateEv
 .text._ZN7FsmCamp11HandleEventE5EVENT
                0x000013d2       0x88 fsm/Camp.o
                0x000013d2                _ZN7FsmCamp11HandleEventE5EVENT
 .text._ZN7FsmCamp7OnEntryEv
                0x0000145a        0xa fsm/Camp.o
                0x0000145a                _ZN7FsmCamp7OnEntryEv
 .text._ZN7FsmCamp6OnExitEv
                0x00001464        0xa fsm/Camp.o
                0x00001464                _ZN7FsmCamp6OnExitEv
 .text._ZN7FsmCampC1ER11CController
                0x0000146e       0x1c fsm/Camp.o
                0x0000146e                _ZN7FsmCampC1ER11CController
 .text._ZTv0_n8_N7FsmCamp11HandleEventE5EVENT
                0x0000148a       0x12 fsm/Camp.o
                0x0000148a                _ZTv0_n8_N7FsmCamp11HandleEventE5EVENT
 .text._ZTv0_n6_N7FsmCamp7OnEntryEv
                0x0000149c       0x12 fsm/Camp.o
                0x0000149c                _ZTv0_n6_N7FsmCamp7OnEntryEv
 .text._ZTv0_n10_N7FsmCamp6OnExitEv
                0x000014ae       0x12 fsm/Camp.o
                0x000014ae                _ZTv0_n10_N7FsmCamp6OnExitEv
 .text._ZN10FSMCampCal7OnEntryEv
                0x000014c0        0x2 fsm/CampCal.o
                0x000014c0                _ZN10FSMCampCal7OnEntryEv
 .text._ZN10FSMCampCal6OnExitEv
                0x000014c2        0x2 fsm/CampCal.o
                0x000014c2                _ZN10FSMCampCal6OnExitEv
 .text._ZN10FSMCampCal11HandleEventE5EVENT
                0x000014c4       0x2c fsm/CampCal.o
                0x000014c4                _ZN10FSMCampCal11HandleEventE5EVENT
 .text._ZN10FSMCampCalC2ER11CController
                0x000014f0       0x12 fsm/CampCal.o
                0x000014f0                _ZN10FSMCampCalC1ER11CController
                0x000014f0                _ZN10FSMCampCalC2ER11CController
 .text._ZN12FSMManualCal7OnEntryEv
                0x00001502        0x8 fsm/ManualCal.o
                0x00001502                _ZN12FSMManualCal7OnEntryEv
 .text._ZN12FSMManualCal6OnExitEv
                0x0000150a        0x2 fsm/ManualCal.o
                0x0000150a                _ZN12FSMManualCal6OnExitEv
 .text._ZN12FSMManualCalC2ER11CController
                0x0000150c       0x16 fsm/ManualCal.o
                0x0000150c                _ZN12FSMManualCalC1ER11CController
                0x0000150c                _ZN12FSMManualCalC2ER11CController
 .text._ZN12FSMManualCal9CalibrateEv
                0x00001522       0x46 fsm/ManualCal.o
                0x00001522                _ZN12FSMManualCal9CalibrateEv
 .text._ZN12FSMManualCal11HandleEventE5EVENT
                0x00001568        0x8 fsm/ManualCal.o
                0x00001568                _ZN12FSMManualCal11HandleEventE5EVENT
 .text._ZN12FSMTravelCal7OnEntryEv
                0x00001570        0x2 fsm/TravelCal.o
                0x00001570                _ZN12FSMTravelCal7OnEntryEv
 .text._ZN12FSMTravelCal6OnExitEv
                0x00001572        0x2 fsm/TravelCal.o
                0x00001572                _ZN12FSMTravelCal6OnExitEv
 .text._ZN12FSMTravelCal11HandleEventE5EVENT
                0x00001574       0x2c fsm/TravelCal.o
                0x00001574                _ZN12FSMTravelCal11HandleEventE5EVENT
 .text._ZN12FSMTravelCalC2ER11CController
                0x000015a0       0x14 fsm/TravelCal.o
                0x000015a0                _ZN12FSMTravelCalC2ER11CController
                0x000015a0                _ZN12FSMTravelCalC1ER11CController
 .text._ZN9FsmManual11HandleEventE5EVENT
                0x000015b4       0x76 fsm/Manual.o
                0x000015b4                _ZN9FsmManual11HandleEventE5EVENT
 .text._ZN9FsmManual6OnExitEv
                0x0000162a        0xa fsm/Manual.o
                0x0000162a                _ZN9FsmManual6OnExitEv
 .text._ZN9FsmManual7OnEntryEv
                0x00001634       0x16 fsm/Manual.o
                0x00001634                _ZN9FsmManual7OnEntryEv
 .text._ZN9FsmManualC2ER11CController
                0x0000164a       0x12 fsm/Manual.o
                0x0000164a                _ZN9FsmManualC1ER11CController
                0x0000164a                _ZN9FsmManualC2ER11CController
 .text._ZN9FsmTravel11HandleEventE5EVENT
                0x0000165c       0x6a fsm/Travel.o
                0x0000165c                _ZN9FsmTravel11HandleEventE5EVENT
 .text._ZN9FsmTravel7OnEntryEv
                0x000016c6       0x34 fsm/Travel.o
                0x000016c6                _ZN9FsmTravel7OnEntryEv
 .text._ZN9FsmTravel6OnExitEv
                0x000016fa        0xa fsm/Travel.o
                0x000016fa                _ZN9FsmTravel6OnExitEv
 .text._ZN9FsmTravelC2ER11CController
                0x00001704       0x2c fsm/Travel.o
                0x00001704                _ZN9FsmTravelC2ER11CController
                0x00001704                _ZN9FsmTravelC1ER11CController
 .text.i2c_init
                0x00001730        0xc i2cmaster.o
                0x00001730                i2c_init
 .text.i2c_sync
                0x0000173c       0x2a i2cmaster.o
                0x0000173c                i2c_sync
 .text.i2c_waitStop
                0x00001766       0x2a i2cmaster.o
                0x00001766                i2c_waitStop
 .text.i2c_start_wait
                0x00001790       0x76 i2cmaster.o
                0x00001790                i2c_start_wait
 .text.i2c_stop
                0x00001806        0x8 i2cmaster.o
                0x00001806                i2c_stop
 .text.i2c_write
                0x0000180e       0x1c i2cmaster.o
                0x0000180e                i2c_write
 .text.startup.main
                0x0000182a       0xbc MicroLevel.o
                0x0000182a                main
 .text.__cxa_guard_acquire
                0x000018e6       0x12 CSerial.o
                0x000018e6                __cxa_guard_acquire
 .text.__cxa_guard_release
                0x000018f8        0x8 CSerial.o
                0x000018f8                __cxa_guard_release
 .text._ZN7CSerialC2Ev
                0x00001900        0xa CSerial.o
                0x00001900                _ZN7CSerialC2Ev
                0x00001900                _ZN7CSerialC1Ev
 .text._ZN7CSerial4InitEv
                0x0000190a       0x2e CSerial.o
                0x0000190a                _ZN7CSerial4InitEv
 .text._ZN7CSerial3putEPKc
                0x00001938       0x58 CSerial.o
                0x00001938                _ZN7CSerial3putEPKc
 .text._ZN7CSerial5put16Ei
                0x00001990       0xca CSerial.o
                0x00001990                _ZN7CSerial5put16Ei
 .text._ZlsR7CSerialj
                0x00001a5a       0x10 CSerial.o
                0x00001a5a                _ZlsR7CSerialj
 .text._ZlsR7CSerialPKc
                0x00001a6a       0x10 CSerial.o
                0x00001a6a                _ZlsR7CSerialPKc
 .text.__vector_21
                0x00001a7a       0x7c CSerial.o
                0x00001a7a                __vector_21
 .text.startup._GLOBAL__sub_I___cxa_guard_acquire
                0x00001af6       0x32 CSerial.o
 .text.libgcc.div
                0x00001b28       0x26 c:/program files (x86)/atmel/atmel toolchain/avr8 gcc/native/3.4.1056/avr8-gnu-toolchain/bin/../lib/gcc/avr/4.8.1/avr51\libgcc.a(_divmodhi4.o)
                0x00001b28                _div
                0x00001b28                __divmodhi4
 .text.libgcc.div
                0x00001b4e       0x44 c:/program files (x86)/atmel/atmel toolchain/avr8 gcc/native/3.4.1056/avr8-gnu-toolchain/bin/../lib/gcc/avr/4.8.1/avr51\libgcc.a(_udivmodsi4.o)
                0x00001b4e                __udivmodsi4
 .text.libgcc   0x00001b92        0xc c:/program files (x86)/atmel/atmel toolchain/avr8 gcc/native/3.4.1056/avr8-gnu-toolchain/bin/../lib/gcc/avr/4.8.1/avr51\libgcc.a(_tablejump.o)
                0x00001b92                __tablejump2__
                0x00001b96                __tablejump__
 .text.libgcc.mul
                0x00001b9e        0xc c:/program files (x86)/atmel/atmel toolchain/avr8 gcc/native/3.4.1056/avr8-gnu-toolchain/bin/../lib/gcc/avr/4.8.1/avr51\libgcc.a(_mulshisi3.o)
                0x00001b9e                __mulshisi3
                0x00001ba2                __mulohisi3
 .text.libgcc   0x00001baa        0x8 c:/program files (x86)/atmel/atmel toolchain/avr8 gcc/native/3.4.1056/avr8-gnu-toolchain/bin/../lib/gcc/avr/4.8.1/avr51\libgcc.a(_tablejump_elpm.o)
                0x00001baa                __tablejump_elpm__
 .text.libgcc.div
                0x00001bb2       0x28 c:/program files (x86)/atmel/atmel toolchain/avr8 gcc/native/3.4.1056/avr8-gnu-toolchain/bin/../lib/gcc/avr/4.8.1/avr51\libgcc.a(_udivmodhi4.o)
                0x00001bb2                __udivmodhi4
 .text.libgcc.mul
                0x00001bda       0x14 c:/program files (x86)/atmel/atmel toolchain/avr8 gcc/native/3.4.1056/avr8-gnu-toolchain/bin/../lib/gcc/avr/4.8.1/avr51\libgcc.a(_muluhisi3.o)
                0x00001bda                __muluhisi3
 .text.libgcc.mul
                0x00001bee       0x1e c:/program files (x86)/atmel/atmel toolchain/avr8 gcc/native/3.4.1056/avr8-gnu-toolchain/bin/../lib/gcc/avr/4.8.1/avr51\libgcc.a(_umulhisi3.o)
                0x00001bee                __umulhisi3
                0x00001c0c                . = ALIGN (0x2)
 *(.fini9)
 .fini9         0x00001c0c        0x0 c:/program files (x86)/atmel/atmel toolchain/avr8 gcc/native/3.4.1056/avr8-gnu-toolchain/bin/../lib/gcc/avr/4.8.1/avr51\libgcc.a(_exit.o)
                0x00001c0c                _exit
                0x00001c0c                exit
 *(.fini9)
 *(.fini8)
 *(.fini8)
 *(.fini7)
 *(.fini7)
 *(.fini6)
 *(.fini6)
 *(.fini5)
 *(.fini5)
 *(.fini4)
 *(.fini4)
 *(.fini3)
 *(.fini3)
 *(.fini2)
 *(.fini2)
 *(.fini1)
 *(.fini1)
 *(.fini0)
 .fini0         0x00001c0c        0x4 c:/program files (x86)/atmel/atmel toolchain/avr8 gcc/native/3.4.1056/avr8-gnu-toolchain/bin/../lib/gcc/avr/4.8.1/avr51\libgcc.a(_exit.o)
 *(.fini0)
                0x00001c10                _etext = .

.data           0x00800100      0x2cc load address 0x00001c10
                0x00800100                PROVIDE (__data_start, .)
 *(.data)
 .data          0x00800100        0x0 c:/program files (x86)/atmel/atmel toolchain/avr8 gcc/native/3.4.1056/avr8-gnu-toolchain/bin/../lib/gcc/avr/4.8.1/../../../../avr/lib/avr51/crtm1284.o
 .data          0x00800100        0x0 CADC.o
 .data          0x00800100        0x0 CController.o
 .data          0x00800100        0x0 CDigital.o
 .data          0x00800100        0x0 Cio.o
 .data          0x00800100        0x0 CLedDriver.o
 .data          0x00800100        0x0 CLeds.o
 .data          0x00800100        0x0 corner.o
 .data          0x00800100        0x0 CTimer.o
 .data          0x00800100        0x0 Debounced.o
 .data          0x00800100        0x0 fsm/Camp.o
 .data          0x00800100        0x0 fsm/CampCal.o
 .data          0x00800100        0x0 fsm/ManualCal.o
 .data          0x00800100        0x0 fsm/TravelCal.o
 .data          0x00800100        0x0 fsm/Manual.o
 .data          0x00800100        0x0 fsm/Travel.o
 .data          0x00800100        0x0 i2cmaster.o
 .data          0x00800100        0x0 MicroLevel.o
 .data          0x00800100        0x0 CSerial.o
 .data          0x00800100        0x0 c:/program files (x86)/atmel/atmel toolchain/avr8 gcc/native/3.4.1056/avr8-gnu-toolchain/bin/../lib/gcc/avr/4.8.1/avr51\libgcc.a(_divmodhi4.o)
 .data          0x00800100        0x0 c:/program files (x86)/atmel/atmel toolchain/avr8 gcc/native/3.4.1056/avr8-gnu-toolchain/bin/../lib/gcc/avr/4.8.1/avr51\libgcc.a(_udivmodsi4.o)
 .data          0x00800100        0x0 c:/program files (x86)/atmel/atmel toolchain/avr8 gcc/native/3.4.1056/avr8-gnu-toolchain/bin/../lib/gcc/avr/4.8.1/avr51\libgcc.a(_exit.o)
 .data          0x00800100        0x0 c:/program files (x86)/atmel/atmel toolchain/avr8 gcc/native/3.4.1056/avr8-gnu-toolchain/bin/../lib/gcc/avr/4.8.1/avr51\libgcc.a(_tablejump.o)
 .data          0x00800100        0x0 c:/program files (x86)/atmel/atmel toolchain/avr8 gcc/native/3.4.1056/avr8-gnu-toolchain/bin/../lib/gcc/avr/4.8.1/avr51\libgcc.a(_copy_data.o)
 .data          0x00800100        0x0 c:/program files (x86)/atmel/atmel toolchain/avr8 gcc/native/3.4.1056/avr8-gnu-toolchain/bin/../lib/gcc/avr/4.8.1/avr51\libgcc.a(_clear_bss.o)
 .data          0x00800100        0x0 c:/program files (x86)/atmel/atmel toolchain/avr8 gcc/native/3.4.1056/avr8-gnu-toolchain/bin/../lib/gcc/avr/4.8.1/avr51\libgcc.a(_ctors.o)
 .data          0x00800100        0x0 c:/program files (x86)/atmel/atmel toolchain/avr8 gcc/native/3.4.1056/avr8-gnu-toolchain/bin/../lib/gcc/avr/4.8.1/avr51\libgcc.a(_mulshisi3.o)
 .data          0x00800100        0x0 c:/program files (x86)/atmel/atmel toolchain/avr8 gcc/native/3.4.1056/avr8-gnu-toolchain/bin/../lib/gcc/avr/4.8.1/avr51\libgcc.a(_tablejump_elpm.o)
 .data          0x00800100        0x0 c:/program files (x86)/atmel/atmel toolchain/avr8 gcc/native/3.4.1056/avr8-gnu-toolchain/bin/../lib/gcc/avr/4.8.1/avr51\libgcc.a(_udivmodhi4.o)
 .data          0x00800100        0x0 c:/program files (x86)/atmel/atmel toolchain/avr8 gcc/native/3.4.1056/avr8-gnu-toolchain/bin/../lib/gcc/avr/4.8.1/avr51\libgcc.a(_muluhisi3.o)
 .data          0x00800100        0x0 c:/program files (x86)/atmel/atmel toolchain/avr8 gcc/native/3.4.1056/avr8-gnu-toolchain/bin/../lib/gcc/avr/4.8.1/avr51\libgcc.a(_umulhisi3.o)
 *(.data*)
 *(.rodata)
 *(.rodata*)
 .rodata.str1.1
                0x00800100       0xa2 CController.o
                                 0xa4 (size before relaxing)
 .rodata._ZZN11CController13ScheduleEventE5EVENTE6events
                0x008001a2       0x10 CController.o
 .rodata.str1.1
                0x008001b2      0x117 corner.o
                                0x119 (size before relaxing)
 .rodata._ZZN7CCorner8SetStateE7ValveOpE9StateStrs
                0x008002c9       0x10 corner.o
 .rodata._ZZN7CCorner8SetStateE7ValveOpE10CornerName
                0x008002d9        0x4 corner.o
 .rodata.str1.1
                0x008002dd       0x2b fsm/Camp.o
 .rodata._ZTT7FsmCamp
                0x00800308        0x4 fsm/Camp.o
                0x00800308                _ZTT7FsmCamp
 .rodata._ZTV7FsmCamp
                0x0080030c       0x1c fsm/Camp.o
                0x0080030c                _ZTV7FsmCamp
 .rodata._ZTV10FSMCampCal
                0x00800328        0xa fsm/CampCal.o
                0x00800328                _ZTV10FSMCampCal
 .rodata._ZTV12FSMManualCal
                0x00800332        0xa fsm/ManualCal.o
                0x00800332                _ZTV12FSMManualCal
 .rodata._ZTV12FSMTravelCal
                0x0080033c        0xa fsm/TravelCal.o
                0x0080033c                _ZTV12FSMTravelCal
 .rodata.str1.1
                0x00800346       0x2f fsm/Manual.o
 .rodata._ZTV9FsmManual
                0x00800375        0xa fsm/Manual.o
                0x00800375                _ZTV9FsmManual
 .rodata.str1.1
                0x0080037f       0x2f fsm/Travel.o
 .rodata._ZTV9FsmTravel
                0x008003ae        0xa fsm/Travel.o
                0x008003ae                _ZTV9FsmTravel
 .rodata.str1.1
                0x008003b8       0x13 CSerial.o
 *(.gnu.linkonce.d*)
                0x008003cc                . = ALIGN (0x2)
 *fill*         0x008003cb        0x1 
                0x008003cc                _edata = .
                0x008003cc                PROVIDE (__data_end, .)

.bss            0x008003cc      0x12f
                0x008003cc                PROVIDE (__bss_start, .)
 *(.bss)
 *(.bss*)
 .bss._ZZN3Cio2isEvE1a
                0x008003cc       0x26 CController.o
                0x008003cc                _ZZN3Cio2isEvE1a
 .bss._ZZN11CController11ChangeStateE5STATE5EVENTE7entered
                0x008003f2        0x1 CController.o
 .bss._ZZN7CSerial2isEvE6serial
                0x008003f3        0x2 CController.o
                0x008003f3                _ZZN7CSerial2isEvE6serial
 .bss._ZGVZN7CSerial2isEvE6serial
                0x008003f5        0x8 CController.o
                0x008003f5                _ZGVZN7CSerial2isEvE6serial
 .bss._ZGVZN3Cio2isEvE1a
                0x008003fd        0x8 CController.o
                0x008003fd                _ZGVZN3Cio2isEvE1a
 .bss._ZZN5CLeds2isEvE3led
                0x00800405        0x4 Cio.o
                0x00800405                _ZZN5CLeds2isEvE3led
 .bss._ZZN3Cio13TravelChangedEvE15OldInsideTravel
                0x00800409        0x1 Cio.o
 .bss._ZZN3Cio13TravelChangedEvE9OldTravel
                0x0080040a        0x1 Cio.o
 .bss._ZZN3Cio11CampChangedEvE13OldInsideCamp
                0x0080040b        0x1 Cio.o
 .bss._ZZN3Cio11CampChangedEvE7OldCamp
                0x0080040c        0x1 Cio.o
 .bss._ZZN3Cio21SteeringRemoteChangedEvE8OldPortB
                0x0080040d        0x1 Cio.o
 .bss._ZZN3Cio20OutSideRemoteChangedEvE8OldPortA
                0x0080040e        0x1 Cio.o
 .bss._ZZN3Cio13RockerChangedEvE11OldRockerUp
                0x0080040f        0x1 Cio.o
 .bss._ZZN3Cio13RockerChangedEvE13OldRockerDown
                0x00800410        0x1 Cio.o
 .bss._ZGVZN5CLeds2isEvE3led
                0x00800411        0x8 Cio.o
                0x00800411                _ZGVZN5CLeds2isEvE3led
 .bss._ZZN4CADC2isEvE1a
                0x00800419        0x1 corner.o
                0x00800419                _ZZN4CADC2isEvE1a
 .bss._ZGVZN4CADC2isEvE1a
                0x0080041a        0x8 corner.o
                0x0080041a                _ZGVZN4CADC2isEvE1a
 .bss._ZN6CTimer8TimerTicE
                0x00800422        0x4 CTimer.o
                0x00800422                _ZN6CTimer8TimerTicE
 .bss._ZZN9FsmTravel7OnEntryEvE6inited
                0x00800426        0x1 fsm/Travel.o
 .bss._ZL5RxBuf
                0x00800427       0x6a CSerial.o
 .bss._ZL5TxBuf
                0x00800491       0x6a CSerial.o
 *(COMMON)
                0x008004fb                PROVIDE (__bss_end, .)
                0x00001c10                __data_load_start = LOADADDR (.data)
                0x00001edc                __data_load_end = (__data_load_start + SIZEOF (.data))

.noinit         0x008004fb        0x0
                0x008004fb                PROVIDE (__noinit_start, .)
 *(.noinit*)
                0x008004fb                PROVIDE (__noinit_end, .)
                0x008004fb                _end = .
                0x008004fb                PROVIDE (__heap_start, .)

.eeprom         0x00810000        0x0
 *(.eeprom*)
                0x00810000                __eeprom_end = .

.fuse
 *(.fuse)
 *(.lfuse)
 *(.hfuse)
 *(.efuse)

.lock
 *(.lock*)

.signature
 *(.signature*)

.user_signatures
 *(.user_signatures*)

.stab
 *(.stab)

.stabstr
 *(.stabstr)

.stab.excl
 *(.stab.excl)

.stab.exclstr
 *(.stab.exclstr)

.stab.index
 *(.stab.index)

.stab.indexstr
 *(.stab.indexstr)

.comment        0x00000000       0x30
 *(.comment)
 .comment       0x00000000       0x30 CADC.o
                                 0x31 (size before relaxing)
 .comment       0x00000000       0x31 CController.o
 .comment       0x00000000       0x31 CDigital.o
 .comment       0x00000000       0x31 Cio.o
 .comment       0x00000000       0x31 CLedDriver.o
 .comment       0x00000000       0x31 CLeds.o
 .comment       0x00000000       0x31 corner.o
 .comment       0x00000000       0x31 CTimer.o
 .comment       0x00000000       0x31 Debounced.o
 .comment       0x00000000       0x31 fsm/Camp.o
 .comment       0x00000000       0x31 fsm/CampCal.o
 .comment       0x00000000       0x31 fsm/ManualCal.o
 .comment       0x00000000       0x31 fsm/TravelCal.o
 .comment       0x00000000       0x31 fsm/Manual.o
 .comment       0x00000000       0x31 fsm/Travel.o
 .comment       0x00000000       0x31 i2cmaster.o
 .comment       0x00000000       0x31 MicroLevel.o
 .comment       0x00000000       0x31 CSerial.o

.note.gnu.build-id
 *(.note.gnu.build-id)

.debug
 *(.debug)

.line
 *(.line)

.debug_srcinfo
 *(.debug_srcinfo)

.debug_sfnames
 *(.debug_sfnames)

.debug_aranges
 *(.debug_aranges)

.debug_pubnames
 *(.debug_pubnames)

.debug_info
 *(.debug_info .gnu.linkonce.wi.*)

.debug_abbrev
 *(.debug_abbrev)

.debug_line
 *(.debug_line .debug_line.* .debug_line_end)

.debug_frame
 *(.debug_frame)

.debug_str
 *(.debug_str)

.debug_loc
 *(.debug_loc)

.debug_macinfo
 *(.debug_macinfo)

.debug_weaknames
 *(.debug_weaknames)

.debug_funcnames
 *(.debug_funcnames)

.debug_typenames
 *(.debug_typenames)

.debug_varnames
 *(.debug_varnames)

.debug_pubtypes
 *(.debug_pubtypes)

.debug_ranges
 *(.debug_ranges)

.debug_macro
 *(.debug_macro)
OUTPUT(MicroLevel.elf elf32-avr)
LOAD linker stubs
