Archive member included to satisfy reference by file (symbol)

c:/program files (x86)/atmel/studio/7.0/toolchain/avr8/avr8-gnu-toolchain/bin/../lib/gcc/avr/4.9.2/../../../../avr/lib/avr51\libm.a(addsf3.o)
                              MMA8451.o (__addsf3)
c:/program files (x86)/atmel/studio/7.0/toolchain/avr8/avr8-gnu-toolchain/bin/../lib/gcc/avr/4.9.2/../../../../avr/lib/avr51\libm.a(addsf3x.o)
                              c:/program files (x86)/atmel/studio/7.0/toolchain/avr8/avr8-gnu-toolchain/bin/../lib/gcc/avr/4.9.2/../../../../avr/lib/avr51\libm.a(addsf3.o) (__addsf3x)
c:/program files (x86)/atmel/studio/7.0/toolchain/avr8/avr8-gnu-toolchain/bin/../lib/gcc/avr/4.9.2/../../../../avr/lib/avr51\libm.a(atan2.o)
                              MMA8451.o (atan2)
c:/program files (x86)/atmel/studio/7.0/toolchain/avr8/avr8-gnu-toolchain/bin/../lib/gcc/avr/4.9.2/../../../../avr/lib/avr51\libm.a(atan.o)
                              c:/program files (x86)/atmel/studio/7.0/toolchain/avr8/avr8-gnu-toolchain/bin/../lib/gcc/avr/4.9.2/../../../../avr/lib/avr51\libm.a(atan2.o) (atan)
c:/program files (x86)/atmel/studio/7.0/toolchain/avr8/avr8-gnu-toolchain/bin/../lib/gcc/avr/4.9.2/../../../../avr/lib/avr51\libm.a(divsf3.o)
                              MMA8451.o (__divsf3)
c:/program files (x86)/atmel/studio/7.0/toolchain/avr8/avr8-gnu-toolchain/bin/../lib/gcc/avr/4.9.2/../../../../avr/lib/avr51\libm.a(divsf3x.o)
                              c:/program files (x86)/atmel/studio/7.0/toolchain/avr8/avr8-gnu-toolchain/bin/../lib/gcc/avr/4.9.2/../../../../avr/lib/avr51\libm.a(divsf3.o) (__divsf3x)
c:/program files (x86)/atmel/studio/7.0/toolchain/avr8/avr8-gnu-toolchain/bin/../lib/gcc/avr/4.9.2/../../../../avr/lib/avr51\libm.a(fixsfsi.o)
                              CSerial.o (__fixsfsi)
c:/program files (x86)/atmel/studio/7.0/toolchain/avr8/avr8-gnu-toolchain/bin/../lib/gcc/avr/4.9.2/../../../../avr/lib/avr51\libm.a(fixunssfsi.o)
                              c:/program files (x86)/atmel/studio/7.0/toolchain/avr8/avr8-gnu-toolchain/bin/../lib/gcc/avr/4.9.2/../../../../avr/lib/avr51\libm.a(fixsfsi.o) (__fixunssfsi)
c:/program files (x86)/atmel/studio/7.0/toolchain/avr8/avr8-gnu-toolchain/bin/../lib/gcc/avr/4.9.2/../../../../avr/lib/avr51\libm.a(floatsisf.o)
                              MMA8451.o (__floatsisf)
c:/program files (x86)/atmel/studio/7.0/toolchain/avr8/avr8-gnu-toolchain/bin/../lib/gcc/avr/4.9.2/../../../../avr/lib/avr51\libm.a(fp_inf.o)
                              c:/program files (x86)/atmel/studio/7.0/toolchain/avr8/avr8-gnu-toolchain/bin/../lib/gcc/avr/4.9.2/../../../../avr/lib/avr51\libm.a(addsf3x.o) (__fp_inf)
c:/program files (x86)/atmel/studio/7.0/toolchain/avr8/avr8-gnu-toolchain/bin/../lib/gcc/avr/4.9.2/../../../../avr/lib/avr51\libm.a(fp_nan.o)
                              c:/program files (x86)/atmel/studio/7.0/toolchain/avr8/avr8-gnu-toolchain/bin/../lib/gcc/avr/4.9.2/../../../../avr/lib/avr51\libm.a(addsf3x.o) (__fp_nan)
c:/program files (x86)/atmel/studio/7.0/toolchain/avr8/avr8-gnu-toolchain/bin/../lib/gcc/avr/4.9.2/../../../../avr/lib/avr51\libm.a(fp_powser.o)
                              c:/program files (x86)/atmel/studio/7.0/toolchain/avr8/avr8-gnu-toolchain/bin/../lib/gcc/avr/4.9.2/../../../../avr/lib/avr51\libm.a(atan.o) (__fp_powser)
c:/program files (x86)/atmel/studio/7.0/toolchain/avr8/avr8-gnu-toolchain/bin/../lib/gcc/avr/4.9.2/../../../../avr/lib/avr51\libm.a(fp_pscA.o)
                              c:/program files (x86)/atmel/studio/7.0/toolchain/avr8/avr8-gnu-toolchain/bin/../lib/gcc/avr/4.9.2/../../../../avr/lib/avr51\libm.a(addsf3x.o) (__fp_pscA)
c:/program files (x86)/atmel/studio/7.0/toolchain/avr8/avr8-gnu-toolchain/bin/../lib/gcc/avr/4.9.2/../../../../avr/lib/avr51\libm.a(fp_pscB.o)
                              c:/program files (x86)/atmel/studio/7.0/toolchain/avr8/avr8-gnu-toolchain/bin/../lib/gcc/avr/4.9.2/../../../../avr/lib/avr51\libm.a(addsf3x.o) (__fp_pscB)
c:/program files (x86)/atmel/studio/7.0/toolchain/avr8/avr8-gnu-toolchain/bin/../lib/gcc/avr/4.9.2/../../../../avr/lib/avr51\libm.a(fp_round.o)
                              c:/program files (x86)/atmel/studio/7.0/toolchain/avr8/avr8-gnu-toolchain/bin/../lib/gcc/avr/4.9.2/../../../../avr/lib/avr51\libm.a(addsf3.o) (__fp_round)
c:/program files (x86)/atmel/studio/7.0/toolchain/avr8/avr8-gnu-toolchain/bin/../lib/gcc/avr/4.9.2/../../../../avr/lib/avr51\libm.a(fp_split3.o)
                              c:/program files (x86)/atmel/studio/7.0/toolchain/avr8/avr8-gnu-toolchain/bin/../lib/gcc/avr/4.9.2/../../../../avr/lib/avr51\libm.a(addsf3x.o) (__fp_split3)
c:/program files (x86)/atmel/studio/7.0/toolchain/avr8/avr8-gnu-toolchain/bin/../lib/gcc/avr/4.9.2/../../../../avr/lib/avr51\libm.a(fp_zero.o)
                              c:/program files (x86)/atmel/studio/7.0/toolchain/avr8/avr8-gnu-toolchain/bin/../lib/gcc/avr/4.9.2/../../../../avr/lib/avr51\libm.a(addsf3x.o) (__fp_zero)
[...]
Memory Configuration

Name             Origin             Length             Attributes
text             0x00000000         0x00020000         xr
data             0x00800100         0x0000ff00         rw !x
eeprom           0x00810000         0x00010000         rw !x
fuse             0x00820000         0x00000003         rw !x
lock             0x00830000         0x00000400         rw !x
signature        0x00840000         0x00000400         rw !x
user_signatures  0x00850000         0x00000400         rw !x
*default*        0x00000000         0xffffffff

Linker script and memory map

Address of section .data set to 0x800100
LOAD c:/program files (x86)/atmel/studio/7.0/toolchain/avr8/avr8-gnu-toolchain/bin/../lib/gcc/avr/4.9.2/../../../../avr/lib/avr51/crtatmega1284.o
LOAD CADC.o
LOAD CController.o
LOAD CDigital.o
LOAD Cio.o
LOAD CLedDriver.o
LOAD CLeds.o
LOAD corner.o
LOAD CTimer.o
LOAD Debounced.o
LOAD fsm/Camp.o
LOAD fsm/CampCal.o
LOAD fsm/Dance.o
LOAD fsm/ManualCal.o
LOAD fsm/TravelCal.o
LOAD fsm/Manual.o
LOAD fsm/Travel.o
LOAD i2cmaster.o
LOAD MicroLevel.o
LOAD CSerial.o
LOAD MMA8451.o
LOAD nvm.o
START GROUP
LOAD c:/program files (x86)/atmel/studio/7.0/toolchain/avr8/avr8-gnu-toolchain/bin/../lib/gcc/avr/4.9.2/../../../../avr/lib/avr51\libm.a
END GROUP
LOAD c:/program files (x86)/atmel/studio/7.0/toolchain/avr8/avr8-gnu-toolchain/bin/../lib/gcc/avr/4.9.2/avr51\libgcc.a
LOAD c:/program files (x86)/atmel/studio/7.0/toolchain/avr8/avr8-gnu-toolchain/bin/../lib/gcc/avr/4.9.2/../../../../avr/lib/avr51\libm.a
START GROUP
LOAD c:/program files (x86)/atmel/studio/7.0/toolchain/avr8/avr8-gnu-toolchain/bin/../lib/gcc/avr/4.9.2/avr51\libgcc.a
LOAD c:/program files (x86)/atmel/studio/7.0/toolchain/avr8/avr8-gnu-toolchain/bin/../lib/gcc/avr/4.9.2/../../../../avr/lib/avr51\libm.a
LOAD c:/program files (x86)/atmel/studio/7.0/toolchain/avr8/avr8-gnu-toolchain/bin/../lib/gcc/avr/4.9.2/../../../../avr/lib/avr51\libc.a
LOAD c:/program files (x86)/atmel/studio/7.0/toolchain/avr8/avr8-gnu-toolchain/bin/../lib/gcc/avr/4.9.2/../../../../avr/lib/avr51\libatmega1284.a
END GROUP
                0x00020000                __TEXT_REGION_LENGTH__ = DEFINED (__TEXT_REGION_LENGTH__)?__TEXT_REGION_LENGTH__:0x20000
                0x0000ff00                __DATA_REGION_LENGTH__ = DEFINED (__DATA_REGION_LENGTH__)?__DATA_REGION_LENGTH__:0xff00
                0x00010000                __EEPROM_REGION_LENGTH__ = DEFINED (__EEPROM_REGION_LENGTH__)?__EEPROM_REGION_LENGTH__:0x10000
                [0x00000003]                __FUSE_REGION_LENGTH__ = DEFINED (__FUSE_REGION_LENGTH__)?__FUSE_REGION_LENGTH__:0x400
                0x00000400                __LOCK_REGION_LENGTH__ = DEFINED (__LOCK_REGION_LENGTH__)?__LOCK_REGION_LENGTH__:0x400
                0x00000400                __SIGNATURE_REGION_LENGTH__ = DEFINED (__SIGNATURE_REGION_LENGTH__)?__SIGNATURE_REGION_LENGTH__:0x400
                0x00000400                __USER_SIGNATURE_REGION_LENGTH__ = DEFINED (__USER_SIGNATURE_REGION_LENGTH__)?__USER_SIGNATURE_REGION_LENGTH__:0x400

.hash
 *(.hash)

.dynsym
 *(.dynsym)

.dynstr
 *(.dynstr)

.gnu.version
 *(.gnu.version)

.gnu.version_d
 *(.gnu.version_d)

.gnu.version_r
 *(.gnu.version_r)

.rel.init
 *(.rel.init)

.rela.init
 *(.rela.init)

.rel.text
 *(.rel.text)
 *(.rel.text.*)
 *(.rel.gnu.linkonce.t*)

.rela.text
 *(.rela.text)
 *(.rela.text.*)
 *(.rela.gnu.linkonce.t*)

.rel.fini
 *(.rel.fini)

.rela.fini
 *(.rela.fini)

.rel.rodata
 *(.rel.rodata)
 *(.rel.rodata.*)
 *(.rel.gnu.linkonce.r*)

.rela.rodata
 *(.rela.rodata)
 *(.rela.rodata.*)
 *(.rela.gnu.linkonce.r*)

.rel.data
 *(.rel.data)
 *(.rel.data.*)
 *(.rel.gnu.linkonce.d*)

.rela.data
 *(.rela.data)
 *(.rela.data.*)
 *(.rela.gnu.linkonce.d*)

.rel.ctors
 *(.rel.ctors)

.rela.ctors
 *(.rela.ctors)

.rel.dtors
 *(.rel.dtors)

.rela.dtors
 *(.rela.dtors)

.rel.got
 *(.rel.got)

.rela.got
 *(.rela.got)

.rel.bss
 *(.rel.bss)

.rela.bss
 *(.rela.bss)

.rel.plt
 *(.rel.plt)

.rela.plt
 *(.rela.plt)

.text           0x00000000     0x57a2
 *(.vectors)
 .vectors       0x00000000       0x8c c:/program files (x86)/atmel/studio/7.0/toolchain/avr8/avr8-gnu-toolchain/bin/../lib/gcc/avr/4.9.2/../../../../avr/lib/avr51/crtatmega1284.o
                0x00000000                __vector_default
                0x00000000                __vectors
 *(.vectors)
 *(.progmem.gcc*)
 .progmem.gcc_sw_table._ZN7CCorner3RunEl
                0x0000008c        0xe corner.o
 .progmem.gcc_sw_table._ZN7FsmCamp11HandleEventE7eEvents
                0x0000009a       0x14 fsm/Camp.o
 .progmem.gcc_sw_table._ZN9FsmManual11HandleEventE7eEvents
                0x000000ae       0x14 fsm/Manual.o
 .progmem.gcc_sw_table._ZN9FsmTravel11HandleEventE7eEvents
                0x000000c2       0x14 fsm/Travel.o
                0x000000d6                . = ALIGN (0x2)
                0x000000d6                __trampolines_start = .
 *(.trampolines)
 .trampolines   0x000000d6        0x0 linker stubs
 *(.trampolines*)
                0x000000d6                __trampolines_end = .
 *libprintf_flt.a:*(.progmem.data)
 *libc.a:*(.progmem.data)
 *(.progmem*)
 .progmem.data._ZZN12FSMTravelCal6OnExitEvE3__c
                0x000000d6       0x1a fsm/TravelCal.o
                0x000000f0                . = ALIGN (0x2)
 *(.jumptables)
 *(.jumptables*)
 *(.lowtext)
 *(.lowtext*)
                0x000000f0                __ctors_start = .
 *(.ctors)
 .ctors         0x000000f0        0x2 CSerial.o
                0x000000f2                __ctors_end = .
                0x000000f2                __dtors_start = .
 *(.dtors)
                0x000000f2                __dtors_end = .
 SORT(*)(.ctors)
 SORT(*)(.dtors)
 *(.init0)
 .init0         0x000000f2        0x0 c:/program files (x86)/atmel/studio/7.0/toolchain/avr8/avr8-gnu-toolchain/bin/../lib/gcc/avr/4.9.2/../../../../avr/lib/avr51/crtatmega1284.o
                0x000000f2                __init
 *(.init0)
 *(.init1)
 *(.init1)
 *(.init2)
 .init2         0x000000f2        0xc c:/program files (x86)/atmel/studio/7.0/toolchain/avr8/avr8-gnu-toolchain/bin/../lib/gcc/avr/4.9.2/../../../../avr/lib/avr51/crtatmega1284.o
 *(.init2)
 *(.init3)
 *(.init3)
 *(.init4)
 .init4         0x000000fe       0x1a c:/program files (x86)/atmel/studio/7.0/toolchain/avr8/avr8-gnu-toolchain/bin/../lib/gcc/avr/4.9.2/avr51\libgcc.a(_copy_data.o)
                0x000000fe                __do_copy_data
 .init4         0x00000118       0x10 c:/program files (x86)/atmel/studio/7.0/toolchain/avr8/avr8-gnu-toolchain/bin/../lib/gcc/avr/4.9.2/avr51\libgcc.a(_clear_bss.o)
                0x00000118                __do_clear_bss
 *(.init4)
 *(.init5)
 *(.init5)
 *(.init6)
 .init6         0x00000128       0x16 c:/program files (x86)/atmel/studio/7.0/toolchain/avr8/avr8-gnu-toolchain/bin/../lib/gcc/avr/4.9.2/avr51\libgcc.a(_ctors.o)
                0x00000128                __do_global_ctors
 *(.init6)
 *(.init7)
 *(.init7)
 *(.init8)
 *(.init8)
 *(.init9)
 .init9         0x0000013e        0x8 c:/program files (x86)/atmel/studio/7.0/toolchain/avr8/avr8-gnu-toolchain/bin/../lib/gcc/avr/4.9.2/../../../../avr/lib/avr51/crtatmega1284.o
 *(.init9)
 *(.text)
 .text          0x00000146        0x2 c:/program files (x86)/atmel/studio/7.0/toolchain/avr8/avr8-gnu-toolchain/bin/../lib/gcc/avr/4.9.2/../../../../avr/lib/avr51/crtatmega1284.o
                0x00000146                __vector_22
                0x00000146                __vector_28
                0x00000146                __vector_1
                0x00000146                __vector_32
                0x00000146                __vector_34
                0x00000146                __vector_24
                0x00000146                __vector_12
                0x00000146                __bad_interrupt
                0x00000146                __vector_6
                0x00000146                __vector_31
                0x00000146                __vector_3
                0x00000146                __vector_23
                0x00000146                __vector_30
                0x00000146                __vector_25
                0x00000146                __vector_11
                0x00000146                __vector_13
                0x00000146                __vector_17
                0x00000146                __vector_19
                0x00000146                __vector_27
                0x00000146                __vector_33
                0x00000146                __vector_9
                0x00000146                __vector_2
                0x00000146                __vector_15
                0x00000146                __vector_29
                0x00000146                __vector_8
                0x00000146                __vector_26
                0x00000146                __vector_14
                0x00000146                __vector_10
                0x00000146                __vector_18
                0x00000146                __vector_20
                0x00000148                . = ALIGN (0x2)
 *(.text.*)
 .text._ZN4CADCC2Ev
                0x00000148        0x2 CADC.o
                0x00000148                _ZN4CADCC2Ev
                0x00000148                _ZN4CADCC1Ev
 .text._ZN4CADC4InitEv
                0x0000014a       0x14 CADC.o
                0x0000014a                _ZN4CADC4InitEv
 .text._ZN4CADC4ReadEh
                0x0000015e       0x28 CADC.o
                0x0000015e                _ZN4CADC4ReadEh
 .text._ZN4CADC13GetLeftHeightEv
                0x00000186        0x4 CADC.o
                0x00000186                _ZN4CADC13GetLeftHeightEv
 .text._ZN4CADC14GetRightHeightEv
                0x0000018a        0x4 CADC.o
                0x0000018a                _ZN4CADC14GetRightHeightEv
 .text._ZN4CADC12LeftHeightOKEv
                0x0000018e        0x4 CADC.o
                0x0000018e                _ZN4CADC12LeftHeightOKEv
 .text._ZN4CADC13RightHeightOKEv
                0x00000192        0x4 CADC.o
                0x00000192                _ZN4CADC13RightHeightOKEv
 .text._ZN11CControllerC2Ev
                0x00000196       0xea CController.o
                0x00000196                _ZN11CControllerC2Ev
                0x00000196                _ZN11CControllerC1Ev
 .text._ZN11CController13ScheduleEventE7eEvents
                0x00000280       0x9c CController.o
                0x00000280                _ZN11CController13ScheduleEventE7eEvents
 .text._ZN11CController4InitEv
                0x0000031c      0x182 CController.o
                0x0000031c                _ZN11CController4InitEv
 .text._ZN11CController11ChangeStateE7eStates7eEvents
                0x0000049e      0x134 CController.o
                0x0000049e                _ZN11CController11ChangeStateE7eStates7eEvents
 .text._ZN11CController10CheckEventEv
                0x000005d2      0x33c CController.o
                0x000005d2                _ZN11CController10CheckEventEv
 .text._ZN11CController3RunEv
                0x0000090e       0x98 CController.o
                0x0000090e                _ZN11CController3RunEv
 .text._ZN3CioC2Ev
                0x000009a6       0x3a Cio.o
                0x000009a6                _ZN3CioC1Ev
                0x000009a6                _ZN3CioC2Ev
 .text._ZN3Cio9DirectionEv
                0x000009e0       0x10 Cio.o
                0x000009e0                _ZN3Cio9DirectionEv
 .text._ZN3Cio7PullupsEv
                0x000009f0        0xc Cio.o
                0x000009f0                _ZN3Cio7PullupsEv
 .text._ZN3Cio3RunEv
                0x000009fc       0x32 Cio.o
                0x000009fc                _ZN3Cio3RunEv
 .text._ZN3Cio22EnableIgnGPIOInterruptEv
                0x00000a2e       0x1a Cio.o
                0x00000a2e                _ZN3Cio22EnableIgnGPIOInterruptEv
 .text._ZN3Cio13RockerChangedEv
                0x00000a48       0xa6 Cio.o
                0x00000a48                _ZN3Cio13RockerChangedEv
 .text._ZN3Cio20OutSideRemoteChangedEv
                0x00000aee       0x16 Cio.o
                0x00000aee                _ZN3Cio20OutSideRemoteChangedEv
 .text._ZN3Cio21SteeringRemoteChangedEv
                0x00000b04       0x16 Cio.o
                0x00000b04                _ZN3Cio21SteeringRemoteChangedEv
 .text._ZN3Cio13UpDownChangedEv
                0x00000b1a       0x30 Cio.o
                0x00000b1a                _ZN3Cio13UpDownChangedEv
 .text._ZN3Cio11CampChangedEv
                0x00000b4a       0x38 Cio.o
                0x00000b4a                _ZN3Cio11CampChangedEv
 .text._ZN3Cio13TravelChangedEv
                0x00000b82       0x38 Cio.o
                0x00000b82                _ZN3Cio13TravelChangedEv
 .text._ZN3Cio16CalibrateChangedEv
                0x00000bba       0x1e Cio.o
                0x00000bba                _ZN3Cio16CalibrateChangedEv
 .text._ZN3Cio4InitEv
                0x00000bd8       0x7e Cio.o
                0x00000bd8                _ZN3Cio4InitEv
 .text._ZN3Cio12CampSwitchesEv
                0x00000c56        0xe Cio.o
                0x00000c56                _ZN3Cio12CampSwitchesEv
 .text._ZN3Cio14TravelSwitchesEv
                0x00000c64        0xe Cio.o
                0x00000c64                _ZN3Cio14TravelSwitchesEv
 .text._ZN3Cio11RightFillOnEv
                0x00000c72       0x5a Cio.o
                0x00000c72                _ZN3Cio11RightFillOnEv
 .text._ZN3Cio12RightFillOffEv
                0x00000ccc       0x5a Cio.o
                0x00000ccc                _ZN3Cio12RightFillOffEv
 .text._ZN3Cio11RightDumpOnEv
                0x00000d26       0x5a Cio.o
                0x00000d26                _ZN3Cio11RightDumpOnEv
 .text._ZN3Cio12RightDumpOffEv
                0x00000d80       0x5a Cio.o
                0x00000d80                _ZN3Cio12RightDumpOffEv
 .text._ZN3Cio5RightE12eValveStates
                0x00000dda       0x3c Cio.o
                0x00000dda                _ZN3Cio5RightE12eValveStates
 .text._ZN3Cio10LeftFillOnEv
                0x00000e16       0x5a Cio.o
                0x00000e16                _ZN3Cio10LeftFillOnEv
 .text._ZN3Cio11LeftFillOffEv
                0x00000e70       0x5a Cio.o
                0x00000e70                _ZN3Cio11LeftFillOffEv
 .text._ZN3Cio10LeftDumpOnEv
                0x00000eca       0x5a Cio.o
                0x00000eca                _ZN3Cio10LeftDumpOnEv
 .text._ZN3Cio11LeftDumpOffEv
                0x00000f24       0x5a Cio.o
                0x00000f24                _ZN3Cio11LeftDumpOffEv
 .text._ZN3Cio12RockerSwitchEv
                0x00000f7e      0x252 Cio.o
                0x00000f7e                _ZN3Cio12RockerSwitchEv
 .text._ZN3Cio13OutsideRemoteEv
                0x000011d0      0x108 Cio.o
                0x000011d0                _ZN3Cio13OutsideRemoteEv
 .text._ZN3Cio14SteeringRemoteEv
                0x000012d8       0xe4 Cio.o
                0x000012d8                _ZN3Cio14SteeringRemoteEv
 .text._ZN3Cio6AllOffEv
                0x000013bc       0x1a Cio.o
                0x000013bc                _ZN3Cio6AllOffEv
 .text._ZN3Cio4LeftE12eValveStates
                0x000013d6       0x3c Cio.o
                0x000013d6                _ZN3Cio4LeftE12eValveStates
 .text._ZN3Cio9IsHoldingEv
                0x00001412       0x80 Cio.o
                0x00001412                _ZN3Cio9IsHoldingEv
 .text._ZN3Cio7PowerOnEv
                0x00001492        0x4 Cio.o
                0x00001492                _ZN3Cio7PowerOnEv
 .text._ZN3Cio8PowerOffEv
                0x00001496        0x4 Cio.o
                0x00001496                _ZN3Cio8PowerOffEv
 .text._ZN3Cio12CompressorOnEv
                0x0000149a        0x4 Cio.o
                0x0000149a                _ZN3Cio12CompressorOnEv
 .text._ZN3Cio13CompressorOffEv
                0x0000149e        0x4 Cio.o
                0x0000149e                _ZN3Cio13CompressorOffEv
 .text._ZN3Cio5SleepEv
                0x000014a2       0x5e Cio.o
                0x000014a2                _ZN3Cio5SleepEv
 .text._ZN3Cio6WakeupEv
                0x00001500      0x104 Cio.o
                0x00001500                _ZN3Cio6WakeupEv
 .text._ZN3Cio12IsIgnitionOnEv
                0x00001604        0xa Cio.o
                0x00001604                _ZN3Cio12IsIgnitionOnEv
 .text._ZN3Cio13UpdateButtonsEv
                0x0000160e       0x2a Cio.o
                0x0000160e                _ZN3Cio13UpdateButtonsEv
 .text.__vector_4
                0x00001638       0x1e Cio.o
                0x00001638                __vector_4
 .text.__vector_5
                0x00001656       0x1e Cio.o
                0x00001656                __vector_5
 .text.__vector_7
                0x00001674       0x1e Cio.o
                0x00001674                __vector_7
 .text._ZN10CLedDriverC2Ev
                0x00001692        0xe CLedDriver.o
                0x00001692                _ZN10CLedDriverC1Ev
                0x00001692                _ZN10CLedDriverC2Ev
 .text._ZN10CLedDriver4InitEv
                0x000016a0       0x98 CLedDriver.o
                0x000016a0                _ZN10CLedDriver4InitEv
 .text._ZN10CLedDriver8WriteRegEhh
                0x00001738       0x30 CLedDriver.o
                0x00001738                _ZN10CLedDriver8WriteRegEhh
 .text._ZN10CLedDriver3DimEh
                0x00001768        0x6 CLedDriver.o
                0x00001768                _ZN10CLedDriver3DimEh
 .text._ZN5CLedsC2Ev
                0x0000176e       0x12 CLeds.o
                0x0000176e                _ZN5CLedsC1Ev
                0x0000176e                _ZN5CLedsC2Ev
 .text._ZN5CLeds4InitEv
                0x00001780        0x4 CLeds.o
                0x00001780                _ZN5CLeds4InitEv
 .text._ZN5CLeds11RightFillOnEv
                0x00001784        0xc CLeds.o
                0x00001784                _ZN5CLeds11RightFillOnEv
 .text._ZN5CLeds12RightFillOffEv
                0x00001790        0xc CLeds.o
                0x00001790                _ZN5CLeds12RightFillOffEv
 .text._ZN5CLeds11RightDumpOnEv
                0x0000179c        0xc CLeds.o
                0x0000179c                _ZN5CLeds11RightDumpOnEv
 .text._ZN5CLeds12RightDumpOffEv
                0x000017a8        0xc CLeds.o
                0x000017a8                _ZN5CLeds12RightDumpOffEv
 .text._ZN5CLeds8ActiveOnEv
                0x000017b4        0xc CLeds.o
                0x000017b4                _ZN5CLeds8ActiveOnEv
 .text._ZN5CLeds9ActiveOffEv
                0x000017c0        0xc CLeds.o
                0x000017c0                _ZN5CLeds9ActiveOffEv
 .text._ZN5CLeds10LeftFillOnEv
                0x000017cc        0xc CLeds.o
                0x000017cc                _ZN5CLeds10LeftFillOnEv
 .text._ZN5CLeds11LeftFillOffEv
                0x000017d8        0xc CLeds.o
                0x000017d8                _ZN5CLeds11LeftFillOffEv
 .text._ZN5CLeds10LeftDumpOnEv
                0x000017e4        0xc CLeds.o
                0x000017e4                _ZN5CLeds10LeftDumpOnEv
 .text._ZN5CLeds11LeftDumpOffEv
                0x000017f0        0xc CLeds.o
                0x000017f0                _ZN5CLeds11LeftDumpOffEv
 .text._ZN5CLeds6CampOnEv
                0x000017fc        0xc CLeds.o
                0x000017fc                _ZN5CLeds6CampOnEv
 .text._ZN5CLeds7CampOffEv
                0x00001808        0xc CLeds.o
                0x00001808                _ZN5CLeds7CampOffEv
 .text._ZN5CLeds8TravelOnEv
                0x00001814        0xc CLeds.o
                0x00001814                _ZN5CLeds8TravelOnEv
 .text._ZN5CLeds9TravelOffEv
                0x00001820        0xc CLeds.o
                0x00001820                _ZN5CLeds9TravelOffEv
 .text._ZN5CLeds6AllOffEv
                0x0000182c       0x26 CLeds.o
                0x0000182c                _ZN5CLeds6AllOffEv
 .text._ZN7CCorner9GetHeightEv
                0x00001852      0x118 corner.o
                0x00001852                _ZN7CCorner9GetHeightEv
 .text._ZN7CCornerC2E8Position
                0x0000196a       0x7a corner.o
                0x0000196a                _ZN7CCornerC2E8Position
                0x0000196a                _ZN7CCornerC1E8Position
 .text._ZN7CCorner4InitE8Position
                0x000019e4       0x9a corner.o
                0x000019e4                _ZN7CCorner4InitE8Position
 .text._ZN7CCorner6FillOnEv
                0x00001a7e       0x62 corner.o
                0x00001a7e                _ZN7CCorner6FillOnEv
 .text._ZN7CCorner7FillOffEv
                0x00001ae0       0x62 corner.o
                0x00001ae0                _ZN7CCorner7FillOffEv
 .text._ZN7CCorner6DumpOnEv
                0x00001b42       0x62 corner.o
                0x00001b42                _ZN7CCorner6DumpOnEv
 .text._ZN7CCorner7DumpOffEv
                0x00001ba4       0x62 corner.o
                0x00001ba4                _ZN7CCorner7DumpOffEv
 .text._ZN7CCorner8SetStateE7ValveOp
                0x00001c06       0xf8 corner.o
                0x00001c06                _ZN7CCorner8SetStateE7ValveOp
 .text._ZN7CCorner8FillExitEv
                0x00001cfe       0x1e corner.o
                0x00001cfe                _ZN7CCorner8FillExitEv
 .text._ZN7CCorner8DumpExitEv
                0x00001d1c       0x1e corner.o
                0x00001d1c                _ZN7CCorner8DumpExitEv
 .text._ZN7CCorner7AverageEj
                0x00001d3a       0x74 corner.o
                0x00001d3a                _ZN7CCorner7AverageEj
 .text._ZN7CCorner6SmoothEj
                0x00001dae       0x7a corner.o
                0x00001dae                _ZN7CCorner6SmoothEj
 .text._ZN7CCorner13SetLongFilterEb
                0x00001e28       0xdc corner.o
                0x00001e28                _ZN7CCorner13SetLongFilterEb
 .text._ZN7CCorner8AtHeightEb
                0x00001f04        0xc corner.o
                0x00001f04                _ZN7CCorner8AtHeightEb
 .text._ZN7CCorner8AtHeightEv
                0x00001f10        0xa corner.o
                0x00001f10                _ZN7CCorner8AtHeightEv
 .text._ZN7CCorner12FilterHeightEll
                0x00001f1a      0x25a corner.o
                0x00001f1a                _ZN7CCorner12FilterHeightEll
 .text._ZN7CCorner3RunEl
                0x00002174      0x362 corner.o
                0x00002174                _ZN7CCorner3RunEl
 .text._ZN6CTimer4InitEv
                0x000024d6       0x16 CTimer.o
                0x000024d6                _ZN6CTimer4InitEv
 .text._ZN6CTimer7GetTickEv
                0x000024ec       0x16 CTimer.o
                0x000024ec                _ZN6CTimer7GetTickEv
 .text._ZN6CTimer10IsTimedOutEmm
                0x00002502       0x46 CTimer.o
                0x00002502                _ZN6CTimer10IsTimedOutEmm
 .text.__vector_16
                0x00002548       0x4a CTimer.o
                0x00002548                __vector_16
 .text._ZN9DebouncedC2Ev
                0x00002592       0x18 Debounced.o
                0x00002592                _ZN9DebouncedC1Ev
                0x00002592                _ZN9DebouncedC2Ev
 .text._ZN9Debounced6GetPinEv
                0x000025aa       0x70 Debounced.o
                0x000025aa                _ZN9Debounced6GetPinEv
 .text._ZN9Debounced6AttachE8IO_Portsh
                0x0000261a       0x18 Debounced.o
                0x0000261a                _ZN9Debounced6AttachE8IO_Portsh
 .text._ZN9Debounced6UpdateEv
                0x00002632       0x64 Debounced.o
                0x00002632                _ZN9Debounced6UpdateEv
 .text._ZN7FsmCamp6OnExitEv
                0x00002696       0x58 fsm/Camp.o
                0x00002696                _ZN7FsmCamp6OnExitEv
 .text._ZTv0_n10_N7FsmCamp6OnExitEv
                0x000026ee       0x12 fsm/Camp.o
                0x000026ee                _ZTv0_n10_N7FsmCamp6OnExitEv
 .text._ZN7FsmCamp7OnEntryEv
                0x00002700      0x162 fsm/Camp.o
                0x00002700                _ZN7FsmCamp7OnEntryEv
 .text._ZTv0_n6_N7FsmCamp7OnEntryEv
                0x00002862       0x12 fsm/Camp.o
                0x00002862                _ZTv0_n6_N7FsmCamp7OnEntryEv
 .text._ZN7FsmCampC1ER11CController
                0x00002874       0x3c fsm/Camp.o
                0x00002874                _ZN7FsmCampC1ER11CController
 .text._ZN7FsmCamp7LevelItEv
                0x000028b0      0x918 fsm/Camp.o
                0x000028b0                _ZN7FsmCamp7LevelItEv
 .text._ZN7FsmCamp11HandleEventE7eEvents
                0x000031c8      0x4a2 fsm/Camp.o
                0x000031c8                _ZN7FsmCamp11HandleEventE7eEvents
 .text._ZTv0_n8_N7FsmCamp11HandleEventE7eEvents
                0x0000366a       0x12 fsm/Camp.o
                0x0000366a                _ZTv0_n8_N7FsmCamp11HandleEventE7eEvents
 .text._ZN10FSMCampCal6OnExitEv
                0x0000367c       0x5c fsm/CampCal.o
                0x0000367c                _ZN10FSMCampCal6OnExitEv
 .text._ZN10FSMCampCal7OnEntryEv
                0x000036d8       0x74 fsm/CampCal.o
                0x000036d8                _ZN10FSMCampCal7OnEntryEv
 .text._ZN10FSMCampCal11HandleEventE7eEvents
                0x0000374c      0x388 fsm/CampCal.o
                0x0000374c                _ZN10FSMCampCal11HandleEventE7eEvents
 .text._ZN10FSMCampCalC2ER11CController
                0x00003ad4       0x18 fsm/CampCal.o
                0x00003ad4                _ZN10FSMCampCalC1ER11CController
                0x00003ad4                _ZN10FSMCampCalC2ER11CController
 .text._ZN9ManualCal7OnEntryEv
                0x00003aec       0x30 fsm/ManualCal.o
                0x00003aec                _ZN9ManualCal7OnEntryEv
 .text._ZN9ManualCal6OnExitEv
                0x00003b1c       0x5c fsm/ManualCal.o
                0x00003b1c                _ZN9ManualCal6OnExitEv
 .text._ZN9ManualCal11HandleEventE7eEvents
                0x00003b78      0x302 fsm/ManualCal.o
                0x00003b78                _ZN9ManualCal11HandleEventE7eEvents
 .text._ZN9ManualCalC2ER11CController
                0x00003e7a       0x18 fsm/ManualCal.o
                0x00003e7a                _ZN9ManualCalC2ER11CController
                0x00003e7a                _ZN9ManualCalC1ER11CController
 .text._ZN12FSMTravelCal7OnEntryEv
                0x00003e92       0x74 fsm/TravelCal.o
                0x00003e92                _ZN12FSMTravelCal7OnEntryEv
 .text._ZN12FSMTravelCal6OnExitEv
                0x00003f06       0x5c fsm/TravelCal.o
                0x00003f06                _ZN12FSMTravelCal6OnExitEv
 .text._ZN12FSMTravelCal11HandleEventE7eEvents
                0x00003f62      0x338 fsm/TravelCal.o
                0x00003f62                _ZN12FSMTravelCal11HandleEventE7eEvents
 .text._ZN12FSMTravelCalC2ER11CController
                0x0000429a       0x18 fsm/TravelCal.o
                0x0000429a                _ZN12FSMTravelCalC2ER11CController
                0x0000429a                _ZN12FSMTravelCalC1ER11CController
 .text._ZN9FsmManual6OnExitEv
                0x000042b2       0x50 fsm/Manual.o
                0x000042b2                _ZN9FsmManual6OnExitEv
 .text._ZN9FsmManual7OnEntryEv
                0x00004302       0xc8 fsm/Manual.o
                0x00004302                _ZN9FsmManual7OnEntryEv
 .text._ZN9FsmManual11HandleEventE7eEvents
                0x000043ca      0x4c6 fsm/Manual.o
                0x000043ca                _ZN9FsmManual11HandleEventE7eEvents
 .text._ZN9FsmManualC2ER11CController
                0x00004890       0x24 fsm/Manual.o
                0x00004890                _ZN9FsmManualC1ER11CController
                0x00004890                _ZN9FsmManualC2ER11CController
 .text._ZN9FsmTravel6OnExitEv
                0x000048b4       0x50 fsm/Travel.o
                0x000048b4                _ZN9FsmTravel6OnExitEv
 .text._ZN9FsmTravel7OnEntryEv
                0x00004904       0xb4 fsm/Travel.o
                0x00004904                _ZN9FsmTravel7OnEntryEv
 .text._ZN9FsmTravel11HandleEventE7eEvents
                0x000049b8      0x496 fsm/Travel.o
                0x000049b8                _ZN9FsmTravel11HandleEventE7eEvents
 .text._ZN9FsmTravelC2ER11CController
                0x00004e4e       0x4c fsm/Travel.o
                0x00004e4e                _ZN9FsmTravelC2ER11CController
                0x00004e4e                _ZN9FsmTravelC1ER11CController
 .text.i2c_init
                0x00004e9a        0xc i2cmaster.o
                0x00004e9a                i2c_init
 .text.i2c_sync
                0x00004ea6       0x38 i2cmaster.o
                0x00004ea6                i2c_sync
 .text.i2c_waitStop
                0x00004ede       0x38 i2cmaster.o
                0x00004ede                i2c_waitStop
 .text.i2c_start
                0x00004f16       0x4c i2cmaster.o
                0x00004f16                i2c_start
 .text.i2c_rep_start
                0x00004f62        0x4 i2cmaster.o
                0x00004f62                i2c_rep_start
 .text.i2c_stop
                0x00004f66        0x8 i2cmaster.o
                0x00004f66                i2c_stop
 .text.i2c_write
                0x00004f6e       0x1c i2cmaster.o
                0x00004f6e                i2c_write
 .text.i2c_readAck
                0x00004f8a        0xe i2cmaster.o
                0x00004f8a                i2c_readAck
 .text.i2c_readNak
                0x00004f98        0xe i2cmaster.o
                0x00004f98                i2c_readNak
 .text._ZN7CSerial2isEv
                0x00004fa6       0x24 MicroLevel.o
                0x00004fa6                _ZN7CSerial2isEv
 .text._ZN3Cio2isEv
                0x00004fca       0x26 MicroLevel.o
                0x00004fca                _ZN3Cio2isEv
 .text._ZN5CLeds2isEv
                0x00004ff0       0x26 MicroLevel.o
                0x00004ff0                _ZN5CLeds2isEv
 .text.main     0x00005016       0xd0 MicroLevel.o
                0x00005016                main
 .text.__cxa_guard_acquire
                0x000050e6       0x12 CSerial.o
                0x000050e6                __cxa_guard_acquire
 .text.__cxa_guard_release
                0x000050f8        0x8 CSerial.o
                0x000050f8                __cxa_guard_release
 .text._ZN7CSerialC2Ev
                0x00005100        0xa CSerial.o
                0x00005100                _ZN7CSerialC2Ev
                0x00005100                _ZN7CSerialC1Ev
 .text._ZN7CSerial4InitEv
                0x0000510a       0x2c CSerial.o
                0x0000510a                _ZN7CSerial4InitEv
 .text._ZN7CSerial3putEPKc
                0x00005136       0x62 CSerial.o
                0x00005136                _ZN7CSerial3putEPKc
 .text._ZN7CSerial5put16Ei
                0x00005198       0xd6 CSerial.o
                0x00005198                _ZN7CSerial5put16Ei
 .text._ZlsR7CSerialh
                0x0000526e       0x12 CSerial.o
                0x0000526e                _ZlsR7CSerialh
 .text._ZlsR7CSerialj
                0x00005280       0x10 CSerial.o
                0x00005280                _ZlsR7CSerialj
 .text._ZlsR7CSeriali
                0x00005290       0x10 CSerial.o
                0x00005290                _ZlsR7CSeriali
 .text._ZlsR7CSerialPKc
                0x000052a0       0x10 CSerial.o
                0x000052a0                _ZlsR7CSerialPKc
 .text.__vector_21
                0x000052b0       0x7e CSerial.o
                0x000052b0                __vector_21
 .text._GLOBAL__sub_I___cxa_guard_acquire
                0x0000532e       0x2a CSerial.o
 .text._ZN8CMMA8451C2Ev
                0x00005358        0x2 MMA8451.o
                0x00005358                _ZN8CMMA8451C2Ev
                0x00005358                _ZN8CMMA8451C1Ev
 .text._ZN8CMMA84517ReadXYZERiS0_S0_
                0x0000535a       0x94 MMA8451.o
                0x0000535a                _ZN8CMMA84517ReadXYZERiS0_S0_
 .text._ZN8CMMA845113readRegister8EhPh
                0x000053ee       0x40 MMA8451.o
                0x000053ee                _ZN8CMMA845113readRegister8EhPh
 .text._ZN8CMMA845113readRegister8Eh
                0x0000542e       0x1c MMA8451.o
                0x0000542e                _ZN8CMMA845113readRegister8Eh
 .text._ZN8CMMA845114writeRegister8Ehh
                0x0000544a       0x28 MMA8451.o
                0x0000544a                _ZN8CMMA845114writeRegister8Ehh
 .text._ZN8CMMA84514InitEv
                0x00005472       0xf8 MMA8451.o
                0x00005472                _ZN8CMMA84514InitEv
 .text._ZN3nvmC2Ev
                0x0000556a        0x2 nvm.o
                0x0000556a                _ZN3nvmC2Ev
                0x0000556a                _ZN3nvmC1Ev
 .text._ZN3nvm4SaveEv
                0x0000556c       0x5a nvm.o
                0x0000556c                _ZN3nvm4SaveEv
 .text._ZN3nvm4initEv
                0x000055c6       0x90 nvm.o
                0x000055c6                _ZN3nvm4initEv
 .text.libgcc.div
                0x00005656       0x26 c:/program files (x86)/atmel/studio/7.0/toolchain/avr8/avr8-gnu-toolchain/bin/../lib/gcc/avr/4.9.2/avr51\libgcc.a(_divmodhi4.o)
                0x00005656                _div
                0x00005656                __divmodhi4
 .text.libgcc.div
                0x0000567c       0x44 c:/program files (x86)/atmel/studio/7.0/toolchain/avr8/avr8-gnu-toolchain/bin/../lib/gcc/avr/4.9.2/avr51\libgcc.a(_udivmodsi4.o)
                0x0000567c                __udivmodsi4
 .text.libgcc   0x000056c0       0x12 c:/program files (x86)/atmel/studio/7.0/toolchain/avr8/avr8-gnu-toolchain/bin/../lib/gcc/avr/4.9.2/avr51\libgcc.a(_tablejump2.o)
                0x000056c0                __tablejump2__
 .text.libgcc.mul
                0x000056d2        0xc c:/program files (x86)/atmel/studio/7.0/toolchain/avr8/avr8-gnu-toolchain/bin/../lib/gcc/avr/4.9.2/avr51\libgcc.a(_mulshisi3.o)
                0x000056d2                __mulshisi3
                0x000056d6                __mulohisi3
 .text.libgcc.div
                0x000056de       0x28 c:/program files (x86)/atmel/studio/7.0/toolchain/avr8/avr8-gnu-toolchain/bin/../lib/gcc/avr/4.9.2/avr51\libgcc.a(_udivmodhi4.o)
                0x000056de                __udivmodhi4
 .text.libgcc.mul
                0x00005706       0x14 c:/program files (x86)/atmel/studio/7.0/toolchain/avr8/avr8-gnu-toolchain/bin/../lib/gcc/avr/4.9.2/avr51\libgcc.a(_muluhisi3.o)
                0x00005706                __muluhisi3
 .text.libgcc.mul
                0x0000571a       0x1e c:/program files (x86)/atmel/studio/7.0/toolchain/avr8/avr8-gnu-toolchain/bin/../lib/gcc/avr/4.9.2/avr51\libgcc.a(_umulhisi3.o)
                0x0000571a                __umulhisi3
 .text.avr-libc
                0x00005738       0x10 c:/program files (x86)/atmel/studio/7.0/toolchain/avr8/avr8-gnu-toolchain/bin/../lib/gcc/avr/4.9.2/../../../../avr/lib/avr51\libatmega1284.a(eerd_byte.o)
                0x00005738                eeprom_read_byte
 .text.avr-libc
                0x00005748        0xa c:/program files (x86)/atmel/studio/7.0/toolchain/avr8/avr8-gnu-toolchain/bin/../lib/gcc/avr/4.9.2/../../../../avr/lib/avr51\libatmega1284.a(eerd_word.o)
                0x00005748                eeprom_read_word
 .text.avr-libc
                0x00005752       0x24 c:/program files (x86)/atmel/studio/7.0/toolchain/avr8/avr8-gnu-toolchain/bin/../lib/gcc/avr/4.9.2/../../../../avr/lib/avr51\libatmega1284.a(eeupd_byte.o)
                0x00005752                eeprom_update_byte
                0x00005754                eeprom_update_r18
 .text.avr-libc
                0x00005776        0x8 c:/program files (x86)/atmel/studio/7.0/toolchain/avr8/avr8-gnu-toolchain/bin/../lib/gcc/avr/4.9.2/../../../../avr/lib/avr51\libatmega1284.a(eeupd_word.o)
                0x00005776                eeprom_update_word
 .text.avr-libc
                0x0000577e       0x20 c:/program files (x86)/atmel/studio/7.0/toolchain/avr8/avr8-gnu-toolchain/bin/../lib/gcc/avr/4.9.2/../../../../avr/lib/avr51\libatmega1284.a(eerd_block.o)
                0x0000577e                eeprom_read_block
                0x00005782                eeprom_read_blraw
                0x0000579e                . = ALIGN (0x2)
 *(.fini9)
 .fini9         0x0000579e        0x0 c:/program files (x86)/atmel/studio/7.0/toolchain/avr8/avr8-gnu-toolchain/bin/../lib/gcc/avr/4.9.2/avr51\libgcc.a(_exit.o)
                0x0000579e                _exit
                0x0000579e                exit
 *(.fini9)
 *(.fini8)
 *(.fini8)
 *(.fini7)
 *(.fini7)
 *(.fini6)
 *(.fini6)
 *(.fini5)
 *(.fini5)
 *(.fini4)
 *(.fini4)
 *(.fini3)
 *(.fini3)
 *(.fini2)
 *(.fini2)
 *(.fini1)
 *(.fini1)
 *(.fini0)
 .fini0         0x0000579e        0x4 c:/program files (x86)/atmel/studio/7.0/toolchain/avr8/avr8-gnu-toolchain/bin/../lib/gcc/avr/4.9.2/avr51\libgcc.a(_exit.o)
 *(.fini0)
                0x000057a2                _etext = .

.data           0x00800100      0x7fc load address 0x000057a2
                0x00800100                PROVIDE (__data_start, .)
 *(.data)
 *(.data*)
 *(.rodata)
 *(.rodata*)
 .rodata.str1.1
                0x00800100      0x157 CController.o
                                0x159 (size before relaxing)
 .rodata._ZZN11CController13ScheduleEventE7eEventsE6events
                0x00800257       0x16 CController.o
 .rodata.str1.1
                0x0080026d       0xbf Cio.o
                                 0xc4 (size before relaxing)
 .rodata.str1.1
                0x0080032c       0xb7 corner.o
                                 0xba (size before relaxing)
 .rodata._ZZN7CCorner8SetStateE7ValveOpE9StateStrs
                0x008003e3       0x10 corner.o
 .rodata._ZZN7CCorner8SetStateE7ValveOpE10CornerName
                0x008003f3        0x4 corner.o
 .rodata.str1.1
                0x008003f7      0x197 fsm/Camp.o
                                0x19c (size before relaxing)
 .rodata._ZTT7FsmCamp
                0x0080058e        0x4 fsm/Camp.o
                0x0080058e                _ZTT7FsmCamp
 .rodata._ZTV7FsmCamp
                0x00800592       0x1c fsm/Camp.o
                0x00800592                _ZTV7FsmCamp
 .rodata.str1.1
                0x008005ae       0x82 fsm/CampCal.o
                                 0x84 (size before relaxing)
 .rodata._ZTV10FSMCampCal
                0x00800630        0xa fsm/CampCal.o
                0x00800630                _ZTV10FSMCampCal
 .rodata.str1.1
                0x0080063a       0x6f fsm/ManualCal.o
                                 0x71 (size before relaxing)
 .rodata._ZTV9ManualCal
                0x008006a9        0xa fsm/ManualCal.o
                0x008006a9                _ZTV9ManualCal
 .rodata.str1.1
                0x008006b3       0x37 fsm/TravelCal.o
                                 0x5d (size before relaxing)
 .rodata._ZTV12FSMTravelCal
                0x008006ea        0xa fsm/TravelCal.o
                0x008006ea                _ZTV12FSMTravelCal
 .rodata.str1.1
                0x008006f4       0xad fsm/Manual.o
 .rodata._ZTV9FsmManual
                0x008007a1        0xa fsm/Manual.o
                0x008007a1                _ZTV9FsmManual
 .rodata.str1.1
                0x008007ab       0x90 fsm/Travel.o
                                 0xa8 (size before relaxing)
 .rodata._ZTV9FsmTravel
                0x0080083b        0xa fsm/Travel.o
                0x0080083b                _ZTV9FsmTravel
 .rodata.str1.1
                0x00800845       0x61 MicroLevel.o
 .rodata.str1.1
                0x008008a6       0x13 CSerial.o
 .rodata.str1.1
                0x008008b9       0x42 MMA8451.o
                                 0x47 (size before relaxing)
 *(.gnu.linkonce.d*)
                0x008008fc                . = ALIGN (0x2)
 *fill*         0x008008fb        0x1 
                0x008008fc                _edata = .
                0x008008fc                PROVIDE (__data_end, .)

.bss            0x008008fc      0x8d1
                0x008008fc                PROVIDE (__bss_start, .)
 *(.bss)
 *(.bss*)
 .bss._ZZN11CController11ChangeStateE7eStates7eEventsE7entered
                0x008008fc        0x1 CController.o
 .bss._ZZN3Cio2isEvE1a
                0x008008fd       0x37 CController.o
                0x008008fd                _ZZN3Cio2isEvE1a
 .bss._ZZN5CLeds2isEvE3led
                0x00800934        0x4 CController.o
                0x00800934                _ZZN5CLeds2isEvE3led
 .bss._ZZN7CSerial2isEvE6serial
                0x00800938        0x2 CController.o
                0x00800938                _ZZN7CSerial2isEvE6serial
 .bss._ZGVZN5CLeds2isEvE3led
                0x0080093a        0x8 CController.o
                0x0080093a                _ZGVZN5CLeds2isEvE3led
 .bss._ZGVZN7CSerial2isEvE6serial
                0x00800942        0x8 CController.o
                0x00800942                _ZGVZN7CSerial2isEvE6serial
 .bss._ZGVZN3Cio2isEvE1a
                0x0080094a        0x8 CController.o
                0x0080094a                _ZGVZN3Cio2isEvE1a
 .bss._ZZN4CADC2isEvE1a
                0x00800952        0x1 Cio.o
                0x00800952                _ZZN4CADC2isEvE1a
 .bss._ZZN3Cio16CalibrateChangedEvE6OldCal
                0x00800953        0x1 Cio.o
 .bss._ZZN3Cio13TravelChangedEvE15OldInsideTravel
                0x00800954        0x1 Cio.o
 .bss._ZZN3Cio13TravelChangedEvE9OldTravel
                0x00800955        0x1 Cio.o
 .bss._ZZN3Cio11CampChangedEvE13OldInsideCamp
                0x00800956        0x1 Cio.o
 .bss._ZZN3Cio11CampChangedEvE7OldCamp
                0x00800957        0x1 Cio.o
 .bss._ZZN3Cio13UpDownChangedEvE7olddown
                0x00800958        0x1 Cio.o
 .bss._ZZN3Cio13UpDownChangedEvE5oldup
                0x00800959        0x1 Cio.o
 .bss._ZZN3Cio21SteeringRemoteChangedEvE7OldPort
                0x0080095a        0x1 Cio.o
 .bss._ZZN3Cio20OutSideRemoteChangedEvE7OldPort
                0x0080095b        0x1 Cio.o
 .bss._ZZN3Cio13RockerChangedEvE11OldRockerUp
                0x0080095c        0x1 Cio.o
 .bss._ZZN3Cio13RockerChangedEvE13OldRockerDown
                0x0080095d        0x1 Cio.o
 .bss._ZN3Cio13ButtonChangedE
                0x0080095e        0x1 Cio.o
                0x0080095e                _ZN3Cio13ButtonChangedE
 .bss._ZN3Cio15IgnitionChangedE
                0x0080095f        0x1 Cio.o
                0x0080095f                _ZN3Cio15IgnitionChangedE
 .bss._ZGVZN4CADC2isEvE1a
                0x00800960        0x8 Cio.o
                0x00800960                _ZGVZN4CADC2isEvE1a
 .bss._ZN6CTimer8TimerTicE
                0x00800968        0x4 CTimer.o
                0x00800968                _ZN6CTimer8TimerTicE
 .bss._ZZN8CMMA84512isEvE2me
                0x0080096c        0x1 fsm/Camp.o
                0x0080096c                _ZZN8CMMA84512isEvE2me
 .bss._ZZN3nvm2isEvE1a
                0x0080096d        0xf fsm/Camp.o
                0x0080096d                _ZZN3nvm2isEvE1a
 .bss._ZGVZN3nvm2isEvE1a
                0x0080097c        0x8 fsm/Camp.o
                0x0080097c                _ZGVZN3nvm2isEvE1a
 .bss._ZGVZN8CMMA84512isEvE2me
                0x00800984        0x8 fsm/Camp.o
                0x00800984                _ZGVZN8CMMA84512isEvE2me
 .bss._ZZN10FSMCampCal11HandleEventE7eEventsE6Active
                0x0080098c        0x1 fsm/CampCal.o
 .bss._ZZN9ManualCal11HandleEventE7eEventsE6Active
                0x0080098d        0x1 fsm/ManualCal.o
 .bss._ZZN12FSMTravelCal11HandleEventE7eEventsE6Active
                0x0080098e        0x1 fsm/TravelCal.o
 .bss._ZL5RxBuf
                0x0080098f       0x38 CSerial.o
 .bss._ZL5TxBuf
                0x008009c7      0x806 CSerial.o
 *(COMMON)
                0x008011cd                PROVIDE (__bss_end, .)
                0x000057a2                __data_load_start = LOADADDR (.data)
                0x00005f9e                __data_load_end = (__data_load_start + SIZEOF (.data))

.noinit         0x008011cd        0x0
                [!provide]                PROVIDE (__noinit_start, .)
 *(.noinit*)
                [!provide]                PROVIDE (__noinit_end, .)
                0x008011cd                _end = .
                [!provide]                PROVIDE (__heap_start, .)

.eeprom         0x00810000        0xf
 *(.eeprom*)
 .eeprom        0x00810000        0xf nvm.o
                0x0081000f                __eeprom_end = .

.fuse
 *(.fuse)
 *(.lfuse)
 *(.hfuse)
 *(.efuse)

.lock
 *(.lock*)

.signature
 *(.signature*)

.user_signatures
 *(.user_signatures*)

.stab
 *(.stab)

.stabstr
 *(.stabstr)

.stab.excl
 *(.stab.excl)

.stab.exclstr
 *(.stab.exclstr)

.stab.index
 *(.stab.index)

.stab.indexstr
 *(.stab.indexstr)

.comment        0x00000000       0x30
 *(.comment)
 .comment       0x00000000       0x30 CADC.o
                                 0x31 (size before relaxing)
 .comment       0x00000030       0x31 CController.o
 .comment       0x00000030       0x31 Cio.o
 .comment       0x00000030       0x31 CLedDriver.o
 .comment       0x00000030       0x31 CLeds.o
 .comment       0x00000030       0x31 corner.o
 .comment       0x00000030       0x31 CTimer.o
 .comment       0x00000030       0x31 Debounced.o
 .comment       0x00000030       0x31 fsm/Camp.o
 .comment       0x00000030       0x31 fsm/CampCal.o
 .comment       0x00000030       0x31 fsm/ManualCal.o
 .comment       0x00000030       0x31 fsm/TravelCal.o
 .comment       0x00000030       0x31 fsm/Manual.o
 .comment       0x00000030       0x31 fsm/Travel.o
 .comment       0x00000030       0x31 i2cmaster.o
 .comment       0x00000030       0x31 MicroLevel.o
 .comment       0x00000030       0x31 CSerial.o
 .comment       0x00000030       0x31 MMA8451.o
 .comment       0x00000030       0x31 nvm.o

.note.gnu.avr.deviceinfo
                0x00000000       0x40
 .note.gnu.avr.deviceinfo
                0x00000000       0x40 c:/program files (x86)/atmel/studio/7.0/toolchain/avr8/avr8-gnu-toolchain/bin/../lib/gcc/avr/4.9.2/../../../../avr/lib/avr51/crtatmega1284.o

.note.gnu.build-id
 *(.note.gnu.build-id)

.debug
 *(.debug)

.line
 *(.line)

.debug_srcinfo
 *(.debug_srcinfo)

.debug_sfnames
 *(.debug_sfnames)

.debug_aranges
 *(.debug_aranges)

.debug_pubnames
 *(.debug_pubnames)

.debug_info     0x00000000      0x792
 *(.debug_info .gnu.linkonce.wi.*)
 .debug_info    0x00000000      0x792 c:/program files (x86)/atmel/studio/7.0/toolchain/avr8/avr8-gnu-toolchain/bin/../lib/gcc/avr/4.9.2/../../../../avr/lib/avr51/crtatmega1284.o

.debug_abbrev   0x00000000      0x729
 *(.debug_abbrev)
 .debug_abbrev  0x00000000      0x729 c:/program files (x86)/atmel/studio/7.0/toolchain/avr8/avr8-gnu-toolchain/bin/../lib/gcc/avr/4.9.2/../../../../avr/lib/avr51/crtatmega1284.o

.debug_line     0x00000000       0x1a
 *(.debug_line .debug_line.* .debug_line_end)
 .debug_line    0x00000000       0x1a c:/program files (x86)/atmel/studio/7.0/toolchain/avr8/avr8-gnu-toolchain/bin/../lib/gcc/avr/4.9.2/../../../../avr/lib/avr51/crtatmega1284.o

.debug_frame
 *(.debug_frame)

.debug_str      0x00000000      0x296
 *(.debug_str)
 .debug_str     0x00000000      0x296 c:/program files (x86)/atmel/studio/7.0/toolchain/avr8/avr8-gnu-toolchain/bin/../lib/gcc/avr/4.9.2/../../../../avr/lib/avr51/crtatmega1284.o

.debug_loc
 *(.debug_loc)

.debug_macinfo
 *(.debug_macinfo)

.debug_weaknames
 *(.debug_weaknames)

.debug_funcnames
 *(.debug_funcnames)

.debug_typenames
 *(.debug_typenames)

.debug_varnames
 *(.debug_varnames)

.debug_pubtypes
 *(.debug_pubtypes)

.debug_ranges
 *(.debug_ranges)

.debug_macro
 *(.debug_macro)
OUTPUT(MicroLevel.elf elf32-avr)
LOAD linker stubs
