Archive member included to satisfy reference by file (symbol)

c:/program files (x86)/atmel/studio/7.0/toolchain/avr8/avr8-gnu-toolchain/bin/../lib/gcc/avr/4.9.2/../../../../avr/lib/avr51\libm.a(addsf3.o)
                              MMA8451.o (__addsf3)
c:/program files (x86)/atmel/studio/7.0/toolchain/avr8/avr8-gnu-toolchain/bin/../lib/gcc/avr/4.9.2/../../../../avr/lib/avr51\libm.a(addsf3x.o)
                              c:/program files (x86)/atmel/studio/7.0/toolchain/avr8/avr8-gnu-toolchain/bin/../lib/gcc/avr/4.9.2/../../../../avr/lib/avr51\libm.a(addsf3.o) (__addsf3x)
c:/program files (x86)/atmel/studio/7.0/toolchain/avr8/avr8-gnu-toolchain/bin/../lib/gcc/avr/4.9.2/../../../../avr/lib/avr51\libm.a(atan2.o)
                              MMA8451.o (atan2)
c:/program files (x86)/atmel/studio/7.0/toolchain/avr8/avr8-gnu-toolchain/bin/../lib/gcc/avr/4.9.2/../../../../avr/lib/avr51\libm.a(atan.o)
                              c:/program files (x86)/atmel/studio/7.0/toolchain/avr8/avr8-gnu-toolchain/bin/../lib/gcc/avr/4.9.2/../../../../avr/lib/avr51\libm.a(atan2.o) (atan)
c:/program files (x86)/atmel/studio/7.0/toolchain/avr8/avr8-gnu-toolchain/bin/../lib/gcc/avr/4.9.2/../../../../avr/lib/avr51\libm.a(divsf3.o)
                              MMA8451.o (__divsf3)
c:/program files (x86)/atmel/studio/7.0/toolchain/avr8/avr8-gnu-toolchain/bin/../lib/gcc/avr/4.9.2/../../../../avr/lib/avr51\libm.a(divsf3x.o)
                              c:/program files (x86)/atmel/studio/7.0/toolchain/avr8/avr8-gnu-toolchain/bin/../lib/gcc/avr/4.9.2/../../../../avr/lib/avr51\libm.a(divsf3.o) (__divsf3x)
c:/program files (x86)/atmel/studio/7.0/toolchain/avr8/avr8-gnu-toolchain/bin/../lib/gcc/avr/4.9.2/../../../../avr/lib/avr51\libm.a(fixsfsi.o)
                              CSerial.o (__fixsfsi)
c:/program files (x86)/atmel/studio/7.0/toolchain/avr8/avr8-gnu-toolchain/bin/../lib/gcc/avr/4.9.2/../../../../avr/lib/avr51\libm.a(fixunssfsi.o)
                              c:/program files (x86)/atmel/studio/7.0/toolchain/avr8/avr8-gnu-toolchain/bin/../lib/gcc/avr/4.9.2/../../../../avr/lib/avr51\libm.a(fixsfsi.o) (__fixunssfsi)
c:/program files (x86)/atmel/studio/7.0/toolchain/avr8/avr8-gnu-toolchain/bin/../lib/gcc/avr/4.9.2/../../../../avr/lib/avr51\libm.a(floatsisf.o)
                              MMA8451.o (__floatsisf)
c:/program files (x86)/atmel/studio/7.0/toolchain/avr8/avr8-gnu-toolchain/bin/../lib/gcc/avr/4.9.2/../../../../avr/lib/avr51\libm.a(fp_inf.o)
                              c:/program files (x86)/atmel/studio/7.0/toolchain/avr8/avr8-gnu-toolchain/bin/../lib/gcc/avr/4.9.2/../../../../avr/lib/avr51\libm.a(addsf3x.o) (__fp_inf)
c:/program files (x86)/atmel/studio/7.0/toolchain/avr8/avr8-gnu-toolchain/bin/../lib/gcc/avr/4.9.2/../../../../avr/lib/avr51\libm.a(fp_nan.o)
                              c:/program files (x86)/atmel/studio/7.0/toolchain/avr8/avr8-gnu-toolchain/bin/../lib/gcc/avr/4.9.2/../../../../avr/lib/avr51\libm.a(addsf3x.o) (__fp_nan)
c:/program files (x86)/atmel/studio/7.0/toolchain/avr8/avr8-gnu-toolchain/bin/../lib/gcc/avr/4.9.2/../../../../avr/lib/avr51\libm.a(fp_powser.o)
                              c:/program files (x86)/atmel/studio/7.0/toolchain/avr8/avr8-gnu-toolchain/bin/../lib/gcc/avr/4.9.2/../../../../avr/lib/avr51\libm.a(atan.o) (__fp_powser)
c:/program files (x86)/atmel/studio/7.0/toolchain/avr8/avr8-gnu-toolchain/bin/../lib/gcc/avr/4.9.2/../../../../avr/lib/avr51\libm.a(fp_pscA.o)
                              c:/program files (x86)/atmel/studio/7.0/toolchain/avr8/avr8-gnu-toolchain/bin/../lib/gcc/avr/4.9.2/../../../../avr/lib/avr51\libm.a(addsf3x.o) (__fp_pscA)
c:/program files (x86)/atmel/studio/7.0/toolchain/avr8/avr8-gnu-toolchain/bin/../lib/gcc/avr/4.9.2/../../../../avr/lib/avr51\libm.a(fp_pscB.o)
                              c:/program files (x86)/atmel/studio/7.0/toolchain/avr8/avr8-gnu-toolchain/bin/../lib/gcc/avr/4.9.2/../../../../avr/lib/avr51\libm.a(addsf3x.o) (__fp_pscB)
c:/program files (x86)/atmel/studio/7.0/toolchain/avr8/avr8-gnu-toolchain/bin/../lib/gcc/avr/4.9.2/../../../../avr/lib/avr51\libm.a(fp_round.o)
                              c:/program files (x86)/atmel/studio/7.0/toolchain/avr8/avr8-gnu-toolchain/bin/../lib/gcc/avr/4.9.2/../../../../avr/lib/avr51\libm.a(addsf3.o) (__fp_round)
c:/program files (x86)/atmel/studio/7.0/toolchain/avr8/avr8-gnu-toolchain/bin/../lib/gcc/avr/4.9.2/../../../../avr/lib/avr51\libm.a(fp_split3.o)
                              c:/program files (x86)/atmel/studio/7.0/toolchain/avr8/avr8-gnu-toolchain/bin/../lib/gcc/avr/4.9.2/../../../../avr/lib/avr51\libm.a(addsf3x.o) (__fp_split3)
c:/program files (x86)/atmel/studio/7.0/toolchain/avr8/avr8-gnu-toolchain/bin/../lib/gcc/avr/4.9.2/../../../../avr/lib/avr51\libm.a(fp_zero.o)
                              c:/program files (x86)/atmel/studio/7.0/toolchain/avr8/avr8-gnu-toolchain/bin/../lib/gcc/avr/4.9.2/../../../../avr/lib/avr51\libm.a(addsf3x.o) (__fp_zero)
[...]
Memory Configuration

Name             Origin             Length             Attributes
text             0x00000000         0x00020000         xr
data             0x00800100         0x0000ff00         rw !x
eeprom           0x00810000         0x00010000         rw !x
fuse             0x00820000         0x00000003         rw !x
lock             0x00830000         0x00000400         rw !x
signature        0x00840000         0x00000400         rw !x
user_signatures  0x00850000         0x00000400         rw !x
*default*        0x00000000         0xffffffff

Linker script and memory map

Address of section .data set to 0x800100
LOAD c:/program files (x86)/atmel/studio/7.0/toolchain/avr8/avr8-gnu-toolchain/bin/../lib/gcc/avr/4.9.2/../../../../avr/lib/avr51/crtatmega1284.o
LOAD CADC.o
LOAD CController.o
LOAD CDigital.o
LOAD Cio.o
LOAD CLedDriver.o
LOAD CLeds.o
LOAD corner.o
LOAD CTimer.o
LOAD Debounced.o
LOAD fsm/Camp.o
LOAD fsm/CampCal.o
LOAD fsm/Dance.o
LOAD fsm/ManualCal.o
LOAD fsm/TravelCal.o
LOAD fsm/Manual.o
LOAD fsm/Travel.o
LOAD i2cmaster.o
LOAD MicroLevel.o
LOAD CSerial.o
LOAD MMA8451.o
LOAD nvm.o
START GROUP
LOAD c:/program files (x86)/atmel/studio/7.0/toolchain/avr8/avr8-gnu-toolchain/bin/../lib/gcc/avr/4.9.2/../../../../avr/lib/avr51\libm.a
END GROUP
LOAD c:/program files (x86)/atmel/studio/7.0/toolchain/avr8/avr8-gnu-toolchain/bin/../lib/gcc/avr/4.9.2/avr51\libgcc.a
LOAD c:/program files (x86)/atmel/studio/7.0/toolchain/avr8/avr8-gnu-toolchain/bin/../lib/gcc/avr/4.9.2/../../../../avr/lib/avr51\libm.a
START GROUP
LOAD c:/program files (x86)/atmel/studio/7.0/toolchain/avr8/avr8-gnu-toolchain/bin/../lib/gcc/avr/4.9.2/avr51\libgcc.a
LOAD c:/program files (x86)/atmel/studio/7.0/toolchain/avr8/avr8-gnu-toolchain/bin/../lib/gcc/avr/4.9.2/../../../../avr/lib/avr51\libm.a
LOAD c:/program files (x86)/atmel/studio/7.0/toolchain/avr8/avr8-gnu-toolchain/bin/../lib/gcc/avr/4.9.2/../../../../avr/lib/avr51\libc.a
LOAD c:/program files (x86)/atmel/studio/7.0/toolchain/avr8/avr8-gnu-toolchain/bin/../lib/gcc/avr/4.9.2/../../../../avr/lib/avr51\libatmega1284.a
END GROUP
                0x00020000                __TEXT_REGION_LENGTH__ = DEFINED (__TEXT_REGION_LENGTH__)?__TEXT_REGION_LENGTH__:0x20000
                0x0000ff00                __DATA_REGION_LENGTH__ = DEFINED (__DATA_REGION_LENGTH__)?__DATA_REGION_LENGTH__:0xff00
                0x00010000                __EEPROM_REGION_LENGTH__ = DEFINED (__EEPROM_REGION_LENGTH__)?__EEPROM_REGION_LENGTH__:0x10000
                [0x00000003]                __FUSE_REGION_LENGTH__ = DEFINED (__FUSE_REGION_LENGTH__)?__FUSE_REGION_LENGTH__:0x400
                0x00000400                __LOCK_REGION_LENGTH__ = DEFINED (__LOCK_REGION_LENGTH__)?__LOCK_REGION_LENGTH__:0x400
                0x00000400                __SIGNATURE_REGION_LENGTH__ = DEFINED (__SIGNATURE_REGION_LENGTH__)?__SIGNATURE_REGION_LENGTH__:0x400
                0x00000400                __USER_SIGNATURE_REGION_LENGTH__ = DEFINED (__USER_SIGNATURE_REGION_LENGTH__)?__USER_SIGNATURE_REGION_LENGTH__:0x400

.hash
 *(.hash)

.dynsym
 *(.dynsym)

.dynstr
 *(.dynstr)

.gnu.version
 *(.gnu.version)

.gnu.version_d
 *(.gnu.version_d)

.gnu.version_r
 *(.gnu.version_r)

.rel.init
 *(.rel.init)

.rela.init
 *(.rela.init)

.rel.text
 *(.rel.text)
 *(.rel.text.*)
 *(.rel.gnu.linkonce.t*)

.rela.text
 *(.rela.text)
 *(.rela.text.*)
 *(.rela.gnu.linkonce.t*)

.rel.fini
 *(.rel.fini)

.rela.fini
 *(.rela.fini)

.rel.rodata
 *(.rel.rodata)
 *(.rel.rodata.*)
 *(.rel.gnu.linkonce.r*)

.rela.rodata
 *(.rela.rodata)
 *(.rela.rodata.*)
 *(.rela.gnu.linkonce.r*)

.rel.data
 *(.rel.data)
 *(.rel.data.*)
 *(.rel.gnu.linkonce.d*)

.rela.data
 *(.rela.data)
 *(.rela.data.*)
 *(.rela.gnu.linkonce.d*)

.rel.ctors
 *(.rel.ctors)

.rela.ctors
 *(.rela.ctors)

.rel.dtors
 *(.rel.dtors)

.rela.dtors
 *(.rela.dtors)

.rel.got
 *(.rel.got)

.rela.got
 *(.rela.got)

.rel.bss
 *(.rel.bss)

.rela.bss
 *(.rela.bss)

.rel.plt
 *(.rel.plt)

.rela.plt
 *(.rela.plt)

.text           0x00000000     0x5a58
 *(.vectors)
 .vectors       0x00000000       0x8c c:/program files (x86)/atmel/studio/7.0/toolchain/avr8/avr8-gnu-toolchain/bin/../lib/gcc/avr/4.9.2/../../../../avr/lib/avr51/crtatmega1284.o
                0x00000000                __vector_default
                0x00000000                __vectors
 *(.vectors)
 *(.progmem.gcc*)
 .progmem.gcc_sw_table._ZN7CCorner3RunEl
                0x0000008c        0xe corner.o
 .progmem.gcc_sw_table._ZN7FsmCamp11HandleEventE7eEvents
                0x0000009a       0x14 fsm/Camp.o
 .progmem.gcc_sw_table._ZN9FsmManual11HandleEventE7eEvents
                0x000000ae       0x14 fsm/Manual.o
 .progmem.gcc_sw_table._ZN9FsmTravel11HandleEventE7eEvents
                0x000000c2       0x14 fsm/Travel.o
                0x000000d6                . = ALIGN (0x2)
                0x000000d6                __trampolines_start = .
 *(.trampolines)
 .trampolines   0x000000d6        0x0 linker stubs
 *(.trampolines*)
                0x000000d6                __trampolines_end = .
 *libprintf_flt.a:*(.progmem.data)
 *libc.a:*(.progmem.data)
 *(.progmem*)
 .progmem.data._ZZN12FSMTravelCal6OnExitEvE3__c
                0x000000d6       0x1a fsm/TravelCal.o
                0x000000f0                . = ALIGN (0x2)
 *(.jumptables)
 *(.jumptables*)
 *(.lowtext)
 *(.lowtext*)
                0x000000f0                __ctors_start = .
 *(.ctors)
 .ctors         0x000000f0        0x2 CSerial.o
                0x000000f2                __ctors_end = .
                0x000000f2                __dtors_start = .
 *(.dtors)
                0x000000f2                __dtors_end = .
 SORT(*)(.ctors)
 SORT(*)(.dtors)
 *(.init0)
 .init0         0x000000f2        0x0 c:/program files (x86)/atmel/studio/7.0/toolchain/avr8/avr8-gnu-toolchain/bin/../lib/gcc/avr/4.9.2/../../../../avr/lib/avr51/crtatmega1284.o
                0x000000f2                __init
 *(.init0)
 *(.init1)
 *(.init1)
 *(.init2)
 .init2         0x000000f2        0xc c:/program files (x86)/atmel/studio/7.0/toolchain/avr8/avr8-gnu-toolchain/bin/../lib/gcc/avr/4.9.2/../../../../avr/lib/avr51/crtatmega1284.o
 *(.init2)
 *(.init3)
 *(.init3)
 *(.init4)
 .init4         0x000000fe       0x1a c:/program files (x86)/atmel/studio/7.0/toolchain/avr8/avr8-gnu-toolchain/bin/../lib/gcc/avr/4.9.2/avr51\libgcc.a(_copy_data.o)
                0x000000fe                __do_copy_data
 .init4         0x00000118       0x10 c:/program files (x86)/atmel/studio/7.0/toolchain/avr8/avr8-gnu-toolchain/bin/../lib/gcc/avr/4.9.2/avr51\libgcc.a(_clear_bss.o)
                0x00000118                __do_clear_bss
 *(.init4)
 *(.init5)
 *(.init5)
 *(.init6)
 .init6         0x00000128       0x16 c:/program files (x86)/atmel/studio/7.0/toolchain/avr8/avr8-gnu-toolchain/bin/../lib/gcc/avr/4.9.2/avr51\libgcc.a(_ctors.o)
                0x00000128                __do_global_ctors
 *(.init6)
 *(.init7)
 *(.init7)
 *(.init8)
 *(.init8)
 *(.init9)
 .init9         0x0000013e        0x8 c:/program files (x86)/atmel/studio/7.0/toolchain/avr8/avr8-gnu-toolchain/bin/../lib/gcc/avr/4.9.2/../../../../avr/lib/avr51/crtatmega1284.o
 *(.init9)
 *(.text)
 .text          0x00000146        0x2 c:/program files (x86)/atmel/studio/7.0/toolchain/avr8/avr8-gnu-toolchain/bin/../lib/gcc/avr/4.9.2/../../../../avr/lib/avr51/crtatmega1284.o
                0x00000146                __vector_22
                0x00000146                __vector_28
                0x00000146                __vector_1
                0x00000146                __vector_32
                0x00000146                __vector_34
                0x00000146                __vector_24
                0x00000146                __vector_12
                0x00000146                __bad_interrupt
                0x00000146                __vector_6
                0x00000146                __vector_31
                0x00000146                __vector_3
                0x00000146                __vector_23
                0x00000146                __vector_30
                0x00000146                __vector_25
                0x00000146                __vector_11
                0x00000146                __vector_13
                0x00000146                __vector_17
                0x00000146                __vector_19
                0x00000146                __vector_27
                0x00000146                __vector_33
                0x00000146                __vector_9
                0x00000146                __vector_2
                0x00000146                __vector_15
                0x00000146                __vector_29
                0x00000146                __vector_8
                0x00000146                __vector_26
                0x00000146                __vector_14
                0x00000146                __vector_10
                0x00000146                __vector_18
                0x00000146                __vector_20
                0x00000148                . = ALIGN (0x2)
 *(.text.*)
 .text._ZN4CADCC2Ev
                0x00000148        0x2 CADC.o
                0x00000148                _ZN4CADCC2Ev
                0x00000148                _ZN4CADCC1Ev
 .text._ZN4CADC4InitEv
                0x0000014a       0x14 CADC.o
                0x0000014a                _ZN4CADC4InitEv
 .text._ZN4CADC4ReadEh
                0x0000015e       0x28 CADC.o
                0x0000015e                _ZN4CADC4ReadEh
 .text._ZN4CADC13GetLeftHeightEv
                0x00000186        0x4 CADC.o
                0x00000186                _ZN4CADC13GetLeftHeightEv
 .text._ZN4CADC14GetRightHeightEv
                0x0000018a        0x4 CADC.o
                0x0000018a                _ZN4CADC14GetRightHeightEv
 .text._ZN4CADC12LeftHeightOKEv
                0x0000018e        0x4 CADC.o
                0x0000018e                _ZN4CADC12LeftHeightOKEv
 .text._ZN4CADC13RightHeightOKEv
                0x00000192        0x4 CADC.o
                0x00000192                _ZN4CADC13RightHeightOKEv
 .text._ZN11CControllerC2Ev
                0x00000196       0xea CController.o
                0x00000196                _ZN11CControllerC2Ev
                0x00000196                _ZN11CControllerC1Ev
 .text._ZN11CController13ScheduleEventE7eEvents
                0x00000280       0x9c CController.o
                0x00000280                _ZN11CController13ScheduleEventE7eEvents
 .text._ZN11CController4InitEv
                0x0000031c      0x182 CController.o
                0x0000031c                _ZN11CController4InitEv
 .text._ZN11CController11ChangeStateE7eStates7eEvents
                0x0000049e      0x138 CController.o
                0x0000049e                _ZN11CController11ChangeStateE7eStates7eEvents
 .text._ZN11CController10CheckEventEv
                0x000005d6      0x33c CController.o
                0x000005d6                _ZN11CController10CheckEventEv
 .text._ZN11CController3RunEv
                0x00000912       0x98 CController.o
                0x00000912                _ZN11CController3RunEv
 .text._ZN3CioC2Ev
                0x000009aa       0x3a Cio.o
                0x000009aa                _ZN3CioC1Ev
                0x000009aa                _ZN3CioC2Ev
 .text._ZN3Cio9DirectionEv
                0x000009e4       0x10 Cio.o
                0x000009e4                _ZN3Cio9DirectionEv
 .text._ZN3Cio7PullupsEv
                0x000009f4        0xc Cio.o
                0x000009f4                _ZN3Cio7PullupsEv
 .text._ZN3Cio3RunEv
                0x00000a00       0x32 Cio.o
                0x00000a00                _ZN3Cio3RunEv
 .text._ZN3Cio22EnableIgnGPIOInterruptEv
                0x00000a32       0x1a Cio.o
                0x00000a32                _ZN3Cio22EnableIgnGPIOInterruptEv
 .text._ZN3Cio13RockerChangedEv
                0x00000a4c       0xa6 Cio.o
                0x00000a4c                _ZN3Cio13RockerChangedEv
 .text._ZN3Cio20OutSideRemoteChangedEv
                0x00000af2       0x16 Cio.o
                0x00000af2                _ZN3Cio20OutSideRemoteChangedEv
 .text._ZN3Cio21SteeringRemoteChangedEv
                0x00000b08       0x16 Cio.o
                0x00000b08                _ZN3Cio21SteeringRemoteChangedEv
 .text._ZN3Cio13UpDownChangedEv
                0x00000b1e       0x30 Cio.o
                0x00000b1e                _ZN3Cio13UpDownChangedEv
 .text._ZN3Cio11CampChangedEv
                0x00000b4e       0x38 Cio.o
                0x00000b4e                _ZN3Cio11CampChangedEv
 .text._ZN3Cio13TravelChangedEv
                0x00000b86       0x38 Cio.o
                0x00000b86                _ZN3Cio13TravelChangedEv
 .text._ZN3Cio16CalibrateChangedEv
                0x00000bbe       0x1e Cio.o
                0x00000bbe                _ZN3Cio16CalibrateChangedEv
 .text._ZN3Cio4InitEv
                0x00000bdc       0x84 Cio.o
                0x00000bdc                _ZN3Cio4InitEv
 .text._ZN3Cio12CampSwitchesEv
                0x00000c60       0x18 Cio.o
                0x00000c60                _ZN3Cio12CampSwitchesEv
 .text._ZN3Cio14TravelSwitchesEv
                0x00000c78       0x16 Cio.o
                0x00000c78                _ZN3Cio14TravelSwitchesEv
 .text._ZN3Cio11RightFillOnEv
                0x00000c8e       0x2a Cio.o
                0x00000c8e                _ZN3Cio11RightFillOnEv
 .text._ZN3Cio12RightFillOffEv
                0x00000cb8       0x2a Cio.o
                0x00000cb8                _ZN3Cio12RightFillOffEv
 .text._ZN3Cio11RightDumpOnEv
                0x00000ce2       0x2a Cio.o
                0x00000ce2                _ZN3Cio11RightDumpOnEv
 .text._ZN3Cio12RightDumpOffEv
                0x00000d0c       0x2a Cio.o
                0x00000d0c                _ZN3Cio12RightDumpOffEv
 .text._ZN3Cio5RightE12eValveStates
                0x00000d36      0x12a Cio.o
                0x00000d36                _ZN3Cio5RightE12eValveStates
 .text._ZN3Cio10LeftFillOnEv
                0x00000e60       0x2a Cio.o
                0x00000e60                _ZN3Cio10LeftFillOnEv
 .text._ZN3Cio11LeftFillOffEv
                0x00000e8a       0x2a Cio.o
                0x00000e8a                _ZN3Cio11LeftFillOffEv
 .text._ZN3Cio10LeftDumpOnEv
                0x00000eb4       0x2a Cio.o
                0x00000eb4                _ZN3Cio10LeftDumpOnEv
 .text._ZN3Cio11LeftDumpOffEv
                0x00000ede       0x2a Cio.o
                0x00000ede                _ZN3Cio11LeftDumpOffEv
 .text._ZN3Cio12RockerSwitchEv
                0x00000f08      0x24c Cio.o
                0x00000f08                _ZN3Cio12RockerSwitchEv
 .text._ZN3Cio13OutsideRemoteEv
                0x00001154      0x108 Cio.o
                0x00001154                _ZN3Cio13OutsideRemoteEv
 .text._ZN3Cio14SteeringRemoteEv
                0x0000125c       0xe4 Cio.o
                0x0000125c                _ZN3Cio14SteeringRemoteEv
 .text._ZN3Cio6AllOffEv
                0x00001340       0x1a Cio.o
                0x00001340                _ZN3Cio6AllOffEv
 .text._ZN3Cio4LeftE12eValveStates
                0x0000135a       0x96 Cio.o
                0x0000135a                _ZN3Cio4LeftE12eValveStates
 .text._ZN3Cio9IsHoldingEv
                0x000013f0       0x80 Cio.o
                0x000013f0                _ZN3Cio9IsHoldingEv
 .text._ZN3Cio7PowerOnEv
                0x00001470        0x4 Cio.o
                0x00001470                _ZN3Cio7PowerOnEv
 .text._ZN3Cio8PowerOffEv
                0x00001474        0x4 Cio.o
                0x00001474                _ZN3Cio8PowerOffEv
 .text._ZN3Cio12CompressorOnEv
                0x00001478        0x4 Cio.o
                0x00001478                _ZN3Cio12CompressorOnEv
 .text._ZN3Cio13CompressorOffEv
                0x0000147c        0x4 Cio.o
                0x0000147c                _ZN3Cio13CompressorOffEv
 .text._ZN3Cio5SleepEv
                0x00001480       0x7e Cio.o
                0x00001480                _ZN3Cio5SleepEv
 .text._ZN3Cio6WakeupEv
                0x000014fe      0x108 Cio.o
                0x000014fe                _ZN3Cio6WakeupEv
 .text._ZN3Cio12IsIgnitionOnEv
                0x00001606        0xa Cio.o
                0x00001606                _ZN3Cio12IsIgnitionOnEv
 .text._ZN3Cio13UpdateButtonsEv
                0x00001610       0x2a Cio.o
                0x00001610                _ZN3Cio13UpdateButtonsEv
 .text.__vector_4
                0x0000163a       0x1e Cio.o
                0x0000163a                __vector_4
 .text.__vector_5
                0x00001658       0x1e Cio.o
                0x00001658                __vector_5
 .text.__vector_7
                0x00001676       0x1e Cio.o
                0x00001676                __vector_7
 .text._ZN10CLedDriverC2Ev
                0x00001694        0xe CLedDriver.o
                0x00001694                _ZN10CLedDriverC1Ev
                0x00001694                _ZN10CLedDriverC2Ev
 .text._ZN10CLedDriver4InitEv
                0x000016a2       0x98 CLedDriver.o
                0x000016a2                _ZN10CLedDriver4InitEv
 .text._ZN10CLedDriver8WriteRegEhh
                0x0000173a       0x30 CLedDriver.o
                0x0000173a                _ZN10CLedDriver8WriteRegEhh
 .text._ZN10CLedDriver3DimEh
                0x0000176a        0x6 CLedDriver.o
                0x0000176a                _ZN10CLedDriver3DimEh
 .text._ZN5CLedsC2Ev
                0x00001770       0x12 CLeds.o
                0x00001770                _ZN5CLedsC1Ev
                0x00001770                _ZN5CLedsC2Ev
 .text._ZN5CLeds4InitEv
                0x00001782        0x4 CLeds.o
                0x00001782                _ZN5CLeds4InitEv
 .text._ZN5CLeds11RightFillOnEv
                0x00001786        0xc CLeds.o
                0x00001786                _ZN5CLeds11RightFillOnEv
 .text._ZN5CLeds12RightFillOffEv
                0x00001792        0xc CLeds.o
                0x00001792                _ZN5CLeds12RightFillOffEv
 .text._ZN5CLeds11RightDumpOnEv
                0x0000179e        0xc CLeds.o
                0x0000179e                _ZN5CLeds11RightDumpOnEv
 .text._ZN5CLeds12RightDumpOffEv
                0x000017aa        0xc CLeds.o
                0x000017aa                _ZN5CLeds12RightDumpOffEv
 .text._ZN5CLeds8ActiveOnEv
                0x000017b6        0xc CLeds.o
                0x000017b6                _ZN5CLeds8ActiveOnEv
 .text._ZN5CLeds9ActiveOffEv
                0x000017c2        0xc CLeds.o
                0x000017c2                _ZN5CLeds9ActiveOffEv
 .text._ZN5CLeds10LeftFillOnEv
                0x000017ce        0xc CLeds.o
                0x000017ce                _ZN5CLeds10LeftFillOnEv
 .text._ZN5CLeds11LeftFillOffEv
                0x000017da        0xc CLeds.o
                0x000017da                _ZN5CLeds11LeftFillOffEv
 .text._ZN5CLeds10LeftDumpOnEv
                0x000017e6        0xc CLeds.o
                0x000017e6                _ZN5CLeds10LeftDumpOnEv
 .text._ZN5CLeds11LeftDumpOffEv
                0x000017f2        0xc CLeds.o
                0x000017f2                _ZN5CLeds11LeftDumpOffEv
 .text._ZN5CLeds6CampOnEv
                0x000017fe        0xc CLeds.o
                0x000017fe                _ZN5CLeds6CampOnEv
 .text._ZN5CLeds7CampOffEv
                0x0000180a        0xc CLeds.o
                0x0000180a                _ZN5CLeds7CampOffEv
 .text._ZN5CLeds8TravelOnEv
                0x00001816        0xc CLeds.o
                0x00001816                _ZN5CLeds8TravelOnEv
 .text._ZN5CLeds9TravelOffEv
                0x00001822        0xc CLeds.o
                0x00001822                _ZN5CLeds9TravelOffEv
 .text._ZN5CLeds6AllOffEv
                0x0000182e       0x26 CLeds.o
                0x0000182e                _ZN5CLeds6AllOffEv
 .text._ZN7CCorner9GetHeightEv
                0x00001854       0x6c corner.o
                0x00001854                _ZN7CCorner9GetHeightEv
 .text._ZN7CCorner12GetAvgHeightEv
                0x000018c0      0x136 corner.o
                0x000018c0                _ZN7CCorner12GetAvgHeightEv
 .text._ZN7CCornerC2E8Position
                0x000019f6       0x82 corner.o
                0x000019f6                _ZN7CCornerC2E8Position
                0x000019f6                _ZN7CCornerC1E8Position
 .text._ZN7CCorner6FillOnEv
                0x00001a78       0x62 corner.o
                0x00001a78                _ZN7CCorner6FillOnEv
 .text._ZN7CCorner7FillOffEv
                0x00001ada       0x62 corner.o
                0x00001ada                _ZN7CCorner7FillOffEv
 .text._ZN7CCorner6DumpOnEv
                0x00001b3c       0x62 corner.o
                0x00001b3c                _ZN7CCorner6DumpOnEv
 .text._ZN7CCorner7DumpOffEv
                0x00001b9e       0x62 corner.o
                0x00001b9e                _ZN7CCorner7DumpOffEv
 .text._ZN7CCorner8SetStateE7ValveOp
                0x00001c00       0xf8 corner.o
                0x00001c00                _ZN7CCorner8SetStateE7ValveOp
 .text._ZN7CCorner11FilterResetEv
                0x00001cf8       0xce corner.o
                0x00001cf8                _ZN7CCorner11FilterResetEv
 .text._ZN7CCorner4InitE8Position
                0x00001dc6       0x94 corner.o
                0x00001dc6                _ZN7CCorner4InitE8Position
 .text._ZN7CCorner8FillExitEv
                0x00001e5a       0x22 corner.o
                0x00001e5a                _ZN7CCorner8FillExitEv
 .text._ZN7CCorner8DumpExitEv
                0x00001e7c       0x22 corner.o
                0x00001e7c                _ZN7CCorner8DumpExitEv
 .text._ZN7CCorner7AverageEj
                0x00001e9e       0x74 corner.o
                0x00001e9e                _ZN7CCorner7AverageEj
 .text._ZN7CCorner6SmoothEj
                0x00001f12       0x7a corner.o
                0x00001f12                _ZN7CCorner6SmoothEj
 .text._ZN7CCorner13SetLongFilterEb
                0x00001f8c       0x6e corner.o
                0x00001f8c                _ZN7CCorner13SetLongFilterEb
 .text._ZN7CCorner8AtHeightEb
                0x00001ffa        0xc corner.o
                0x00001ffa                _ZN7CCorner8AtHeightEb
 .text._ZN7CCorner8AtHeightEv
                0x00002006        0xa corner.o
                0x00002006                _ZN7CCorner8AtHeightEv
 .text._ZN7CCorner12FilterHeightEl
                0x00002010      0x3ce corner.o
                0x00002010                _ZN7CCorner12FilterHeightEl
 .text._ZN7CCorner3RunEl
                0x000023de      0x2ce corner.o
                0x000023de                _ZN7CCorner3RunEl
 .text._ZN6CTimer4InitEv
                0x000026ac       0x16 CTimer.o
                0x000026ac                _ZN6CTimer4InitEv
 .text._ZN6CTimer7GetTickEv
                0x000026c2       0x16 CTimer.o
                0x000026c2                _ZN6CTimer7GetTickEv
 .text._ZN6CTimer10IsTimedOutEmm
                0x000026d8       0x46 CTimer.o
                0x000026d8                _ZN6CTimer10IsTimedOutEmm
 .text.__vector_16
                0x0000271e       0x4a CTimer.o
                0x0000271e                __vector_16
 .text._ZN9DebouncedC2Ev
                0x00002768       0x18 Debounced.o
                0x00002768                _ZN9DebouncedC1Ev
                0x00002768                _ZN9DebouncedC2Ev
 .text._ZN9Debounced6GetPinEv
                0x00002780       0x70 Debounced.o
                0x00002780                _ZN9Debounced6GetPinEv
 .text._ZN9Debounced6AttachE8IO_Portsh
                0x000027f0       0x18 Debounced.o
                0x000027f0                _ZN9Debounced6AttachE8IO_Portsh
 .text._ZN9Debounced6UpdateEv
                0x00002808       0x64 Debounced.o
                0x00002808                _ZN9Debounced6UpdateEv
 .text._ZN7FsmCamp6OnExitEv
                0x0000286c       0x5c fsm/Camp.o
                0x0000286c                _ZN7FsmCamp6OnExitEv
 .text._ZTv0_n10_N7FsmCamp6OnExitEv
                0x000028c8       0x12 fsm/Camp.o
                0x000028c8                _ZTv0_n10_N7FsmCamp6OnExitEv
 .text._ZN7FsmCampC1ER11CController
                0x000028da       0x5a fsm/Camp.o
                0x000028da                _ZN7FsmCampC1ER11CController
 .text._ZN7FsmCamp13SetPitchStateE13PitchStates_e
                0x00002934       0xbc fsm/Camp.o
                0x00002934                _ZN7FsmCamp13SetPitchStateE13PitchStates_e
 .text._ZN7FsmCamp7OnEntryEv
                0x000029f0      0x22a fsm/Camp.o
                0x000029f0                _ZN7FsmCamp7OnEntryEv
 .text._ZTv0_n6_N7FsmCamp7OnEntryEv
                0x00002c1a       0x12 fsm/Camp.o
                0x00002c1a                _ZTv0_n6_N7FsmCamp7OnEntryEv
 .text._ZN7FsmCamp5GetYZERiS0_S0_S0_
                0x00002c2c      0x2fa fsm/Camp.o
                0x00002c2c                _ZN7FsmCamp5GetYZERiS0_S0_S0_
 .text._ZN7FsmCamp12LevelMachineEv
                0x00002f26      0x69c fsm/Camp.o
                0x00002f26                _ZN7FsmCamp12LevelMachineEv
 .text._ZN7FsmCamp11HandleEventE7eEvents
                0x000035c2      0x2ce fsm/Camp.o
                0x000035c2                _ZN7FsmCamp11HandleEventE7eEvents
 .text._ZTv0_n8_N7FsmCamp11HandleEventE7eEvents
                0x00003890       0x12 fsm/Camp.o
                0x00003890                _ZTv0_n8_N7FsmCamp11HandleEventE7eEvents
 .text._ZN10FSMCampCal6OnExitEv
                0x000038a2       0x5c fsm/CampCal.o
                0x000038a2                _ZN10FSMCampCal6OnExitEv
 .text._ZN10FSMCampCal7OnEntryEv
                0x000038fe       0x74 fsm/CampCal.o
                0x000038fe                _ZN10FSMCampCal7OnEntryEv
 .text._ZN10FSMCampCal11HandleEventE7eEvents
                0x00003972      0x388 fsm/CampCal.o
                0x00003972                _ZN10FSMCampCal11HandleEventE7eEvents
 .text._ZN10FSMCampCalC2ER11CController
                0x00003cfa       0x18 fsm/CampCal.o
                0x00003cfa                _ZN10FSMCampCalC1ER11CController
                0x00003cfa                _ZN10FSMCampCalC2ER11CController
 .text._ZN9ManualCal7OnEntryEv
                0x00003d12       0x30 fsm/ManualCal.o
                0x00003d12                _ZN9ManualCal7OnEntryEv
 .text._ZN9ManualCal6OnExitEv
                0x00003d42       0x5c fsm/ManualCal.o
                0x00003d42                _ZN9ManualCal6OnExitEv
 .text._ZN9ManualCal11HandleEventE7eEvents
                0x00003d9e      0x302 fsm/ManualCal.o
                0x00003d9e                _ZN9ManualCal11HandleEventE7eEvents
 .text._ZN9ManualCalC2ER11CController
                0x000040a0       0x18 fsm/ManualCal.o
                0x000040a0                _ZN9ManualCalC2ER11CController
                0x000040a0                _ZN9ManualCalC1ER11CController
 .text._ZN12FSMTravelCal6OnExitEv
                0x000040b8       0x5c fsm/TravelCal.o
                0x000040b8                _ZN12FSMTravelCal6OnExitEv
 .text._ZN12FSMTravelCal7OnEntryEv
                0x00004114       0x74 fsm/TravelCal.o
                0x00004114                _ZN12FSMTravelCal7OnEntryEv
 .text._ZN12FSMTravelCal11HandleEventE7eEvents
                0x00004188      0x3cc fsm/TravelCal.o
                0x00004188                _ZN12FSMTravelCal11HandleEventE7eEvents
 .text._ZN12FSMTravelCalC2ER11CController
                0x00004554       0x18 fsm/TravelCal.o
                0x00004554                _ZN12FSMTravelCalC2ER11CController
                0x00004554                _ZN12FSMTravelCalC1ER11CController
 .text._ZN9FsmManual6OnExitEv
                0x0000456c       0x50 fsm/Manual.o
                0x0000456c                _ZN9FsmManual6OnExitEv
 .text._ZN9FsmManual7OnEntryEv
                0x000045bc       0xd4 fsm/Manual.o
                0x000045bc                _ZN9FsmManual7OnEntryEv
 .text._ZN9FsmManual11HandleEventE7eEvents
                0x00004690      0x44a fsm/Manual.o
                0x00004690                _ZN9FsmManual11HandleEventE7eEvents
 .text._ZN9FsmManualC2ER11CController
                0x00004ada       0x24 fsm/Manual.o
                0x00004ada                _ZN9FsmManualC1ER11CController
                0x00004ada                _ZN9FsmManualC2ER11CController
 .text._ZN9FsmTravel6OnExitEv
                0x00004afe       0x50 fsm/Travel.o
                0x00004afe                _ZN9FsmTravel6OnExitEv
 .text._ZN9FsmTravel7OnEntryEv
                0x00004b4e      0x164 fsm/Travel.o
                0x00004b4e                _ZN9FsmTravel7OnEntryEv
 .text._ZN9FsmTravel11HandleEventE7eEvents
                0x00004cb2      0x392 fsm/Travel.o
                0x00004cb2                _ZN9FsmTravel11HandleEventE7eEvents
 .text._ZN9FsmTravelC2ER11CController
                0x00005044       0x5a fsm/Travel.o
                0x00005044                _ZN9FsmTravelC2ER11CController
                0x00005044                _ZN9FsmTravelC1ER11CController
 .text.i2c_init
                0x0000509e        0xc i2cmaster.o
                0x0000509e                i2c_init
 .text.i2c_sync
                0x000050aa       0x38 i2cmaster.o
                0x000050aa                i2c_sync
 .text.i2c_waitStop
                0x000050e2       0x38 i2cmaster.o
                0x000050e2                i2c_waitStop
 .text.i2c_start
                0x0000511a       0x4c i2cmaster.o
                0x0000511a                i2c_start
 .text.i2c_rep_start
                0x00005166        0x4 i2cmaster.o
                0x00005166                i2c_rep_start
 .text.i2c_stop
                0x0000516a        0x8 i2cmaster.o
                0x0000516a                i2c_stop
 .text.i2c_write
                0x00005172       0x1c i2cmaster.o
                0x00005172                i2c_write
 .text.i2c_readAck
                0x0000518e        0xe i2cmaster.o
                0x0000518e                i2c_readAck
 .text.i2c_readNak
                0x0000519c        0xe i2cmaster.o
                0x0000519c                i2c_readNak
 .text._ZN7CSerial2isEv
                0x000051aa       0x24 MicroLevel.o
                0x000051aa                _ZN7CSerial2isEv
 .text._ZN3Cio2isEv
                0x000051ce       0x26 MicroLevel.o
                0x000051ce                _ZN3Cio2isEv
 .text._ZN5CLeds2isEv
                0x000051f4       0x26 MicroLevel.o
                0x000051f4                _ZN5CLeds2isEv
 .text.main     0x0000521a       0xf6 MicroLevel.o
                0x0000521a                main
 .text.__cxa_guard_acquire
                0x00005310       0x12 CSerial.o
                0x00005310                __cxa_guard_acquire
 .text.__cxa_guard_release
                0x00005322        0x8 CSerial.o
                0x00005322                __cxa_guard_release
 .text._ZN7CSerialC2Ev
                0x0000532a        0xa CSerial.o
                0x0000532a                _ZN7CSerialC2Ev
                0x0000532a                _ZN7CSerialC1Ev
 .text._ZN7CSerial4InitEv
                0x00005334       0x2c CSerial.o
                0x00005334                _ZN7CSerial4InitEv
 .text._ZN7CSerial3putEPKc
                0x00005360       0x62 CSerial.o
                0x00005360                _ZN7CSerial3putEPKc
 .text._ZN7CSerial5put16Ei
                0x000053c2       0xd6 CSerial.o
                0x000053c2                _ZN7CSerial5put16Ei
 .text._ZN7CSerial5put32El
                0x00005498       0x44 CSerial.o
                0x00005498                _ZN7CSerial5put32El
 .text._ZlsR7CSerialh
                0x000054dc       0x12 CSerial.o
                0x000054dc                _ZlsR7CSerialh
 .text._ZlsR7CSerialj
                0x000054ee       0x10 CSerial.o
                0x000054ee                _ZlsR7CSerialj
 .text._ZlsR7CSeriall
                0x000054fe       0x10 CSerial.o
                0x000054fe                _ZlsR7CSeriall
 .text._ZlsR7CSeriali
                0x0000550e       0x10 CSerial.o
                0x0000550e                _ZlsR7CSeriali
 .text._ZlsR7CSerialPKc
                0x0000551e       0x10 CSerial.o
                0x0000551e                _ZlsR7CSerialPKc
 .text.__vector_21
                0x0000552e       0x7e CSerial.o
                0x0000552e                __vector_21
 .text._GLOBAL__sub_I___cxa_guard_acquire
                0x000055ac       0x2a CSerial.o
 .text._ZN8CMMA8451C2Ev
                0x000055d6        0x2 MMA8451.o
                0x000055d6                _ZN8CMMA8451C2Ev
                0x000055d6                _ZN8CMMA8451C1Ev
 .text._ZN8CMMA84517ReadXYZERiS0_S0_
                0x000055d8       0x94 MMA8451.o
                0x000055d8                _ZN8CMMA84517ReadXYZERiS0_S0_
 .text._ZN8CMMA845113readRegister8EhPh
                0x0000566c       0x40 MMA8451.o
                0x0000566c                _ZN8CMMA845113readRegister8EhPh
 .text._ZN8CMMA845113readRegister8Eh
                0x000056ac       0x1c MMA8451.o
                0x000056ac                _ZN8CMMA845113readRegister8Eh
 .text._ZN8CMMA845114writeRegister8Ehh
                0x000056c8       0x28 MMA8451.o
                0x000056c8                _ZN8CMMA845114writeRegister8Ehh
 .text._ZN8CMMA84514InitEv
                0x000056f0       0xf8 MMA8451.o
                0x000056f0                _ZN8CMMA84514InitEv
 .text._ZN3nvmC2Ev
                0x000057e8        0x2 nvm.o
                0x000057e8                _ZN3nvmC2Ev
                0x000057e8                _ZN3nvmC1Ev
 .text._ZN3nvm4SaveEv
                0x000057ea       0x5a nvm.o
                0x000057ea                _ZN3nvm4SaveEv
 .text._ZN3nvm4initEv
                0x00005844       0x90 nvm.o
                0x00005844                _ZN3nvm4initEv
 .text.libgcc.div
                0x000058d4       0x26 c:/program files (x86)/atmel/studio/7.0/toolchain/avr8/avr8-gnu-toolchain/bin/../lib/gcc/avr/4.9.2/avr51\libgcc.a(_divmodhi4.o)
                0x000058d4                _div
                0x000058d4                __divmodhi4
 .text.libgcc.div
                0x000058fa       0x44 c:/program files (x86)/atmel/studio/7.0/toolchain/avr8/avr8-gnu-toolchain/bin/../lib/gcc/avr/4.9.2/avr51\libgcc.a(_udivmodsi4.o)
                0x000058fa                __udivmodsi4
 .text.libgcc.div
                0x0000593e       0x28 c:/program files (x86)/atmel/studio/7.0/toolchain/avr8/avr8-gnu-toolchain/bin/../lib/gcc/avr/4.9.2/avr51\libgcc.a(_divmodsi4.o)
                0x0000593e                __divmodsi4
 .text.libgcc.div
                0x00005966       0x10 c:/program files (x86)/atmel/studio/7.0/toolchain/avr8/avr8-gnu-toolchain/bin/../lib/gcc/avr/4.9.2/avr51\libgcc.a(_negsi2.o)
                0x00005966                __negsi2
 .text.libgcc   0x00005976       0x12 c:/program files (x86)/atmel/studio/7.0/toolchain/avr8/avr8-gnu-toolchain/bin/../lib/gcc/avr/4.9.2/avr51\libgcc.a(_tablejump2.o)
                0x00005976                __tablejump2__
 .text.libgcc.mul
                0x00005988        0xc c:/program files (x86)/atmel/studio/7.0/toolchain/avr8/avr8-gnu-toolchain/bin/../lib/gcc/avr/4.9.2/avr51\libgcc.a(_mulshisi3.o)
                0x00005988                __mulshisi3
                0x0000598c                __mulohisi3
 .text.libgcc.div
                0x00005994       0x28 c:/program files (x86)/atmel/studio/7.0/toolchain/avr8/avr8-gnu-toolchain/bin/../lib/gcc/avr/4.9.2/avr51\libgcc.a(_udivmodhi4.o)
                0x00005994                __udivmodhi4
 .text.libgcc.mul
                0x000059bc       0x14 c:/program files (x86)/atmel/studio/7.0/toolchain/avr8/avr8-gnu-toolchain/bin/../lib/gcc/avr/4.9.2/avr51\libgcc.a(_muluhisi3.o)
                0x000059bc                __muluhisi3
 .text.libgcc.mul
                0x000059d0       0x1e c:/program files (x86)/atmel/studio/7.0/toolchain/avr8/avr8-gnu-toolchain/bin/../lib/gcc/avr/4.9.2/avr51\libgcc.a(_umulhisi3.o)
                0x000059d0                __umulhisi3
 .text.avr-libc
                0x000059ee       0x10 c:/program files (x86)/atmel/studio/7.0/toolchain/avr8/avr8-gnu-toolchain/bin/../lib/gcc/avr/4.9.2/../../../../avr/lib/avr51\libatmega1284.a(eerd_byte.o)
                0x000059ee                eeprom_read_byte
 .text.avr-libc
                0x000059fe        0xa c:/program files (x86)/atmel/studio/7.0/toolchain/avr8/avr8-gnu-toolchain/bin/../lib/gcc/avr/4.9.2/../../../../avr/lib/avr51\libatmega1284.a(eerd_word.o)
                0x000059fe                eeprom_read_word
 .text.avr-libc
                0x00005a08       0x24 c:/program files (x86)/atmel/studio/7.0/toolchain/avr8/avr8-gnu-toolchain/bin/../lib/gcc/avr/4.9.2/../../../../avr/lib/avr51\libatmega1284.a(eeupd_byte.o)
                0x00005a08                eeprom_update_byte
                0x00005a0a                eeprom_update_r18
 .text.avr-libc
                0x00005a2c        0x8 c:/program files (x86)/atmel/studio/7.0/toolchain/avr8/avr8-gnu-toolchain/bin/../lib/gcc/avr/4.9.2/../../../../avr/lib/avr51\libatmega1284.a(eeupd_word.o)
                0x00005a2c                eeprom_update_word
 .text.avr-libc
                0x00005a34       0x20 c:/program files (x86)/atmel/studio/7.0/toolchain/avr8/avr8-gnu-toolchain/bin/../lib/gcc/avr/4.9.2/../../../../avr/lib/avr51\libatmega1284.a(eerd_block.o)
                0x00005a34                eeprom_read_block
                0x00005a38                eeprom_read_blraw
                0x00005a54                . = ALIGN (0x2)
 *(.fini9)
 .fini9         0x00005a54        0x0 c:/program files (x86)/atmel/studio/7.0/toolchain/avr8/avr8-gnu-toolchain/bin/../lib/gcc/avr/4.9.2/avr51\libgcc.a(_exit.o)
                0x00005a54                _exit
                0x00005a54                exit
 *(.fini9)
 *(.fini8)
 *(.fini8)
 *(.fini7)
 *(.fini7)
 *(.fini6)
 *(.fini6)
 *(.fini5)
 *(.fini5)
 *(.fini4)
 *(.fini4)
 *(.fini3)
 *(.fini3)
 *(.fini2)
 *(.fini2)
 *(.fini1)
 *(.fini1)
 *(.fini0)
 .fini0         0x00005a54        0x4 c:/program files (x86)/atmel/studio/7.0/toolchain/avr8/avr8-gnu-toolchain/bin/../lib/gcc/avr/4.9.2/avr51\libgcc.a(_exit.o)
 *(.fini0)
                0x00005a58                _etext = .

.data           0x00800100      0x79c load address 0x00005a58
                0x00800100                PROVIDE (__data_start, .)
 *(.data)
 *(.data*)
 .data._ZZN3Cio4LeftE12eValveStatesE4last
                0x00800100        0x2 Cio.o
 .data._ZZN3Cio5RightE12eValveStatesE4last
                0x00800102        0x2 Cio.o
 *(.rodata)
 *(.rodata*)
 .rodata.str1.1
                0x00800104      0x157 CController.o
                                0x159 (size before relaxing)
 .rodata._ZZN11CController13ScheduleEventE7eEventsE6events
                0x0080025b       0x16 CController.o
 .rodata.str1.1
                0x00800271       0x73 Cio.o
                                 0x78 (size before relaxing)
 .rodata.str1.1
                0x008002e4       0xdb corner.o
                                 0xdd (size before relaxing)
 .rodata._ZZN7CCorner8SetStateE7ValveOpE9StateStrs
                0x008003bf       0x10 corner.o
 .rodata._ZZN7CCorner8SetStateE7ValveOpE10CornerName
                0x008003cf        0x4 corner.o
 .rodata.str1.1
                0x008003d3      0x127 fsm/Camp.o
                                0x12c (size before relaxing)
 .rodata._ZZN7FsmCamp13SetPitchStateE13PitchStates_eE9StateStrs
                0x008004fa        0xc fsm/Camp.o
 .rodata._ZTT7FsmCamp
                0x00800506        0x4 fsm/Camp.o
                0x00800506                _ZTT7FsmCamp
 .rodata._ZTV7FsmCamp
                0x0080050a       0x1c fsm/Camp.o
                0x0080050a                _ZTV7FsmCamp
 .rodata.str1.1
                0x00800526       0x82 fsm/CampCal.o
                                 0x84 (size before relaxing)
 .rodata._ZTV10FSMCampCal
                0x008005a8        0xa fsm/CampCal.o
                0x008005a8                _ZTV10FSMCampCal
 .rodata.str1.1
                0x008005b2       0x6f fsm/ManualCal.o
                                 0x71 (size before relaxing)
 .rodata._ZTV9ManualCal
                0x00800621        0xa fsm/ManualCal.o
                0x00800621                _ZTV9ManualCal
 .rodata.str1.1
                0x0080062b       0x40 fsm/TravelCal.o
                                 0x66 (size before relaxing)
 .rodata._ZTV12FSMTravelCal
                0x0080066b        0xa fsm/TravelCal.o
                0x0080066b                _ZTV12FSMTravelCal
 .rodata.str1.1
                0x00800675       0x9d fsm/Manual.o
 .rodata._ZTV9FsmManual
                0x00800712        0xa fsm/Manual.o
                0x00800712                _ZTV9FsmManual
 .rodata.str1.1
                0x0080071c       0xa8 fsm/Travel.o
                                 0xb4 (size before relaxing)
 .rodata._ZTV9FsmTravel
                0x008007c4        0xa fsm/Travel.o
                0x008007c4                _ZTV9FsmTravel
 .rodata.str1.1
                0x008007ce       0x79 MicroLevel.o
                                 0x7b (size before relaxing)
 .rodata.str1.1
                0x00800847       0x13 CSerial.o
 .rodata.str1.1
                0x0080085a       0x42 MMA8451.o
                                 0x47 (size before relaxing)
 *(.gnu.linkonce.d*)
                0x0080089c                . = ALIGN (0x2)
                0x0080089c                _edata = .
                0x0080089c                PROVIDE (__data_end, .)

.bss            0x0080089c      0x8d9
                0x0080089c                PROVIDE (__bss_start, .)
 *(.bss)
 *(.bss*)
 .bss._ZZN7CSerial2isEvE6serial
                0x0080089c        0x2 CADC.o
                0x0080089c                _ZZN7CSerial2isEvE6serial
 .bss._ZGVZN7CSerial2isEvE6serial
                0x0080089e        0x8 CADC.o
                0x0080089e                _ZGVZN7CSerial2isEvE6serial
 .bss._ZZN11CController11ChangeStateE7eStates7eEventsE7entered
                0x008008a6        0x1 CController.o
 .bss._ZZN3Cio2isEvE1a
                0x008008a7       0x37 CController.o
                0x008008a7                _ZZN3Cio2isEvE1a
 .bss._ZZN5CLeds2isEvE3led
                0x008008de        0x4 CController.o
                0x008008de                _ZZN5CLeds2isEvE3led
 .bss._ZGVZN5CLeds2isEvE3led
                0x008008e2        0x8 CController.o
                0x008008e2                _ZGVZN5CLeds2isEvE3led
 .bss._ZGVZN3Cio2isEvE1a
                0x008008ea        0x8 CController.o
                0x008008ea                _ZGVZN3Cio2isEvE1a
 .bss._ZZN4CADC2isEvE1a
                0x008008f2        0x1 Cio.o
                0x008008f2                _ZZN4CADC2isEvE1a
 .bss._ZZN3Cio16CalibrateChangedEvE6OldCal
                0x008008f3        0x1 Cio.o
 .bss._ZZN3Cio13TravelChangedEvE15OldInsideTravel
                0x008008f4        0x1 Cio.o
 .bss._ZZN3Cio13TravelChangedEvE9OldTravel
                0x008008f5        0x1 Cio.o
 .bss._ZZN3Cio11CampChangedEvE13OldInsideCamp
                0x008008f6        0x1 Cio.o
 .bss._ZZN3Cio11CampChangedEvE7OldCamp
                0x008008f7        0x1 Cio.o
 .bss._ZZN3Cio13UpDownChangedEvE7olddown
                0x008008f8        0x1 Cio.o
 .bss._ZZN3Cio13UpDownChangedEvE5oldup
                0x008008f9        0x1 Cio.o
 .bss._ZZN3Cio21SteeringRemoteChangedEvE7OldPort
                0x008008fa        0x1 Cio.o
 .bss._ZZN3Cio20OutSideRemoteChangedEvE7OldPort
                0x008008fb        0x1 Cio.o
 .bss._ZZN3Cio13RockerChangedEvE11OldRockerUp
                0x008008fc        0x1 Cio.o
 .bss._ZZN3Cio13RockerChangedEvE13OldRockerDown
                0x008008fd        0x1 Cio.o
 .bss._ZN3Cio13ButtonChangedE
                0x008008fe        0x1 Cio.o
                0x008008fe                _ZN3Cio13ButtonChangedE
 .bss._ZN3Cio15IgnitionChangedE
                0x008008ff        0x1 Cio.o
                0x008008ff                _ZN3Cio15IgnitionChangedE
 .bss._ZGVZN4CADC2isEvE1a
                0x00800900        0x8 Cio.o
                0x00800900                _ZGVZN4CADC2isEvE1a
 .bss._ZN6CTimer8TimerTicE
                0x00800908        0x4 CTimer.o
                0x00800908                _ZN6CTimer8TimerTicE
 .bss._ZZN7FsmCamp12LevelMachineEvE13CompleteStart
                0x0080090c        0x4 fsm/Camp.o
 .bss._ZZN7FsmCamp12LevelMachineEvE7Current
                0x00800910        0x4 fsm/Camp.o
 .bss._ZZN8CMMA84512isEvE2me
                0x00800914        0x1 fsm/Camp.o
                0x00800914                _ZZN8CMMA84512isEvE2me
 .bss._ZZN3nvm2isEvE1a
                0x00800915        0xf fsm/Camp.o
                0x00800915                _ZZN3nvm2isEvE1a
 .bss._ZGVZN3nvm2isEvE1a
                0x00800924        0x8 fsm/Camp.o
                0x00800924                _ZGVZN3nvm2isEvE1a
 .bss._ZGVZN8CMMA84512isEvE2me
                0x0080092c        0x8 fsm/Camp.o
                0x0080092c                _ZGVZN8CMMA84512isEvE2me
 .bss._ZZN10FSMCampCal11HandleEventE7eEventsE6Active
                0x00800934        0x1 fsm/CampCal.o
 .bss._ZZN9ManualCal11HandleEventE7eEventsE6Active
                0x00800935        0x1 fsm/ManualCal.o
 .bss._ZZN12FSMTravelCal11HandleEventE7eEventsE6Active
                0x00800936        0x1 fsm/TravelCal.o
 .bss._ZL5RxBuf
                0x00800937       0x38 CSerial.o
 .bss._ZL5TxBuf
                0x0080096f      0x806 CSerial.o
 *(COMMON)
                0x00801175                PROVIDE (__bss_end, .)
                0x00005a58                __data_load_start = LOADADDR (.data)
                0x000061f4                __data_load_end = (__data_load_start + SIZEOF (.data))

.noinit         0x00801175        0x1
                [!provide]                PROVIDE (__noinit_start, .)
 *(.noinit*)
 .noinit        0x00801175        0x1 MicroLevel.o
                0x00801175                mcusr
                [!provide]                PROVIDE (__noinit_end, .)
                0x00801176                _end = .
                [!provide]                PROVIDE (__heap_start, .)

.eeprom         0x00810000        0xf
 *(.eeprom*)
 .eeprom        0x00810000        0xf nvm.o
                0x0081000f                __eeprom_end = .

.fuse
 *(.fuse)
 *(.lfuse)
 *(.hfuse)
 *(.efuse)

.lock
 *(.lock*)

.signature
 *(.signature*)

.user_signatures
 *(.user_signatures*)

.stab
 *(.stab)

.stabstr
 *(.stabstr)

.stab.excl
 *(.stab.excl)

.stab.exclstr
 *(.stab.exclstr)

.stab.index
 *(.stab.index)

.stab.indexstr
 *(.stab.indexstr)

.comment        0x00000000       0x30
 *(.comment)
 .comment       0x00000000       0x30 CADC.o
                                 0x31 (size before relaxing)
 .comment       0x00000030       0x31 CController.o
 .comment       0x00000030       0x31 Cio.o
 .comment       0x00000030       0x31 CLedDriver.o
 .comment       0x00000030       0x31 CLeds.o
 .comment       0x00000030       0x31 corner.o
 .comment       0x00000030       0x31 CTimer.o
 .comment       0x00000030       0x31 Debounced.o
 .comment       0x00000030       0x31 fsm/Camp.o
 .comment       0x00000030       0x31 fsm/CampCal.o
 .comment       0x00000030       0x31 fsm/ManualCal.o
 .comment       0x00000030       0x31 fsm/TravelCal.o
 .comment       0x00000030       0x31 fsm/Manual.o
 .comment       0x00000030       0x31 fsm/Travel.o
 .comment       0x00000030       0x31 i2cmaster.o
 .comment       0x00000030       0x31 MicroLevel.o
 .comment       0x00000030       0x31 CSerial.o
 .comment       0x00000030       0x31 MMA8451.o
 .comment       0x00000030       0x31 nvm.o

.note.gnu.avr.deviceinfo
                0x00000000       0x40
 .note.gnu.avr.deviceinfo
                0x00000000       0x40 c:/program files (x86)/atmel/studio/7.0/toolchain/avr8/avr8-gnu-toolchain/bin/../lib/gcc/avr/4.9.2/../../../../avr/lib/avr51/crtatmega1284.o

.note.gnu.build-id
 *(.note.gnu.build-id)

.debug
 *(.debug)

.line
 *(.line)

.debug_srcinfo
 *(.debug_srcinfo)

.debug_sfnames
 *(.debug_sfnames)

.debug_aranges
 *(.debug_aranges)

.debug_pubnames
 *(.debug_pubnames)

.debug_info     0x00000000      0x792
 *(.debug_info .gnu.linkonce.wi.*)
 .debug_info    0x00000000      0x792 c:/program files (x86)/atmel/studio/7.0/toolchain/avr8/avr8-gnu-toolchain/bin/../lib/gcc/avr/4.9.2/../../../../avr/lib/avr51/crtatmega1284.o

.debug_abbrev   0x00000000      0x729
 *(.debug_abbrev)
 .debug_abbrev  0x00000000      0x729 c:/program files (x86)/atmel/studio/7.0/toolchain/avr8/avr8-gnu-toolchain/bin/../lib/gcc/avr/4.9.2/../../../../avr/lib/avr51/crtatmega1284.o

.debug_line     0x00000000       0x1a
 *(.debug_line .debug_line.* .debug_line_end)
 .debug_line    0x00000000       0x1a c:/program files (x86)/atmel/studio/7.0/toolchain/avr8/avr8-gnu-toolchain/bin/../lib/gcc/avr/4.9.2/../../../../avr/lib/avr51/crtatmega1284.o

.debug_frame
 *(.debug_frame)

.debug_str      0x00000000      0x296
 *(.debug_str)
 .debug_str     0x00000000      0x296 c:/program files (x86)/atmel/studio/7.0/toolchain/avr8/avr8-gnu-toolchain/bin/../lib/gcc/avr/4.9.2/../../../../avr/lib/avr51/crtatmega1284.o

.debug_loc
 *(.debug_loc)

.debug_macinfo
 *(.debug_macinfo)

.debug_weaknames
 *(.debug_weaknames)

.debug_funcnames
 *(.debug_funcnames)

.debug_typenames
 *(.debug_typenames)

.debug_varnames
 *(.debug_varnames)

.debug_pubtypes
 *(.debug_pubtypes)

.debug_ranges
 *(.debug_ranges)

.debug_macro
 *(.debug_macro)
OUTPUT(MicroLevel.elf elf32-avr)
LOAD linker stubs
